CALL -8,-8 took=932.428329ms
CALL -7,-8 took=140.030157ms
CALL -6,-8 took=118.760646ms
CALL -5,-8 took=134.677848ms
CALL -4,-8 took=106.455277ms
CALL -3,-8 took=105.708096ms
CALL -2,-8 took=229.139662ms
CALL -1,-8 took=118.594183ms
CALL 0,-8 took=143.492881ms
CALL 1,-8 took=194.677438ms
CALL 2,-8 took=161.072762ms
CALL 3,-8 took=112.358178ms
CALL 4,-8 took=118.270096ms
CALL 5,-8 took=127.238566ms
CALL 6,-8 took=111.142989ms
CALL 7,-8 took=96.939109ms
CALL -8,-7 took=115.693944ms
CALL -7,-7 took=37.097186ms
CALL -6,-7 took=38.780683ms
CALL -5,-7 took=54.333933ms
CALL -4,-7 took=52.57807ms
CALL -3,-7 took=53.924535ms
CALL -2,-7 took=47.953326ms
CALL -1,-7 took=37.907325ms
CALL 0,-7 took=40.29299ms
CALL 1,-7 took=37.356963ms
CALL 2,-7 took=38.095408ms
CALL 3,-7 took=39.485525ms
CALL 4,-7 took=37.522524ms
CALL 5,-7 took=41.31169ms
CALL 6,-7 took=48.236146ms
CALL 7,-7 took=43.14045ms
CALL -8,-6 took=94.254564ms
CALL -7,-6 took=39.496656ms
CALL -6,-6 took=32.552372ms
CALL -5,-6 took=32.00763ms
CALL -4,-6 took=29.862768ms
CALL -3,-6 took=35.080844ms
CALL -2,-6 took=38.266649ms
CALL -1,-6 took=32.504112ms
CALL 0,-6 took=31.750578ms
CALL 1,-6 took=41.69599ms
CALL 2,-6 took=40.125785ms
CALL 3,-6 took=43.410606ms
CALL 4,-6 took=41.479935ms
CALL 5,-6 took=50.319174ms
CALL 6,-6 took=38.183573ms
CALL 7,-6 took=41.170556ms
CALL -8,-5 took=152.430493ms
CALL -7,-5 took=44.86284ms
CALL -6,-5 took=34.068475ms
CALL -5,-5 took=37.05636ms
CALL -4,-5 took=36.216153ms
CALL -3,-5 took=73.481595ms
CALL -2,-5 took=39.367393ms
CALL -1,-5 took=46.660492ms
CALL 0,-5 took=33.909327ms
CALL 1,-5 took=42.661892ms
CALL 2,-5 took=37.586544ms
CALL 3,-5 took=47.06438ms
CALL 4,-5 took=38.249778ms
CALL 5,-5 took=42.414478ms
CALL 6,-5 took=36.486631ms
CALL 7,-5 took=45.590886ms
CALL -8,-4 took=96.636442ms
CALL -7,-4 took=45.967162ms
CALL -6,-4 took=36.862275ms
CALL -5,-4 took=36.830185ms
CALL -4,-4 took=8.326807ms
CALL -3,-4 took=11.732985ms
CALL -2,-4 took=9.57084ms
CALL -1,-4 took=14.920123ms
CALL 0,-4 took=13.833354ms
CALL 1,-4 took=40.573476ms
CALL 2,-4 took=48.608155ms
CALL 3,-4 took=37.452663ms
CALL 4,-4 took=36.721762ms
CALL 5,-4 took=35.641906ms
CALL 6,-4 took=37.948191ms
CALL 7,-4 took=35.113094ms
CALL -8,-3 took=104.005913ms
CALL -7,-3 took=45.538147ms
CALL -6,-3 took=31.597371ms
CALL -5,-3 took=40.765917ms
CALL -4,-3 took=13.225805ms
CALL -3,-3 took=11.747863ms
CALL -2,-3 took=9.95961ms
CALL -1,-3 took=10.033698ms
CALL 0,-3 took=8.345341ms
CALL 1,-3 took=39.011686ms
CALL 2,-3 took=45.669764ms
CALL 3,-3 took=39.415233ms
CALL 4,-3 took=40.03193ms
CALL 5,-3 took=39.959193ms
CALL 6,-3 took=39.743319ms
CALL 7,-3 took=39.795527ms
CALL -8,-2 took=98.742221ms
CALL -7,-2 took=37.738188ms
CALL -6,-2 took=40.216155ms
CALL -5,-2 took=33.087395ms
CALL -4,-2 took=10.630788ms
CALL -3,-2 took=15.273366ms
CALL -2,-2 took=2.277652ms
CALL -1,-2 took=2.944262ms
CALL 0,-2 took=2.269306ms
CALL 1,-2 took=43.27918ms
CALL 2,-2 took=38.025056ms
CALL 3,-2 took=37.860458ms
CALL 4,-2 took=41.105373ms
CALL 5,-2 took=46.758266ms
CALL 6,-2 took=42.008587ms
CALL 7,-2 took=38.125654ms
CALL -8,-1 took=96.997198ms
CALL -7,-1 took=43.388876ms
CALL -6,-1 took=31.392306ms
CALL -5,-1 took=31.889108ms
CALL -4,-1 took=7.212677ms
CALL -3,-1 took=11.568937ms
CALL -2,-1 took=2.533923ms
CALL -1,-1 took=1.786511ms
CALL 0,-1 took=1.484214ms
CALL 1,-1 took=46.357012ms
CALL 2,-1 took=43.8764ms
CALL 3,-1 took=45.999542ms
CALL 4,-1 took=42.489118ms
CALL 5,-1 took=50.845992ms
CALL 6,-1 took=40.608691ms
CALL 7,-1 took=38.690794ms
CALL -8,0 took=96.330868ms
CALL -7,0 took=47.568825ms
CALL -6,0 took=30.120841ms
CALL -5,0 took=35.564962ms
CALL -4,0 took=10.053606ms
CALL -3,0 took=8.873432ms
CALL -2,0 took=2.217589ms
CALL -1,0 took=1.406207ms
CALL 0,0 took=0.033804ms
CALL 1,0 took=36.466803ms
CALL 2,0 took=37.573659ms
CALL 3,0 took=38.424495ms
CALL 4,0 took=51.167234ms
CALL 5,0 took=39.177938ms
CALL 6,0 took=41.153864ms
CALL 7,0 took=43.724175ms
CALL -8,1 took=99.633062ms
CALL -7,1 took=54.933348ms
CALL -6,1 took=36.609952ms
CALL -5,1 took=51.349366ms
CALL -4,1 took=41.198558ms
CALL -3,1 took=36.792905ms
CALL -2,1 took=35.38259ms
CALL -1,1 took=36.083945ms
CALL 0,1 took=37.033366ms
CALL 1,1 took=37.094952ms
CALL 2,1 took=37.914729ms
CALL 3,1 took=41.409222ms
CALL 4,1 took=41.624527ms
CALL 5,1 took=46.916382ms
CALL 6,1 took=52.507759ms
CALL 7,1 took=39.145327ms
CALL -8,2 took=119.913949ms
CALL -7,2 took=41.893701ms
CALL -6,2 took=43.735106ms
CALL -5,2 took=41.020864ms
CALL -4,2 took=44.418466ms
CALL -3,2 took=42.054353ms
CALL -2,2 took=58.40079ms
CALL -1,2 took=49.308328ms
CALL 0,2 took=48.149515ms
CALL 1,2 took=53.508154ms
CALL 2,2 took=49.279794ms
CALL 3,2 took=52.691072ms
CALL 4,2 took=46.714493ms
CALL 5,2 took=46.235835ms
CALL 6,2 took=46.879983ms
CALL 7,2 took=42.854303ms
CALL -8,3 took=109.930023ms
CALL -7,3 took=38.84306ms
CALL -6,3 took=37.850809ms
CALL -5,3 took=44.737655ms
CALL -4,3 took=38.803957ms
CALL -3,3 took=39.846762ms
CALL -2,3 took=56.261268ms
CALL -1,3 took=44.519988ms
CALL 0,3 took=40.171953ms
CALL 1,3 took=41.152341ms
CALL 2,3 took=52.691032ms
CALL 3,3 took=39.50929ms
CALL 4,3 took=38.28854ms
CALL 5,3 took=38.119653ms
CALL 6,3 took=36.716622ms
CALL 7,3 took=47.785582ms
CALL -8,4 took=147.609872ms
CALL -7,4 took=45.597358ms
CALL -6,4 took=47.247122ms
CALL -5,4 took=38.234288ms
CALL -4,4 took=43.438138ms
CALL -3,4 took=36.048279ms
CALL -2,4 took=43.046754ms
CALL -1,4 took=47.486071ms
CALL 0,4 took=38.895689ms
CALL 1,4 took=41.5887ms
CALL 2,4 took=42.857449ms
CALL 3,4 took=46.507645ms
CALL 4,4 took=45.165909ms
CALL 5,4 took=37.486155ms
CALL 6,4 took=34.191136ms
CALL 7,4 took=38.558596ms
CALL -8,5 took=79.294457ms
CALL -7,5 took=38.179085ms
CALL -6,5 took=37.23802ms
CALL -5,5 took=46.542581ms
CALL -4,5 took=35.249129ms
CALL -3,5 took=36.796713ms
CALL -2,5 took=40.488927ms
CALL -1,5 took=37.034047ms
CALL 0,5 took=42.069121ms
CALL 1,5 took=53.377329ms
CALL 2,5 took=36.290894ms
CALL 3,5 took=37.442403ms
CALL 4,5 took=39.055118ms
CALL 5,5 took=46.93165ms
CALL 6,5 took=35.50536ms
CALL 7,5 took=49.074389ms
CALL -8,6 took=123.555839ms
CALL -7,6 took=37.495864ms
CALL -6,6 took=44.361109ms
CALL -5,6 took=45.724205ms
CALL -4,6 took=52.320487ms
CALL -3,6 took=45.158004ms
CALL -2,6 took=44.2975ms
CALL -1,6 took=35.302309ms
CALL 0,6 took=36.811039ms
CALL 1,6 took=44.447191ms
CALL 2,6 took=39.387482ms
CALL 3,6 took=41.390999ms
CALL 4,6 took=38.161672ms
CALL 5,6 took=38.740167ms
CALL 6,6 took=37.225937ms
CALL 7,6 took=33.232908ms
CALL -8,7 took=112.437697ms
CALL -7,7 took=39.212884ms
CALL -6,7 took=34.937145ms
CALL -5,7 took=46.821654ms
CALL -4,7 took=35.192103ms
CALL -3,7 took=36.882132ms
CALL -2,7 took=37.469344ms
CALL -1,7 took=46.945827ms
CALL 0,7 took=38.287478ms
CALL 1,7 took=46.354318ms
CALL 2,7 took=39.213405ms
CALL 3,7 took=60.345017ms
CALL 4,7 took=36.826388ms
CALL 5,7 took=38.999523ms
CALL 6,7 took=37.974601ms
CALL 7,7 took=49.219682ms
