19 DISPATCH -24,-24
19 DISPATCH -24,-7
19 DISPATCH -24,10
22 DISPATCH 10,-7
20 DISPATCH -7,-24
20 DISPATCH -7,-7
20 DISPATCH -7,10
21 DISPATCH 10,-24
27 DISPATCH 10,10
7903 COMPLETE -7,-7
8047 COMPLETE -7,10
8047 DISPATCH -7,11
8047 DISPATCH -7,-6
8047 COMPLETE 10,-7
8048 DISPATCH 11,-7
8048 COMPLETE 10,10
8049 DISPATCH 10,11
8049 COMPLETE -24,-24
8050 COMPLETE -24,-7
8050 DISPATCH -24,-23
8051 COMPLETE -24,10
8051 DISPATCH -24,-6
8051 DISPATCH -24,11
8062 COMPLETE -7,-24
8062 DISPATCH -7,-23
8067 COMPLETE 10,-24
8067 DISPATCH 11,-24
8923 COMPLETE -7,-6
8923 DISPATCH -6,-6
8924 COMPLETE -24,-23
8924 COMPLETE -24,-6
8924 DISPATCH -24,-22
8950 COMPLETE -7,-23
8950 DISPATCH -6,-24
8950 COMPLETE -7,11
8951 DISPATCH -7,12
8951 COMPLETE 11,-7
8951 DISPATCH 11,-6
8971 COMPLETE 10,11
8971 DISPATCH 10,12
8976 COMPLETE -24,11
8977 DISPATCH -24,-5
8977 DISPATCH -24,12
9006 COMPLETE 11,-24
9007 DISPATCH 11,-23
9501 COMPLETE -6,-6
9501 DISPATCH -7,-5
9646 COMPLETE -24,-22
9646 DISPATCH -23,-24
9786 COMPLETE -6,-24
9786 DISPATCH -6,-23
9792 COMPLETE -24,-5
9792 COMPLETE -7,12
9792 DISPATCH -7,13
9792 COMPLETE 11,-23
9793 DISPATCH 12,-24
9814 COMPLETE 11,-6
9815 DISPATCH 10,-6
9939 COMPLETE 10,12
9940 DISPATCH 10,13
9947 COMPLETE -24,12
9947 DISPATCH -24,-4
9947 DISPATCH -24,13
10123 COMPLETE -7,-5
10123 DISPATCH -7,-4
10328 COMPLETE -23,-24
10329 DISPATCH -24,-21
10329 COMPLETE -6,-23
10329 DISPATCH -7,-22
10500 COMPLETE 10,-6
10500 DISPATCH 10,-5
10639 COMPLETE -7,13
10639 DISPATCH -7,14
10639 COMPLETE 12,-24
10639 DISPATCH 10,-23
10699 COMPLETE -24,-4
10806 COMPLETE 10,13
10806 DISPATCH 10,14
10807 COMPLETE -24,13
10807 DISPATCH -24,-3
10807 DISPATCH -24,14
10823 COMPLETE -7,-4
10823 DISPATCH -7,-3
10872 COMPLETE -24,-21
10873 DISPATCH -24,-20
10873 COMPLETE -7,-22
10873 DISPATCH -7,-21
11371 COMPLETE 10,-5
11371 DISPATCH 10,-4
11377 COMPLETE 10,-23
11378 DISPATCH 10,-22
11470 COMPLETE -7,14
11470 DISPATCH -7,15
11511 COMPLETE -24,-3
11533 COMPLETE -7,-3
11534 DISPATCH -23,-3
11552 COMPLETE -24,14
11552 DISPATCH -24,15
11597 COMPLETE 10,14
11597 DISPATCH 10,15
11597 COMPLETE -24,-20
11598 COMPLETE -7,-21
11598 DISPATCH -23,-23
11952 COMPLETE 10,-4
11952 DISPATCH -6,-5
11952 DISPATCH 11,-5
11952 COMPLETE 10,-22
11952 DISPATCH -6,-22
11952 DISPATCH 11,-22
12121 COMPLETE -23,-3
12121 DISPATCH -24,-2
12122 COMPLETE -7,15
12122 DISPATCH -7,16
12148 COMPLETE -23,-23
12148 DISPATCH -24,-19
12197 COMPLETE -24,15
12198 DISPATCH -24,16
12198 COMPLETE 10,15
12198 DISPATCH 10,16
12256 COMPLETE -6,-5
12256 DISPATCH -7,-2
12278 COMPLETE 11,-22
12278 DISPATCH 12,-23
12304 COMPLETE -6,-22
12305 DISPATCH -7,-20
12506 COMPLETE 11,-5
12506 DISPATCH 10,-3
12891 COMPLETE -24,-2
12891 DISPATCH -24,-1
12892 COMPLETE -24,-19
12892 DISPATCH -24,-18
12923 COMPLETE -7,16
12923 DISPATCH -7,17
13003 COMPLETE -24,16
13003 DISPATCH -24,17
13003 COMPLETE -7,-2
13003 DISPATCH -7,-1
13007 COMPLETE 10,16
13008 DISPATCH 10,17
13156 COMPLETE -7,-20
13156 DISPATCH -7,-19
13187 COMPLETE 12,-23
13188 DISPATCH 10,-21
13282 COMPLETE 10,-3
13283 DISPATCH 10,-2
13680 COMPLETE -24,-18
13791 COMPLETE -24,-1
13792 DISPATCH -24,-17
13792 DISPATCH -24,0
13797 COMPLETE -7,-1
13797 DISPATCH -7,0
13858 COMPLETE -7,17
13859 DISPATCH -7,18
13859 COMPLETE -7,-19
13859 DISPATCH -7,-18
13859 COMPLETE -24,17
13860 DISPATCH -24,18
13880 COMPLETE 10,-21
13880 DISPATCH 10,-20
13881 COMPLETE 10,17
13881 DISPATCH 10,18
14001 COMPLETE 10,-2
14001 DISPATCH 10,-1
14542 COMPLETE -24,-17
14728 COMPLETE -7,0
14728 DISPATCH -7,1
14744 COMPLETE -24,0
14744 DISPATCH -24,-16
14744 DISPATCH -24,1
14744 COMPLETE -7,-18
14745 DISPATCH -7,-17
14745 COMPLETE 10,-20
14746 DISPATCH 10,-19
14759 COMPLETE -7,18
14760 DISPATCH -7,19
14764 COMPLETE -24,18
14764 DISPATCH -24,19
14764 COMPLETE 10,18
14764 DISPATCH 10,19
14765 COMPLETE 10,-1
14765 DISPATCH 10,0
15549 COMPLETE -7,1
15549 DISPATCH -7,2
15816 COMPLETE -24,-16
15816 COMPLETE -7,-17
15816 DISPATCH -23,-22
15817 COMPLETE -24,1
15817 DISPATCH -24,2
15817 COMPLETE 10,-19
15817 DISPATCH -6,-21
15817 DISPATCH 11,-21
15832 COMPLETE 10,0
15833 DISPATCH 10,1
15839 COMPLETE -24,19
15839 DISPATCH -24,20
15842 COMPLETE -7,19
15842 DISPATCH -7,20
15843 COMPLETE 10,19
15843 DISPATCH 10,20
15986 COMPLETE -7,2
15987 DISPATCH -7,3
16466 COMPLETE -23,-22
16466 DISPATCH -24,-15
16466 COMPLETE -6,-21
16467 DISPATCH -7,-16
16467 COMPLETE 11,-21
16467 DISPATCH 10,-18
16546 COMPLETE 10,1
16546 DISPATCH 10,2
16706 COMPLETE -24,2
16707 DISPATCH -24,3
16716 COMPLETE -24,20
16716 DISPATCH -24,21
16717 COMPLETE -7,20
16717 DISPATCH -7,21
16763 COMPLETE 10,20
16763 DISPATCH 10,21
16884 COMPLETE -7,3
16885 DISPATCH -7,4
17346 COMPLETE -24,-15
17347 DISPATCH -24,-14
17468 COMPLETE -7,-16
17469 DISPATCH -7,-15
17721 COMPLETE 10,-18
17722 DISPATCH 10,-17
17722 COMPLETE 10,2
17722 DISPATCH 10,3
17723 COMPLETE -24,3
17723 DISPATCH -24,4
17823 COMPLETE -7,4
17894 COMPLETE -24,21
17894 DISPATCH -24,22
17894 COMPLETE -7,21
17894 DISPATCH -7,5
17894 DISPATCH -7,22
18071 COMPLETE 10,21
18071 DISPATCH 10,22
18403 COMPLETE -24,-14
18403 DISPATCH -24,-13
18403 COMPLETE -7,-15
18404 DISPATCH -7,-14
18481 COMPLETE -24,4
18481 DISPATCH -24,5
18481 COMPLETE 10,-17
18481 DISPATCH 10,-16
18500 COMPLETE 10,3
18500 DISPATCH 10,4
18500 COMPLETE -7,5
18946 COMPLETE -24,22
18946 DISPATCH -24,23
19025 COMPLETE -24,-13
19025 DISPATCH -24,-12
19049 COMPLETE -7,22
19049 DISPATCH -7,6
19049 DISPATCH -7,23
19109 COMPLETE -7,-14
19109 DISPATCH -7,-13
19110 COMPLETE -24,5
19110 DISPATCH -24,6
19135 COMPLETE 10,4
19135 DISPATCH 10,5
19135 COMPLETE 10,22
19136 DISPATCH 10,23
19277 COMPLETE 10,-16
19277 DISPATCH 10,-15
19354 COMPLETE -7,6
19487 COMPLETE -24,6
19488 DISPATCH -23,5
19535 COMPLETE -24,-12
19585 COMPLETE -7,-13
19585 DISPATCH -23,-21
19756 COMPLETE 10,5
19757 DISPATCH -6,2
19757 DISPATCH 11,2
19858 COMPLETE -24,23
19919 COMPLETE -7,23
19919 DISPATCH -23,22
19919 COMPLETE 10,-15
19920 DISPATCH -6,-20
19920 DISPATCH 11,-20
20124 COMPLETE 10,23
20124 DISPATCH -6,19
20124 DISPATCH 11,19
20126 COMPLETE -23,-21
20126 DISPATCH -23,-20
20246 COMPLETE -23,5
20246 DISPATCH -23,-2
20325 COMPLETE -6,2
20325 DISPATCH -6,-3
20491 COMPLETE 11,2
20491 DISPATCH 11,-3
20491 COMPLETE -23,22
20492 DISPATCH -23,15
20501 COMPLETE -6,-20
20502 COMPLETE 11,-20
20502 DISPATCH -5,-24
20502 DISPATCH 12,-22
20633 COMPLETE -6,19
20633 DISPATCH -6,14
20633 COMPLETE -23,-20
20634 DISPATCH -23,-19
20705 COMPLETE -6,-3
20705 DISPATCH -6,-7
20707 COMPLETE 11,19
20707 DISPATCH 11,14
20799 COMPLETE -23,-2
20878 COMPLETE 11,-3
20878 DISPATCH 11,-4
21003 COMPLETE -23,15
21003 DISPATCH -24,7
21046 COMPLETE -5,-24
21052 COMPLETE 12,-22
21052 DISPATCH -4,-24
21052 DISPATCH 13,-24
21052 COMPLETE 11,-4
21052 DISPATCH 12,-7
21065 COMPLETE -23,-19
21065 DISPATCH -24,-11
21065 COMPLETE -6,14
21065 DISPATCH -6,10
21065 COMPLETE -6,-7
21065 DISPATCH -5,-7
21106 COMPLETE 11,14
21106 DISPATCH 11,10
21155 COMPLETE -24,7
21156 DISPATCH -24,8
21367 COMPLETE -24,-11
21367 DISPATCH -24,-10
21608 COMPLETE -24,8
21608 DISPATCH -24,9
21712 COMPLETE -4,-24
21733 COMPLETE -6,10
21733 DISPATCH -6,11
21737 COMPLETE -5,-7
21737 DISPATCH -7,-12
21738 COMPLETE 13,-24
21738 DISPATCH 14,-24
21739 COMPLETE -24,9
21739 DISPATCH -23,7
21739 COMPLETE 12,-7
21739 DISPATCH 13,-7
21739 COMPLETE -24,-10
21740 COMPLETE 11,10
21740 DISPATCH 11,11
21823 COMPLETE -6,11
21823 DISPATCH -6,5
21823 DISPATCH -6,22
21931 COMPLETE 11,11
21931 DISPATCH 11,12
22087 COMPLETE -7,-12
22088 DISPATCH -23,-18
22088 DISPATCH -6,-19
22105 COMPLETE -23,7
22105 DISPATCH -23,-1
22105 DISPATCH -23,16
22105 COMPLETE 11,12
22105 DISPATCH 11,13
22136 COMPLETE 14,-24
22136 DISPATCH 15,-24
22187 COMPLETE 13,-7
22188 DISPATCH 12,-6
22197 COMPLETE 11,13
22197 DISPATCH 11,15
22230 COMPLETE -6,5
22230 DISPATCH -6,-2
22293 COMPLETE -6,22
22293 DISPATCH -6,15
22293 COMPLETE -23,16
22293 DISPATCH -23,17
22294 COMPLETE 11,15
22294 DISPATCH 11,16
22323 COMPLETE -23,-18
22351 COMPLETE -6,-19
22352 DISPATCH -22,-24
22352 DISPATCH -5,-23
22353 COMPLETE -23,-1
22353 DISPATCH -23,-7
22355 COMPLETE -6,-2
22355 DISPATCH -6,-4
22459 COMPLETE -6,15
22459 DISPATCH -6,13
22459 COMPLETE 11,16
22459 DISPATCH 11,17
22467 COMPLETE 12,-6
22468 DISPATCH 11,-2
22497 COMPLETE -6,-4
22516 COMPLETE 15,-24
22517 DISPATCH 12,-21
22517 COMPLETE -23,17
22517 DISPATCH -23,10
22530 COMPLETE -6,13
22530 DISPATCH -6,-1
22530 DISPATCH -6,16
22540 COMPLETE 11,17
22540 DISPATCH 11,18
22635 COMPLETE 11,-2
22635 DISPATCH 11,-1
22651 COMPLETE -5,-23
22652 DISPATCH -5,-22
22652 COMPLETE 11,18
22652 DISPATCH 11,20
22661 COMPLETE -22,-24
22661 COMPLETE -23,-7
22661 DISPATCH -24,-9
22661 COMPLETE -6,-1
22706 COMPLETE -6,16
22707 DISPATCH -6,0
22707 DISPATCH -6,17
22737 COMPLETE 11,-1
22737 DISPATCH 11,0
22737 COMPLETE -24,-9
22737 DISPATCH -24,-8
22750 COMPLETE -23,10
22750 DISPATCH -23,9
22751 COMPLETE -6,0
22753 COMPLETE -6,17
22753 DISPATCH -6,1
22753 DISPATCH -6,18
22754 COMPLETE 12,-21
22754 DISPATCH 12,-20
22779 COMPLETE -5,-22
22779 DISPATCH -6,-18
22780 COMPLETE 11,0
22780 DISPATCH 11,1
22782 COMPLETE -24,-8
22782 DISPATCH -23,-17
22789 COMPLETE -23,9
22789 DISPATCH -23,0
22789 DISPATCH -23,18
22789 COMPLETE -6,1
22789 COMPLETE -6,18
22789 DISPATCH -6,3
22789 DISPATCH -6,20
22790 COMPLETE 11,20
22790 DISPATCH 11,21
22791 COMPLETE 11,1
22791 DISPATCH 11,3
22822 COMPLETE -6,3
22839 COMPLETE -6,20
22839 DISPATCH -6,4
22840 DISPATCH -6,21
22908 COMPLETE -23,18
22909 DISPATCH -23,19
22909 COMPLETE 12,-20
22909 DISPATCH 11,-19
22909 COMPLETE -6,4
22909 COMPLETE -6,21
22909 DISPATCH -6,6
22909 DISPATCH -6,23
22942 COMPLETE -23,-17
22948 COMPLETE 11,3
22948 DISPATCH 11,4
22948 COMPLETE -6,-18
22948 DISPATCH -22,-23
22949 COMPLETE 11,21
22949 DISPATCH 11,22
22956 COMPLETE -23,0
22957 DISPATCH -23,-6
22977 COMPLETE -23,19
22978 DISPATCH -23,11
22978 COMPLETE -6,6
23049 COMPLETE -23,-6
23049 DISPATCH -22,-6
23070 COMPLETE 11,-19
23070 DISPATCH -5,-21
23070 DISPATCH 12,-19
23070 COMPLETE 11,4
23071 DISPATCH -5,-4
23071 DISPATCH 12,-2
23071 COMPLETE -6,23
23071 COMPLETE -22,-23
23071 COMPLETE -23,11
23072 DISPATCH -23,12
23311 COMPLETE -23,12
23311 DISPATCH -23,13
23312 COMPLETE 11,22
23312 DISPATCH -5,13
23312 DISPATCH 12,15
23319 COMPLETE -22,-6
23319 DISPATCH -23,-16
23375 COMPLETE -5,-4
23376 COMPLETE -5,-21
23376 DISPATCH -6,-17
23384 COMPLETE 12,-19
23384 DISPATCH 13,-23
23397 COMPLETE -23,13
23397 DISPATCH -23,1
23397 DISPATCH -23,20
23400 COMPLETE 12,-2
23401 DISPATCH 12,-5
23537 COMPLETE -23,20
23537 DISPATCH -23,21
23598 COMPLETE -23,1
23598 DISPATCH -23,2
23598 COMPLETE -5,13
23598 DISPATCH -6,7
23601 COMPLETE 12,-5
23601 DISPATCH 12,-4
23651 COMPLETE -23,21
23651 DISPATCH -23,23
23651 COMPLETE -23,-16
23651 DISPATCH -23,-15
23679 COMPLETE -6,-17
23679 DISPATCH -6,-16
23679 COMPLETE 13,-23
23679 DISPATCH 13,-22
23684 COMPLETE 12,-4
23684 DISPATCH 12,-3
23684 COMPLETE 12,15
23685 DISPATCH 11,23
23700 COMPLETE -23,2
23700 DISPATCH -23,3
23701 COMPLETE -6,7
23701 DISPATCH -6,8
23748 COMPLETE 12,-3
23748 DISPATCH 11,5
23759 COMPLETE -6,8
23759 DISPATCH -6,9
23760 COMPLETE -23,3
23761 DISPATCH -23,4
23782 COMPLETE -23,23
23783 COMPLETE -23,-15
23783 DISPATCH -23,-14
23783 COMPLETE 13,-22
23783 DISPATCH 11,-18
23783 COMPLETE -6,-16
23784 DISPATCH -6,-15
23784 COMPLETE -6,9
23785 DISPATCH -22,21
23794 COMPLETE -23,4
23794 DISPATCH -22,3
23794 COMPLETE 11,23
23794 DISPATCH -5,22
23794 DISPATCH 12,22
24011 COMPLETE 11,5
24011 DISPATCH -5,2
24012 DISPATCH 12,-1
24265 COMPLETE -6,-15
24298 COMPLETE 11,-18
24298 DISPATCH -5,-20
24298 DISPATCH 12,-18
24299 COMPLETE -23,-14
24299 DISPATCH -22,-22
24327 COMPLETE -22,21
24327 DISPATCH -22,20
24330 COMPLETE -22,3
24330 DISPATCH -23,-5
24330 COMPLETE -5,22
24330 DISPATCH -5,19
24331 COMPLETE 12,22
24331 DISPATCH 12,16
24426 COMPLETE -23,-5
24426 DISPATCH -23,-4
24511 COMPLETE -5,2
24511 DISPATCH -5,-3
24511 COMPLETE 12,-1
24511 DISPATCH 13,-1
24593 COMPLETE -23,-4
24593 DISPATCH -22,-5
24603 COMPLETE 12,16
24604 DISPATCH 12,17
24604 COMPLETE 12,-18
24604 DISPATCH 13,-21
24604 COMPLETE -22,-22
24608 COMPLETE -5,-20
24608 DISPATCH -21,-24
24608 DISPATCH -4,-23
24608 COMPLETE -22,20
24609 DISPATCH -23,14
24610 COMPLETE -5,19
24610 DISPATCH -5,14
24769 COMPLETE -23,14
24769 DISPATCH -22,12
24780 COMPLETE -5,-3
24780 DISPATCH -5,-6
24928 COMPLETE 12,17
24929 DISPATCH 12,18
24929 COMPLETE -5,14
24929 DISPATCH -5,11
24929 COMPLETE -22,-5
24929 DISPATCH -22,-7
24951 COMPLETE -5,-6
24951 DISPATCH -4,-6
24960 COMPLETE 13,-1
24960 DISPATCH 13,-4
24964 COMPLETE 13,-21
24964 DISPATCH 14,-23
24965 COMPLETE -21,-24
24965 COMPLETE -4,-23
24965 DISPATCH -20,-24
24965 DISPATCH -3,-24
25125 COMPLETE 12,18
25125 DISPATCH 12,13
25404 COMPLETE -22,12
25405 DISPATCH -22,10
25410 COMPLETE -5,11
25410 DISPATCH -5,12
25414 COMPLETE -22,-7
25414 DISPATCH -21,-7
25425 COMPLETE 13,-4
25425 DISPATCH 13,-6
25425 COMPLETE -4,-6
25425 DISPATCH -4,-7
25446 COMPLETE -20,-24
25447 COMPLETE -3,-24
25447 DISPATCH -19,-24
25495 COMPLETE 14,-23
25495 DISPATCH -2,-24
25495 DISPATCH 15,-23
25495 COMPLETE -5,12
25495 DISPATCH -5,10
25506 COMPLETE 13,-6
25506 DISPATCH 13,-5
25633 COMPLETE 12,13
25633 DISPATCH 12,12
25634 COMPLETE 13,-5
25634 DISPATCH 14,-6
25792 COMPLETE -22,10
25792 DISPATCH -22,11
25796 COMPLETE -21,-7
25865 COMPLETE -4,-7
25865 DISPATCH -20,-7
25865 DISPATCH -3,-7
25931 COMPLETE -19,-24
25956 COMPLETE -22,11
25956 DISPATCH -22,13
25985 COMPLETE -2,-24
25985 DISPATCH -18,-24
25985 COMPLETE -5,10
25986 DISPATCH -5,15
26031 COMPLETE 15,-23
26031 DISPATCH -1,-24
26031 DISPATCH 16,-24
26166 COMPLETE 12,12
26166 DISPATCH 12,11
26346 COMPLETE -5,15
26347 DISPATCH -5,16
26350 COMPLETE 14,-6
26350 DISPATCH 14,-7
26411 COMPLETE -20,-7
26411 DISPATCH -22,-4
26493 COMPLETE -3,-7
26493 DISPATCH -5,-5
26534 COMPLETE -22,13
26534 DISPATCH -22,14
26534 COMPLETE -18,-24
26534 DISPATCH -22,-21
26632 COMPLETE -5,-5
26632 DISPATCH -5,-2
26632 COMPLETE -1,-24
26632 DISPATCH -5,-19
26632 COMPLETE -5,16
26633 DISPATCH -5,17
26633 COMPLETE 12,11
26633 DISPATCH 12,10
26656 COMPLETE 16,-24
26656 DISPATCH 17,-24
26724 COMPLETE -5,17
26724 DISPATCH -5,18
26724 COMPLETE -22,14
26724 DISPATCH -22,15
26736 COMPLETE 14,-7
26736 DISPATCH 15,-7
26738 COMPLETE -5,-2
26738 DISPATCH -5,-1
26739 COMPLETE -22,-21
26741 COMPLETE -5,18
26741 DISPATCH -5,20
26742 COMPLETE -22,-4
26742 DISPATCH -23,-13
26847 COMPLETE -5,20
26848 DISPATCH -5,21
26848 COMPLETE -5,-19
26849 DISPATCH -5,-18
26882 COMPLETE -5,-1
26882 DISPATCH -5,0
26936 COMPLETE 12,10
26936 DISPATCH 12,14
26952 COMPLETE -22,15
26953 DISPATCH -23,6
26953 DISPATCH -22,23
26953 COMPLETE -5,21
26953 DISPATCH -5,23
27013 COMPLETE -5,0
27013 COMPLETE -23,-13
27013 DISPATCH -5,1
27014 DISPATCH -23,-12
27027 COMPLETE 17,-24
27027 DISPATCH 18,-24
27027 COMPLETE 12,14
27027 DISPATCH 12,19
27027 COMPLETE -23,6
27027 DISPATCH -22,5
27028 COMPLETE 15,-7
27028 DISPATCH 12,0
27029 COMPLETE -5,-18
27029 DISPATCH -5,-17
27082 COMPLETE -5,1
27082 DISPATCH -5,3
27135 COMPLETE -5,23
27151 COMPLETE -22,23
27151 DISPATCH -22,22
27151 COMPLETE 12,19
27152 DISPATCH -4,20
27152 DISPATCH 13,17
27190 COMPLETE -23,-12
27190 DISPATCH -22,-20
27274 COMPLETE -22,5
27274 DISPATCH -22,-3
27277 COMPLETE -22,22
27277 DISPATCH -22,16
27277 COMPLETE 12,0
27279 DISPATCH 13,-3
27293 COMPLETE -5,-17
27294 DISPATCH -5,-16
27391 COMPLETE 18,-24
27391 DISPATCH 13,-20
27391 COMPLETE -5,3
27391 COMPLETE 13,-3
27391 DISPATCH -4,1
27391 DISPATCH 13,-2
27432 COMPLETE -22,16
27432 DISPATCH -22,17
27499 COMPLETE 13,-2
27499 DISPATCH 13,0
27499 COMPLETE -4,20
27499 DISPATCH -4,18
27507 COMPLETE -22,-20
27514 COMPLETE -22,-3
27514 DISPATCH -23,-11
27515 COMPLETE 13,17
27515 DISPATCH 13,18
27554 COMPLETE -5,-16
27554 DISPATCH -4,-22
27555 COMPLETE -22,17
27555 DISPATCH -23,8
27579 COMPLETE -4,1
27579 DISPATCH -4,-5
27579 COMPLETE -23,-11
27579 DISPATCH -23,-10
27579 COMPLETE -23,8
27580 DISPATCH -22,7
27626 COMPLETE 13,-20
27626 DISPATCH 13,-19
27681 COMPLETE 13,0
27681 DISPATCH 13,1
27696 COMPLETE -4,18
27696 DISPATCH -4,12
27696 COMPLETE -23,-10
27696 DISPATCH -22,-19
27706 COMPLETE -22,7
27707 DISPATCH -22,-2
27707 DISPATCH -22,18
27709 COMPLETE -4,-22
27712 COMPLETE 13,18
27712 DISPATCH 13,19
27719 COMPLETE -4,-5
27719 DISPATCH -5,-15
27796 COMPLETE -22,18
27797 DISPATCH -22,19
27947 COMPLETE 13,-19
27947 DISPATCH 12,-17
27947 COMPLETE 13,1
27947 DISPATCH 13,2
27953 COMPLETE -22,19
27953 DISPATCH -21,15
27961 COMPLETE -4,12
27961 DISPATCH -4,2
27961 COMPLETE -22,-19
27961 DISPATCH -4,19
27995 COMPLETE -22,-2
27995 DISPATCH -23,-9
28008 COMPLETE -5,-15
28167 COMPLETE -4,19
28167 DISPATCH -4,21
28168 COMPLETE 13,19
28168 DISPATCH 13,20
28168 COMPLETE -23,-9
28168 DISPATCH -23,-8
28181 COMPLETE 12,-17
28182 DISPATCH -4,-21
28182 COMPLETE 13,2
28182 DISPATCH 13,-18
28182 DISPATCH 13,3
28182 COMPLETE -21,15
28182 DISPATCH -22,9
28183 COMPLETE -23,-8
28183 DISPATCH -22,-18
28184 COMPLETE -4,2
28184 DISPATCH -5,4
28237 COMPLETE -22,9
28237 DISPATCH -22,-1
28237 DISPATCH -21,21
28357 COMPLETE -4,21
28357 DISPATCH -4,22
28379 COMPLETE 13,20
28380 DISPATCH 13,21
28380 COMPLETE -5,4
28380 DISPATCH -4,-4
28380 COMPLETE -4,-21
28380 COMPLETE 13,-18
28380 DISPATCH -3,-23
28380 COMPLETE -22,-1
28380 DISPATCH 14,-22
28380 DISPATCH -22,0
28472 COMPLETE -22,-18
28472 DISPATCH -22,-17
28473 COMPLETE 13,3
28473 DISPATCH 13,4
28493 COMPLETE -4,-4
28494 DISPATCH -4,-3
28494 COMPLETE -22,0
28494 DISPATCH -22,1
28512 COMPLETE -21,21
28512 DISPATCH -21,18
28547 COMPLETE -4,22
28548 DISPATCH -4,14
28548 COMPLETE -22,1
28549 DISPATCH -21,0
28549 COMPLETE -3,-23
28549 DISPATCH -4,-20
28590 COMPLETE -4,-3
28590 COMPLETE 14,-22
28590 DISPATCH 13,-17
28591 COMPLETE 13,21
28591 DISPATCH 13,22
28687 COMPLETE 13,4
28687 DISPATCH 13,5
28763 COMPLETE -21,18
28763 DISPATCH -21,17
28763 COMPLETE -22,-17
28764 DISPATCH -21,-23
28764 COMPLETE -4,14
28764 DISPATCH -4,-2
28764 DISPATCH -4,15
28851 COMPLETE -21,0
28851 DISPATCH -21,-6
28852 COMPLETE -21,17
28852 DISPATCH -21,11
28852 COMPLETE -4,-20
28852 DISPATCH -4,-19
28865 COMPLETE -4,-2
28866 COMPLETE -4,15
28866 DISPATCH -4,-1
28866 COMPLETE 13,-17
28866 DISPATCH -4,16
28866 DISPATCH 13,-16
28880 COMPLETE 13,5
28880 DISPATCH 14,1
28880 COMPLETE 13,22
28880 DISPATCH 13,23
28932 COMPLETE -4,-1
28932 COMPLETE -4,16
28932 COMPLETE -21,-23
28932 DISPATCH -4,0
28932 DISPATCH -4,17
29025 COMPLETE -21,-6
29025 DISPATCH -22,-16
29116 COMPLETE -4,-19
29116 DISPATCH -4,-18
29116 COMPLETE -4,0
29116 COMPLETE -4,17
29116 DISPATCH -4,3
29116 DISPATCH -4,23
29147 COMPLETE -21,11
29148 DISPATCH -22,2
29148 DISPATCH -21,19
29162 COMPLETE 13,-16
29162 DISPATCH 14,-21
29162 COMPLETE 14,1
29162 DISPATCH 13,6
29167 COMPLETE -22,2
29168 DISPATCH -21,1
29189 COMPLETE -21,19
29189 DISPATCH -21,20
29190 COMPLETE 13,23
29190 DISPATCH 14,23
29246 COMPLETE -22,-16
29246 DISPATCH -21,-22
29247 COMPLETE -21,20
29247 DISPATCH -21,22
29282 COMPLETE -4,23
29282 DISPATCH -3,23
29282 COMPLETE -4,3
29282 DISPATCH -4,4
29282 COMPLETE -4,-18
29282 DISPATCH -4,-17
29393 COMPLETE 13,6
29393 DISPATCH 14,-4
29394 COMPLETE 14,-21
29394 DISPATCH 15,-22
29508 COMPLETE -21,-22
29508 DISPATCH -21,-21
29508 COMPLETE -21,1
29508 DISPATCH -22,4
29572 COMPLETE -21,22
29573 DISPATCH -21,23
29635 COMPLETE 14,23
29635 DISPATCH 14,13
29640 COMPLETE -22,4
29640 DISPATCH -22,6
29640 COMPLETE -3,23
29640 DISPATCH -3,21
29640 COMPLETE -4,4
29641 DISPATCH -3,0
29641 COMPLETE -4,-17
29641 DISPATCH -3,-22
29648 COMPLETE 14,-4
29648 DISPATCH 14,-5
29651 COMPLETE 15,-22
29651 DISPATCH 16,-23
29736 COMPLETE -22,6
29737 DISPATCH -21,-4
29753 COMPLETE 14,-5
29754 DISPATCH 15,-6
29906 COMPLETE -21,-21
29906 DISPATCH -20,-23
29906 COMPLETE -3,0
29906 DISPATCH -3,-5
29906 COMPLETE -21,23
29907 DISPATCH -21,13
29937 COMPLETE -3,21
29937 DISPATCH -4,13
29937 COMPLETE 14,13
29937 DISPATCH 13,12
29937 COMPLETE -3,-22
29937 DISPATCH -2,-23
29984 COMPLETE -21,-4
29984 DISPATCH -21,-5
29984 COMPLETE -21,13
29984 DISPATCH -21,12
30004 COMPLETE 16,-23
30004 DISPATCH 17,-23
30004 COMPLETE -4,13
30021 COMPLETE -3,-5
30021 DISPATCH -4,5
30021 COMPLETE -21,-5
30021 COMPLETE -21,12
30021 DISPATCH -22,8
30021 COMPLETE 15,-6
30021 DISPATCH 15,-5
30038 COMPLETE -20,-23
30039 DISPATCH -22,-15
30039 COMPLETE 13,12
30039 DISPATCH -3,22
30039 DISPATCH 14,12
30041 COMPLETE -22,8
30041 DISPATCH -21,2
30041 DISPATCH -20,22
30042 COMPLETE -2,-23
30042 DISPATCH -4,-16
30074 COMPLETE -3,22
30271 COMPLETE -4,5
30271 DISPATCH -3,1
30271 DISPATCH -3,18
30271 COMPLETE 17,-23
30272 DISPATCH 16,-22
30272 COMPLETE -22,-15
30272 DISPATCH -21,-20
30287 COMPLETE 15,-5
30287 DISPATCH 16,-5
30287 COMPLETE 14,12
30288 DISPATCH 14,14
30288 COMPLETE -21,2
30288 DISPATCH -21,-3
30288 COMPLETE -4,-16
30288 DISPATCH -3,-21
30297 COMPLETE -20,22
30297 DISPATCH -21,14
30424 COMPLETE -21,14
30425 DISPATCH -21,16
30425 COMPLETE -21,-3
30425 DISPATCH -21,-2
30472 COMPLETE -3,1
30472 DISPATCH -3,-4
30526 COMPLETE -21,-20
30527 DISPATCH -21,-19
30527 COMPLETE -3,18
30527 DISPATCH -3,13
30541 COMPLETE -21,16
30541 DISPATCH -20,15
30541 COMPLETE -21,-2
30541 DISPATCH -20,-2
30541 COMPLETE 16,-22
30541 DISPATCH 17,-22
30541 COMPLETE 14,14
30541 DISPATCH 14,15
30541 COMPLETE -3,-21
30542 DISPATCH -2,-22
30545 COMPLETE 16,-5
30545 COMPLETE -3,-4
30545 DISPATCH 14,-3
30830 COMPLETE 14,-3
30830 DISPATCH -2,-5
30830 DISPATCH 15,-4
30859 COMPLETE -21,-19
30859 DISPATCH -20,-22
30882 COMPLETE -3,13
30883 DISPATCH -3,12
30883 COMPLETE -20,15
30883 DISPATCH -20,16
30883 COMPLETE -20,-2
30883 DISPATCH -21,-1
30883 COMPLETE -2,-22
30883 DISPATCH -1,-23
30910 COMPLETE 14,15
30911 DISPATCH 14,16
30920 COMPLETE 17,-22
30920 DISPATCH 16,-21
30938 COMPLETE -21,-1
30938 DISPATCH -20,-5
31084 COMPLETE -20,16
31085 DISPATCH -20,12
31089 COMPLETE -2,-5
31089 DISPATCH -3,-6
31089 COMPLETE -20,-22
31089 DISPATCH -19,-23
31089 COMPLETE 15,-4
31089 DISPATCH 14,-2
31089 COMPLETE -3,12
31089 DISPATCH -3,11
31089 COMPLETE -20,-5
31090 DISPATCH -20,-6
31100 COMPLETE -1,-23
31143 COMPLETE -3,-6
31144 DISPATCH -2,-21
31144 COMPLETE 14,16
31144 DISPATCH 14,17
31144 COMPLETE -20,-6
31144 DISPATCH -19,-6
31241 COMPLETE 14,-2
31241 DISPATCH 14,-1
31318 COMPLETE 16,-21
31318 DISPATCH 15,-21
31318 COMPLETE -19,-23
31435 COMPLETE -20,12
31435 DISPATCH -20,11
31435 COMPLETE 14,-1
31435 DISPATCH 14,0
31435 COMPLETE -3,11
31435 DISPATCH -3,14
31445 COMPLETE 15,-21
31445 DISPATCH 15,-20
31448 COMPLETE 14,17
31448 DISPATCH 14,18
31448 COMPLETE -2,-21
31449 DISPATCH -18,-23
31450 COMPLETE -19,-6
31450 DISPATCH -18,-6
31492 COMPLETE 14,0
31492 DISPATCH -1,-3
31492 DISPATCH 16,-3
31578 COMPLETE -3,14
31578 DISPATCH -3,15
31806 COMPLETE 14,18
31806 DISPATCH 14,19
31806 COMPLETE -20,11
31806 COMPLETE -18,-23
31806 DISPATCH -20,13
31806 DISPATCH -17,-24
31808 COMPLETE 15,-20
31809 COMPLETE -18,-6
31809 DISPATCH 0,-24
31809 DISPATCH 17,-21
31809 DISPATCH -20,-4
31809 COMPLETE -3,15
31809 DISPATCH -3,16
31810 COMPLETE -1,-3
31811 DISPATCH -3,-3
31890 COMPLETE -20,13
31890 DISPATCH -20,14
31923 COMPLETE -20,-4
31923 DISPATCH -20,-3
31923 COMPLETE -3,16
31923 DISPATCH -3,17
31923 COMPLETE -3,-3
31923 DISPATCH -3,-2
31924 COMPLETE 14,19
31924 DISPATCH 14,20
32011 COMPLETE 16,-3
32011 DISPATCH 14,2
32056 COMPLETE -20,14
32056 DISPATCH -20,17
32056 COMPLETE -20,-3
32056 DISPATCH -20,-1
32062 COMPLETE -3,17
32062 DISPATCH -3,19
32065 COMPLETE -3,-2
32065 DISPATCH -3,-1
32066 COMPLETE -17,-24
32066 DISPATCH -21,-18
32066 COMPLETE 14,20
32066 DISPATCH 14,21
32067 COMPLETE 0,-24
32067 DISPATCH -3,-20
32068 COMPLETE 17,-21
32068 DISPATCH 14,-20
32077 COMPLETE -3,19
32077 DISPATCH -3,20
32097 COMPLETE -3,-1
32097 DISPATCH -3,2
32097 COMPLETE 14,21
32097 DISPATCH 14,22
32097 COMPLETE 14,-20
32097 DISPATCH 14,-19
32125 COMPLETE -3,20
32149 COMPLETE 14,2
32149 DISPATCH 14,3
32175 COMPLETE 14,22
32175 DISPATCH -2,20
32175 DISPATCH 15,20
32186 COMPLETE -20,17
32186 DISPATCH -20,18
32199 COMPLETE -20,-1
32199 DISPATCH -20,0
32229 COMPLETE -21,-18
32229 DISPATCH -21,-17
32239 COMPLETE -3,-20
32239 DISPATCH -3,-19
32372 COMPLETE -20,18
32372 DISPATCH -20,19
32372 COMPLETE 14,-19
32373 DISPATCH 14,-18
32403 COMPLETE -3,2
32403 DISPATCH -3,3
32428 COMPLETE 14,3
32428 DISPATCH 15,-1
32485 COMPLETE -2,20
32485 DISPATCH -2,21
32500 COMPLETE -20,0
32500 DISPATCH -20,1
32500 COMPLETE -20,19
32500 DISPATCH -20,20
32501 COMPLETE -21,-17
32501 DISPATCH -21,-16
32502 COMPLETE -3,-19
32502 DISPATCH -3,-18
32502 COMPLETE 15,20
32502 DISPATCH 15,16
32603 COMPLETE -20,20
32603 DISPATCH -20,21
32673 COMPLETE -3,3
32674 DISPATCH -3,4
32674 COMPLETE -2,21
32674 DISPATCH -2,22
32724 COMPLETE 15,-1
32724 DISPATCH 16,-1
32724 COMPLETE 14,-18
32724 COMPLETE -20,21
32724 DISPATCH 15,-19
32724 DISPATCH -20,23
32738 COMPLETE -20,1
32738 DISPATCH -21,3
32739 COMPLETE -21,-16
32739 DISPATCH -22,-14
32739 COMPLETE -3,-18
32739 DISPATCH -5,-14
32740 COMPLETE 15,16
32740 DISPATCH 15,17
32865 COMPLETE 15,17
32866 DISPATCH 15,18
32866 COMPLETE -3,4
32866 DISPATCH -3,5
32866 COMPLETE -2,22
32866 DISPATCH -2,23
32866 COMPLETE -20,23
32866 DISPATCH -19,22
32908 COMPLETE 15,-19
32908 DISPATCH 15,-18
32923 COMPLETE 16,-1
32923 DISPATCH 15,0
32926 COMPLETE -22,-14
32926 COMPLETE 15,18
32926 DISPATCH 15,19
32945 COMPLETE -5,-14
32946 DISPATCH -21,-15
32946 DISPATCH -4,-15
32963 COMPLETE -21,3
32963 DISPATCH -21,4
32980 COMPLETE 15,19
32980 DISPATCH 15,21
32998 COMPLETE -3,5
32998 DISPATCH -2,2
33065 COMPLETE -2,23
33065 DISPATCH -2,19
33104 COMPLETE 15,-18
33105 COMPLETE -19,22
33105 DISPATCH 14,-17
33105 DISPATCH -19,21
33192 COMPLETE 15,0
33192 DISPATCH 15,1
33195 COMPLETE -21,4
33195 DISPATCH -20,2
33195 COMPLETE -4,-15
33195 DISPATCH -3,-17
33199 COMPLETE -21,-15
33199 DISPATCH -20,-21
33204 COMPLETE 15,21
33204 DISPATCH 15,22
33211 COMPLETE -2,2
33211 DISPATCH -2,0
33211 COMPLETE -2,19
33211 DISPATCH -2,17
33223 COMPLETE 14,-17
33223 DISPATCH 15,-17
33283 COMPLETE -2,0
33288 COMPLETE -19,21
33288 DISPATCH -19,19
33338 COMPLETE 15,1
33338 DISPATCH -1,0
33338 DISPATCH 16,0
33349 COMPLETE -20,2
33349 DISPATCH -19,0
33349 COMPLETE -3,-17
33349 DISPATCH -2,-20
33349 COMPLETE -20,-21
33349 DISPATCH -20,-20
33408 COMPLETE 15,22
33408 DISPATCH 15,23
33408 COMPLETE -2,17
33408 COMPLETE -1,0
33408 DISPATCH -2,18
33408 DISPATCH -2,-3
33408 COMPLETE 15,-17
33408 DISPATCH 16,-20
33537 COMPLETE -19,19
33537 DISPATCH -19,17
33537 COMPLETE -2,18
33537 DISPATCH -2,14
33537 COMPLETE -2,-3
33538 COMPLETE -19,0
33538 DISPATCH -19,-3
33555 COMPLETE -20,-20
33555 DISPATCH -19,-22
33594 COMPLETE -2,-20
33595 DISPATCH -2,-19
33595 COMPLETE 16,0
33595 DISPATCH 15,-3
33713 COMPLETE 16,-20
33714 DISPATCH 17,-20
33718 COMPLETE 15,-3
33718 DISPATCH 15,-2
33718 COMPLETE 15,23
33719 DISPATCH 15,15
33719 COMPLETE -19,-3
33719 DISPATCH -19,-5
33723 COMPLETE -19,17
33723 DISPATCH -19,12
33723 COMPLETE -2,14
33724 DISPATCH -2,-2
33724 DISPATCH -2,15
33724 COMPLETE -19,-22
33728 COMPLETE 15,-2
33728 DISPATCH 16,-2
33730 COMPLETE -19,-5
33730 DISPATCH -22,-13
33744 COMPLETE -2,-2
33744 DISPATCH -1,-2
33751 COMPLETE -2,15
33751 DISPATCH -2,16
33751 COMPLETE 16,-2
33751 DISPATCH 17,-3
33815 COMPLETE -2,-19
33816 DISPATCH -1,-22
33891 COMPLETE -1,-2
33891 DISPATCH -2,-4
33891 COMPLETE -2,16
33891 DISPATCH -2,13
33909 COMPLETE -22,-13
33909 DISPATCH -22,-12
33909 COMPLETE 17,-20
33909 DISPATCH 18,-23
33909 COMPLETE 15,15
33909 DISPATCH 15,14
33984 COMPLETE -19,12
33984 DISPATCH -21,5
33984 DISPATCH -19,23
33985 COMPLETE -2,-4
33985 DISPATCH -1,-5
34032 COMPLETE 17,-3
34032 DISPATCH 16,-6
34044 COMPLETE -1,-22
34044 DISPATCH 0,-23
34052 COMPLETE -22,-12
34052 DISPATCH -21,-14
34053 COMPLETE -2,13
34053 DISPATCH -2,12
34053 COMPLETE 15,14
34053 DISPATCH 15,12
34092 COMPLETE 18,-23
34092 DISPATCH 19,-24
34158 COMPLETE -21,5
34158 DISPATCH -21,6
34185 COMPLETE -19,23
34216 COMPLETE -1,-5
34217 DISPATCH -2,-6
34292 COMPLETE 16,-6
34292 DISPATCH 17,-7
34292 COMPLETE 0,-23
34293 DISPATCH 1,-24
34314 COMPLETE 15,12
34314 DISPATCH 15,10
34314 COMPLETE -2,12
34314 DISPATCH -18,23
34350 COMPLETE -21,-14
34350 DISPATCH -22,-11
34585 COMPLETE -21,6
34586 DISPATCH -20,6
34722 COMPLETE -22,-11
34722 DISPATCH -21,-13
34769 COMPLETE -2,-6
34770 DISPATCH -3,6
34770 COMPLETE 19,-24
34770 DISPATCH 20,-24
34770 COMPLETE 17,-7
34770 DISPATCH 16,-7
34793 COMPLETE 1,-24
34793 DISPATCH -4,-14
34793 COMPLETE 15,10
34793 DISPATCH -1,23
34793 DISPATCH 16,10
34858 COMPLETE -18,23
34875 COMPLETE 16,-7
34875 DISPATCH 18,-7
34963 COMPLETE -20,6
34963 DISPATCH -21,7
35149 COMPLETE -21,-13
35149 DISPATCH -22,-10
35205 COMPLETE -3,6
35205 DISPATCH -4,6
35291 COMPLETE -4,-14
35291 DISPATCH -5,-13
35291 COMPLETE -1,23
35291 COMPLETE -21,7
35291 DISPATCH -21,8
35291 COMPLETE 20,-24
35292 DISPATCH 21,-24
35293 COMPLETE -4,6
35293 DISPATCH -4,7
35308 COMPLETE 16,10
35309 COMPLETE -22,-10
35309 DISPATCH 13,10
35309 DISPATCH -22,-9
35310 COMPLETE 18,-7
35310 DISPATCH 19,-7
35334 COMPLETE -21,8
35335 DISPATCH -21,9
35381 COMPLETE -22,-9
35381 DISPATCH -22,-8
35382 COMPLETE 13,10
35382 DISPATCH 13,11
35403 COMPLETE -4,7
35403 DISPATCH -4,8
35406 COMPLETE -21,9
35406 DISPATCH -21,10
35429 COMPLETE -5,-13
35429 DISPATCH -5,-12
35481 COMPLETE -22,-8
35500 COMPLETE 13,11
35500 DISPATCH 13,13
35500 COMPLETE -21,10
35563 COMPLETE -4,8
35563 DISPATCH -20,5
35563 DISPATCH -18,22
35581 COMPLETE 21,-24
35581 DISPATCH 22,-24
35582 COMPLETE 13,13
35582 DISPATCH -2,5
35582 DISPATCH -1,22
35582 DISPATCH 16,11
35595 COMPLETE 19,-7
35595 DISPATCH 17,-6
35689 COMPLETE -5,-12
35689 DISPATCH -21,-12
35689 DISPATCH -4,-13
35690 COMPLETE -20,5
35690 DISPATCH -19,5
35904 COMPLETE 17,-6
35904 DISPATCH 18,-6
35936 COMPLETE -18,22
35936 COMPLETE -2,5
35936 DISPATCH -2,4
35980 COMPLETE -1,22
35980 DISPATCH -17,22
35981 COMPLETE 22,-24
35981 DISPATCH 19,-23
35981 COMPLETE 16,11
35981 DISPATCH 0,21
35981 DISPATCH 17,11
35981 COMPLETE -21,-12
35981 COMPLETE -4,-13
35981 DISPATCH -20,-19
35981 DISPATCH -3,-16
36014 COMPLETE -2,4
36014 DISPATCH -2,1
36146 COMPLETE -19,5
36146 DISPATCH -20,3
36146 COMPLETE -2,1
36146 DISPATCH -2,3
36147 COMPLETE 18,-6
36147 DISPATCH 19,-6
36349 COMPLETE 19,-23
36349 DISPATCH 20,-23
36349 COMPLETE -20,3
36349 DISPATCH -20,4
36349 COMPLETE -2,3
36349 DISPATCH -1,1
36359 COMPLETE -17,22
36359 DISPATCH -18,21
36409 COMPLETE 0,21
36410 DISPATCH -1,18
36410 COMPLETE -20,-19
36410 DISPATCH -20,-18
36413 COMPLETE -20,4
36413 COMPLETE -3,-16
36413 DISPATCH -19,1
36413 DISPATCH -2,-18
36521 COMPLETE -1,1
36522 DISPATCH -2,-1
36598 COMPLETE -19,1
36598 DISPATCH -19,-1
36599 COMPLETE 19,-6
36599 DISPATCH 20,-6
36599 COMPLETE 20,-23
36599 DISPATCH 21,-23
36631 COMPLETE 17,11
36631 DISPATCH 16,12
36631 COMPLETE -18,21
36631 DISPATCH -19,16
36631 COMPLETE -2,-1
36631 DISPATCH -1,-1
36633 COMPLETE -1,18
36633 DISPATCH -1,16
36633 COMPLETE -19,-1
36633 DISPATCH -18,-1
36636 COMPLETE -20,-18
36636 DISPATCH -19,-21
36636 COMPLETE -2,-18
36636 DISPATCH -1,-21
36678 COMPLETE -1,-1
36678 DISPATCH -1,-4
36743 COMPLETE -19,16
36743 DISPATCH -19,18
36941 COMPLETE -1,-4
36954 COMPLETE -19,18
36955 DISPATCH -19,20
36971 COMPLETE 20,-6
36971 DISPATCH 17,-5
36971 COMPLETE -1,16
36971 DISPATCH -1,2
36971 DISPATCH -1,19
36971 COMPLETE 21,-23
36971 DISPATCH 18,-22
36971 COMPLETE -18,-1
36972 DISPATCH -19,-4
36972 COMPLETE -1,-21
36972 DISPATCH -2,-17
36973 COMPLETE -19,-21
36973 COMPLETE -19,20
36973 DISPATCH -19,13
36974 COMPLETE 16,12
36974 DISPATCH 16,13
36984 COMPLETE 17,-5
36985 DISPATCH 16,-4
36997 COMPLETE -1,19
36997 DISPATCH -1,20
36997 COMPLETE -19,-4
36997 DISPATCH -21,-11
37041 COMPLETE 16,-4
37041 DISPATCH 17,-4
37041 COMPLETE -1,20
37041 DISPATCH -1,21
37053 COMPLETE -19,13
37053 DISPATCH -20,7
37053 COMPLETE -21,-11
37053 COMPLETE -1,2
37053 DISPATCH -21,-10
37053 DISPATCH -1,3
37074 COMPLETE -2,-17
37075 DISPATCH -3,-15
37075 COMPLETE 18,-22
37075 DISPATCH 18,-21
37075 COMPLETE 17,-4
37075 DISPATCH 18,-4
37075 COMPLETE -1,21
37077 COMPLETE 16,13
37077 DISPATCH 0,20
37078 DISPATCH 17,13
37085 COMPLETE -20,7
37085 COMPLETE -21,-10
37085 DISPATCH -20,8
37085 DISPATCH -21,-9
37255 COMPLETE -21,-9
37255 DISPATCH -20,-17
37256 COMPLETE -20,8
37256 DISPATCH -20,9
37266 COMPLETE -1,3
37266 DISPATCH 0,2
37266 COMPLETE 18,-21
37266 DISPATCH 19,-22
37267 COMPLETE -3,-15
37267 DISPATCH -2,-16
37267 COMPLETE 0,20
37267 DISPATCH 0,19
37267 COMPLETE 17,13
37267 DISPATCH 17,14
37268 COMPLETE 18,-4
37268 DISPATCH 18,-5
37272 COMPLETE -20,9
37273 DISPATCH -20,10
37311 COMPLETE 18,-5
37311 DISPATCH 18,-3
37361 COMPLETE -20,10
37362 DISPATCH -19,2
37362 DISPATCH -18,19
37397 COMPLETE -20,-17
37397 DISPATCH -20,-16
37420 COMPLETE 0,2
37420 DISPATCH 0,1
37420 COMPLETE 19,-22
37420 DISPATCH 18,-20
37420 COMPLETE -2,-16
37420 DISPATCH -1,-20
37428 COMPLETE 0,19
37429 COMPLETE -19,2
37429 DISPATCH 0,18
37429 DISPATCH -18,1
37454 COMPLETE 17,14
37455 DISPATCH 17,15
37455 COMPLETE 0,1
37455 DISPATCH 0,-3
37554 COMPLETE 18,-3
37554 DISPATCH 17,-2
37611 COMPLETE -18,19
37611 DISPATCH -18,18
37611 COMPLETE -20,-16
37611 DISPATCH -19,-20
37669 COMPLETE 18,-20
37669 DISPATCH 17,-19
37669 COMPLETE -1,-20
37669 DISPATCH 0,-22
37669 COMPLETE 0,18
37669 DISPATCH -1,14
37686 COMPLETE -18,1
37686 DISPATCH -19,-2
37716 COMPLETE 0,-3
37716 DISPATCH 0,-5
37750 COMPLETE -19,-2
37750 DISPATCH -18,-3
37750 COMPLETE 17,15
37751 DISPATCH 16,15
37788 COMPLETE 17,-2
37788 DISPATCH 18,-2
37800 COMPLETE -18,18
37801 DISPATCH -19,14
37830 COMPLETE -19,-20
37830 DISPATCH -18,-22
37833 COMPLETE 16,15
37833 DISPATCH 16,16
37856 COMPLETE 0,-22
37860 COMPLETE 17,-19
37860 DISPATCH 1,-23
37860 COMPLETE -18,-3
37860 DISPATCH 18,-19
37860 DISPATCH -18,-5
37860 COMPLETE -19,14
37860 DISPATCH -19,15
37863 COMPLETE -1,14
37863 DISPATCH -1,12
37864 COMPLETE 0,-5
37864 DISPATCH -1,-6
37909 COMPLETE -18,-5
37909 DISPATCH -18,-4
37909 COMPLETE -19,15
37909 DISPATCH -18,13
37979 COMPLETE -18,-22
37979 DISPATCH -18,-21
37994 COMPLETE 18,-2
37994 DISPATCH 17,-1
37994 COMPLETE -18,-4
38009 COMPLETE 1,-23
38017 COMPLETE 16,16
38017 DISPATCH 16,17
38017 COMPLETE 18,-19
38017 DISPATCH 2,-24
38017 DISPATCH 19,-21
38022 COMPLETE -1,12
38022 DISPATCH -1,11
38034 COMPLETE -1,-6
38034 DISPATCH -1,-7
38212 COMPLETE -18,13
38212 DISPATCH -19,3
38212 COMPLETE -18,-21
38212 DISPATCH -18,20
38212 DISPATCH -20,-15
38289 COMPLETE 17,-1
38290 DISPATCH 17,0
38293 COMPLETE 19,-21
38293 DISPATCH 19,-20
38296 COMPLETE -1,11
38296 DISPATCH -1,10
38297 COMPLETE -19,3
38297 DISPATCH -18,2
38297 COMPLETE -18,20
38305 COMPLETE 2,-24
38306 COMPLETE -1,-7
38306 DISPATCH -2,-15
38330 COMPLETE 16,17
38330 DISPATCH 16,18
38425 COMPLETE 17,0
38425 DISPATCH 16,1
38425 COMPLETE -20,-15
38425 DISPATCH -19,-19
38425 COMPLETE -18,2
38426 DISPATCH -19,4
38427 COMPLETE 19,-20
38427 COMPLETE -1,10
38427 DISPATCH 15,-16
38427 DISPATCH -1,4
38427 DISPATCH -17,21
38428 COMPLETE -2,-15
38428 DISPATCH -2,-14
38452 COMPLETE -19,4
38453 DISPATCH -18,3
38609 COMPLETE 16,18
38609 DISPATCH 0,22
38609 DISPATCH 17,18
38626 COMPLETE -1,4
38626 COMPLETE -19,-19
38626 DISPATCH -20,-14
38626 COMPLETE 16,1
38626 DISPATCH 0,3
38626 DISPATCH 17,1
38626 COMPLETE 15,-16
38626 DISPATCH 16,-19
38626 COMPLETE -17,21
38626 DISPATCH -17,20
38627 COMPLETE -2,-14
38627 DISPATCH -3,-14
38628 COMPLETE -18,3
38628 DISPATCH -17,3
38687 COMPLETE 16,-19
38687 DISPATCH 14,-16
38688 COMPLETE -3,-14
38841 COMPLETE 14,-16
38841 DISPATCH -1,-19
38841 DISPATCH 16,-18
38841 COMPLETE 0,22
38841 DISPATCH 0,23
38841 COMPLETE -20,-14
38842 DISPATCH -19,-18
38863 COMPLETE 0,3
38863 DISPATCH 0,-1
38863 COMPLETE 17,1
38863 DISPATCH 18,-1
38863 COMPLETE 17,18
38863 DISPATCH 17,16
38864 COMPLETE -17,20
38864 DISPATCH -17,23
38866 COMPLETE -17,3
38866 DISPATCH -19,6
38905 COMPLETE 0,-1
38906 DISPATCH -2,6
38922 COMPLETE 17,16
38922 DISPATCH 17,17
38925 COMPLETE 0,23
38941 COMPLETE -1,-19
38941 DISPATCH -2,-13
38944 COMPLETE -19,-18
38944 DISPATCH -20,-13
38954 COMPLETE 16,-18
38954 DISPATCH 17,-18
38959 COMPLETE 17,17
38959 DISPATCH 1,23
38959 DISPATCH 18,16
38959 COMPLETE -2,6
38959 DISPATCH -1,5
38963 COMPLETE -19,6
38963 DISPATCH -18,4
39003 COMPLETE -17,23
39003 DISPATCH -16,22
39187 COMPLETE 18,-1
39187 DISPATCH 19,-1
39242 COMPLETE -2,-13
39242 DISPATCH -3,-13
39242 COMPLETE -20,-13
39327 COMPLETE -1,5
39327 DISPATCH 0,4
39327 COMPLETE 17,-18
39327 DISPATCH 18,-18
39403 COMPLETE 1,23
39403 DISPATCH 1,21
39403 COMPLETE -3,-13
39403 DISPATCH -19,-17
39403 DISPATCH -1,-18
39404 COMPLETE -18,4
39404 DISPATCH -18,0
39420 COMPLETE 18,16
39420 DISPATCH 18,17
39436 COMPLETE -16,22
39437 DISPATCH -18,17
39511 COMPLETE -18,0
39511 DISPATCH -17,0
39603 COMPLETE 19,-1
39603 DISPATCH 18,0
39633 COMPLETE -18,17
39633 DISPATCH -17,17
39633 COMPLETE 0,4
39633 DISPATCH 0,0
39633 COMPLETE 18,-18
39634 DISPATCH 16,-17
39634 COMPLETE 0,0
39634 DISPATCH 1,0
39665 COMPLETE -19,-17
39665 DISPATCH -18,-20
39682 COMPLETE 1,21
39682 DISPATCH 0,17
39683 COMPLETE -1,-18
39683 DISPATCH -1,-17
39715 COMPLETE 18,17
39716 DISPATCH 17,19
39729 COMPLETE -17,0
39729 DISPATCH -18,-2
39897 COMPLETE -18,-2
39898 DISPATCH -16,0
39917 COMPLETE 18,0
39917 DISPATCH 18,1
39917 COMPLETE -17,17
39917 DISPATCH -17,18
39926 COMPLETE 16,-17
39926 DISPATCH 17,-17
39936 COMPLETE 1,0
39936 COMPLETE -18,-20
39937 DISPATCH -18,-19
39962 COMPLETE -1,-17
39962 DISPATCH 0,-21
39968 COMPLETE -17,18
39968 DISPATCH -17,19
39968 COMPLETE 0,17
39968 DISPATCH 1,1
40071 COMPLETE -17,19
40071 DISPATCH -16,17
40087 COMPLETE 17,19
40087 DISPATCH 1,18
40087 DISPATCH 18,18
40115 COMPLETE -16,0
40115 DISPATCH -17,-2
40116 COMPLETE 18,1
40116 DISPATCH 19,0
40123 COMPLETE 17,-17
40123 DISPATCH 18,-17
40154 COMPLETE -18,-19
40154 DISPATCH -17,-23
40252 COMPLETE 1,1
40252 DISPATCH 0,-4
40283 COMPLETE 0,-21
40283 DISPATCH 1,-22
40340 COMPLETE -16,17
40340 DISPATCH -18,15
40345 COMPLETE 0,-4
40345 DISPATCH 0,-2
40368 COMPLETE 1,18
40368 DISPATCH -1,15
40368 COMPLETE 18,18
40368 DISPATCH 16,19
40376 COMPLETE -17,-2
40376 DISPATCH -17,-6
40378 COMPLETE 18,-17
40378 DISPATCH 19,-19
40378 COMPLETE 0,-2
40378 DISPATCH 1,-5
40417 COMPLETE -17,-23
40417 DISPATCH -16,-24
40417 COMPLETE 19,0
40417 COMPLETE -18,15
40417 DISPATCH 18,2
40417 DISPATCH -19,11
40418 COMPLETE -1,15
40418 DISPATCH -1,13
40418 COMPLETE 16,19
40418 DISPATCH 16,20
40534 COMPLETE 1,-22
40535 DISPATCH 2,-23
40617 COMPLETE -1,13
40617 DISPATCH -1,17
40772 COMPLETE -17,-6
40772 DISPATCH -19,-7
40772 COMPLETE 19,-19
40772 DISPATCH 19,-18
40772 COMPLETE 1,-5
40772 DISPATCH 0,-6
40773 COMPLETE -1,17
40773 DISPATCH -2,11
40780 COMPLETE -19,11
40780 DISPATCH -19,10
40780 COMPLETE -16,-24
40780 DISPATCH -15,-24
40799 COMPLETE 18,2
40799 DISPATCH 17,2
40811 COMPLETE -2,11
40824 COMPLETE 16,20
40824 DISPATCH 0,11
40824 DISPATCH 17,20
40839 COMPLETE 2,-23
40883 COMPLETE -19,10
40883 DISPATCH -18,10
40957 COMPLETE 17,2
40957 DISPATCH 17,3
40957 COMPLETE -19,-7
40957 DISPATCH -18,-7
40982 COMPLETE 0,-6
40982 DISPATCH 0,-7
41048 COMPLETE 19,-18
41048 DISPATCH 3,-24
41048 DISPATCH 20,-22
41074 COMPLETE -15,-24
41074 DISPATCH -14,-24
41251 COMPLETE 0,11
41251 DISPATCH 0,10
41274 COMPLETE 17,20
41274 DISPATCH 17,21
41360 COMPLETE -18,10
41360 DISPATCH -18,11
41401 COMPLETE 17,3
41402 DISPATCH 17,4
41402 COMPLETE -18,-7
41402 DISPATCH -17,-7
41421 COMPLETE 0,-7
41421 COMPLETE 3,-24
41421 DISPATCH 3,-23
41454 COMPLETE 20,-22
41454 DISPATCH 20,-21
41454 COMPLETE -18,11
41454 DISPATCH -18,12
41459 COMPLETE -14,-24
41461 COMPLETE 0,10
41461 DISPATCH 0,5
41569 COMPLETE -18,12
41569 DISPATCH -18,14
41598 COMPLETE 17,21
41598 DISPATCH 1,22
41598 DISPATCH 18,21
41617 COMPLETE 17,4
41617 DISPATCH 18,3
41617 COMPLETE -18,14
41617 DISPATCH -18,16
41621 COMPLETE -17,-7
41621 DISPATCH -21,-8
41621 COMPLETE 3,-23
41621 DISPATCH -4,-12
41624 COMPLETE 0,5
41624 DISPATCH 1,5
41625 COMPLETE 1,22
41627 COMPLETE -18,16
41627 DISPATCH -19,9
41628 COMPLETE 20,-21
41628 DISPATCH 13,-15
41634 COMPLETE -21,-8
41809 COMPLETE -19,9
41809 DISPATCH -19,7
41809 COMPLETE -4,-12
41809 DISPATCH -20,-12
41862 COMPLETE 18,3
41862 DISPATCH 18,4
41869 COMPLETE 18,21
41869 DISPATCH 2,22
41869 DISPATCH 19,21
41871 COMPLETE 1,5
41871 COMPLETE -19,7
41871 DISPATCH 1,2
41871 DISPATCH -19,8
41872 COMPLETE 13,-15
41872 DISPATCH -1,-16
41872 DISPATCH 16,-16
41961 COMPLETE -19,8
41961 DISPATCH -18,5
41961 DISPATCH -16,23
42107 COMPLETE 1,2
42107 DISPATCH 1,3
42120 COMPLETE -20,-12
42120 DISPATCH -19,-16
42190 COMPLETE 18,4
42190 DISPATCH 19,1
42194 COMPLETE 2,22
42194 DISPATCH 1,20
42194 COMPLETE -1,-16
42194 DISPATCH -1,-15
42200 COMPLETE 1,3
42200 DISPATCH 2,2
42200 COMPLETE 16,-16
42200 DISPATCH 17,-16
42200 COMPLETE -18,5
42200 DISPATCH -18,6
42206 COMPLETE 19,21
42206 DISPATCH 18,19
42208 COMPLETE 1,20
42208 DISPATCH 1,19
42209 COMPLETE -16,23
42299 COMPLETE 18,19
42300 DISPATCH 18,20
42300 COMPLETE 1,19
42300 DISPATCH -15,23
42300 COMPLETE -18,6
42300 DISPATCH -17,2
42398 COMPLETE -19,-16
42398 DISPATCH -19,-15
42398 COMPLETE 19,1
42399 DISPATCH 19,2
42400 COMPLETE -1,-15
42400 DISPATCH 0,-20
42408 COMPLETE 18,20
42408 DISPATCH 2,19
42408 DISPATCH 19,19
42446 COMPLETE -17,2
42446 DISPATCH -17,4
42446 COMPLETE 2,2
42446 DISPATCH 2,1
42446 COMPLETE 17,-16
42446 DISPATCH 18,-16
42621 COMPLETE -15,23
42622 DISPATCH -16,21
42625 COMPLETE 0,-20
42625 DISPATCH 0,-19
42632 COMPLETE 19,2
42633 DISPATCH 20,1
42658 COMPLETE -19,-15
42658 DISPATCH -19,-14
42665 COMPLETE 2,19
42665 DISPATCH 2,18
42665 COMPLETE 19,19
42665 DISPATCH 19,18
42678 COMPLETE -17,4
42678 DISPATCH -16,3
42678 COMPLETE 2,1
42679 DISPATCH 1,-2
42684 COMPLETE 18,-16
42684 DISPATCH 19,-17
42720 COMPLETE -16,21
42720 DISPATCH -16,20
42859 COMPLETE 1,-2
42859 DISPATCH 1,-1
42871 COMPLETE -19,-14
42871 DISPATCH -18,-18
42871 COMPLETE 0,-19
42871 DISPATCH 0,-18
42871 COMPLETE 2,18
42871 DISPATCH 1,16
42871 COMPLETE -16,20
42880 COMPLETE 20,1
42880 DISPATCH 20,0
42880 COMPLETE 19,18
42880 DISPATCH 18,22
42880 COMPLETE -16,3
42881 DISPATCH -18,7
42881 COMPLETE 1,-1
42881 DISPATCH 2,-1
42885 COMPLETE 19,-17
42885 DISPATCH 20,-20
43016 COMPLETE -18,7
43017 DISPATCH -18,8
43091 COMPLETE -18,-18
43092 DISPATCH -20,-11
43092 COMPLETE 0,-18
43092 DISPATCH 1,-21
43094 COMPLETE 20,0
43094 DISPATCH 19,-3
43094 COMPLETE -18,8
43094 DISPATCH -18,9
43094 COMPLETE 1,16
43094 DISPATCH 0,16
43101 COMPLETE 20,-20
43101 DISPATCH 21,-22
43103 COMPLETE 2,-1
43103 DISPATCH 1,-4
43103 COMPLETE 18,22
43103 DISPATCH 17,22
43117 COMPLETE -18,9
43117 DISPATCH -17,6
43124 COMPLETE 0,16
43124 DISPATCH -14,23
43124 COMPLETE 1,-4
43124 DISPATCH 0,6
43124 COMPLETE 17,22
43124 DISPATCH 3,23
43124 DISPATCH 20,14
43168 COMPLETE -20,-11
43168 DISPATCH -19,-13
43168 COMPLETE 19,-3
43168 DISPATCH 19,-5
43468 COMPLETE 0,6
43468 DISPATCH 1,-3
43606 COMPLETE 19,-5
43606 DISPATCH 19,-4
43623 COMPLETE 1,-21
43623 DISPATCH 1,-20
43623 COMPLETE -17,6
43623 DISPATCH -17,5
43641 COMPLETE 21,-22
43642 DISPATCH 21,-21
43642 COMPLETE -14,23
43642 DISPATCH -15,22
43652 COMPLETE 1,-3
43652 DISPATCH 1,4
43809 COMPLETE 19,-4
43809 DISPATCH 20,-4
43809 COMPLETE 3,23
43810 DISPATCH 2,21
43810 COMPLETE -19,-13
43810 DISPATCH -19,-12
43810 COMPLETE -17,5
43810 DISPATCH -16,5
43811 COMPLETE 1,4
43811 DISPATCH 2,-3
43811 COMPLETE 20,14
43811 DISPATCH 19,13
43866 COMPLETE 2,21
43866 DISPATCH 2,14
44080 COMPLETE 1,-20
44080 DISPATCH 2,-22
44080 COMPLETE -15,22
44080 COMPLETE 20,-4
44080 DISPATCH 21,-4
44080 COMPLETE -19,-12
44080 DISPATCH -18,-17
44169 COMPLETE 21,-21
44169 DISPATCH 22,-23
44169 COMPLETE -16,5
44170 DISPATCH -17,1
44170 DISPATCH -16,18
44185 COMPLETE 2,-3
44185 DISPATCH 2,-5
44191 COMPLETE 19,13
44191 DISPATCH 19,14
44192 COMPLETE 2,14
44192 DISPATCH 1,12
44195 COMPLETE -17,1
44195 DISPATCH -16,1
44197 COMPLETE -16,18
44197 DISPATCH -16,19
44235 COMPLETE 19,14
44235 DISPATCH 18,13
44263 COMPLETE -16,1
44264 DISPATCH -16,2
44264 COMPLETE -16,19
44269 COMPLETE 2,-22
44269 DISPATCH 3,-22
44370 COMPLETE -18,-17
44370 DISPATCH -18,-16
44394 COMPLETE 18,13
44394 DISPATCH 18,14
44399 COMPLETE -16,2
44399 DISPATCH -17,7
44407 COMPLETE 2,-5
44407 DISPATCH 3,-5
44409 COMPLETE 21,-4
44409 COMPLETE 1,12
44409 DISPATCH 20,-5
44409 DISPATCH 0,12
44410 COMPLETE 18,14
44410 DISPATCH 17,12
44434 COMPLETE 22,-23
44434 DISPATCH 22,-22
44477 COMPLETE 0,12
44477 DISPATCH 0,13
44477 COMPLETE 20,-5
44477 DISPATCH 21,-5
44477 COMPLETE 17,12
44477 DISPATCH 17,23
44586 COMPLETE -18,-16
44586 DISPATCH -20,-10
44586 COMPLETE 3,-22
44586 DISPATCH 4,-24
44590 COMPLETE 0,13
44590 DISPATCH 0,14
44607 COMPLETE -17,7
44607 DISPATCH -17,8
44609 COMPLETE 3,-5
44609 DISPATCH 1,-7
44694 COMPLETE -20,-10
44694 DISPATCH -20,-9
44744 COMPLETE 0,14
44745 DISPATCH 0,15
44755 COMPLETE 22,-22
44755 DISPATCH 23,-24
44756 COMPLETE 21,-5
44756 DISPATCH 18,5
44756 COMPLETE -20,-9
44756 DISPATCH -19,-11
44757 COMPLETE 17,23
44757 DISPATCH 18,23
44765 COMPLETE 0,15
44766 DISPATCH 1,10
44766 COMPLETE 4,-24
44766 DISPATCH 5,-24
44939 COMPLETE -19,-11
44939 DISPATCH -19,-10
45051 COMPLETE 1,-7
45065 COMPLETE -17,8
45065 DISPATCH -17,9
45135 COMPLETE 1,10
45135 DISPATCH 0,7
45135 COMPLETE 18,5
45135 DISPATCH 17,5
45136 COMPLETE 5,-24
45136 DISPATCH -2,-12
45137 COMPLETE 23,-24
45137 DISPATCH 15,-15
45138 COMPLETE -19,-10
45138 DISPATCH -20,-8
45138 COMPLETE 18,23
45138 DISPATCH 19,22
45181 COMPLETE -20,-8
45181 DISPATCH -19,-9
45214 COMPLETE 0,7
45214 DISPATCH 0,8
45214 COMPLETE 17,5
45215 DISPATCH 19,3
45240 COMPLETE -19,-9
45240 DISPATCH -19,-8
45240 COMPLETE -17,9
45240 DISPATCH -17,10
45250 COMPLETE -2,-12
45250 DISPATCH -2,-11
45250 COMPLETE 0,8
45250 DISPATCH 0,9
45272 COMPLETE 15,-15
45272 COMPLETE -19,-8
45272 DISPATCH 15,-14
45303 COMPLETE 19,22
45303 DISPATCH 19,20
45326 COMPLETE 0,9
45326 DISPATCH 1,6
45326 DISPATCH 2,23
45350 COMPLETE -2,-11
45350 DISPATCH -18,-15
45403 COMPLETE 19,20
45404 DISPATCH 19,23
45407 COMPLETE 19,3
45407 DISPATCH 18,6
45411 COMPLETE 2,23
45417 COMPLETE -17,10
45417 DISPATCH -17,11
45418 COMPLETE 1,6
45418 DISPATCH 1,7
45418 COMPLETE 15,-14
45418 DISPATCH -1,-14
45418 DISPATCH 16,-15
45557 COMPLETE 1,7
45557 DISPATCH 1,8
45591 COMPLETE -18,-15
45592 DISPATCH -18,-14
45592 COMPLETE -17,11
45592 DISPATCH -17,12
45598 COMPLETE 19,23
45598 DISPATCH 20,23
45600 COMPLETE -1,-14
45600 DISPATCH -1,-13
45602 COMPLETE 16,-15
45602 DISPATCH 16,-14
45602 COMPLETE 1,8
45602 DISPATCH 1,9
45606 COMPLETE 18,6
45607 DISPATCH 19,4
45640 COMPLETE 1,9
45641 DISPATCH 1,11
45724 COMPLETE -17,12
45724 DISPATCH -17,13
45724 COMPLETE 1,11
45724 DISPATCH 1,13
45789 COMPLETE -1,-13
45789 DISPATCH -1,-12
45789 COMPLETE -18,-14
45790 DISPATCH -18,-13
45791 COMPLETE 19,4
45791 DISPATCH 19,5
45791 COMPLETE 1,13
45791 DISPATCH 1,14
45792 COMPLETE 16,-14
45792 DISPATCH 16,-13
45792 COMPLETE 20,23
45793 DISPATCH 20,22
45795 COMPLETE -17,13
45795 DISPATCH -17,14
45864 COMPLETE 1,14
45864 DISPATCH 1,15
45939 COMPLETE -17,14
45939 DISPATCH -17,15
45939 COMPLETE -1,-12
45939 DISPATCH -1,-11
45942 COMPLETE -18,-13
45942 DISPATCH -18,-12
45944 COMPLETE 1,15
45945 DISPATCH 1,17
45947 COMPLETE 16,-13
45948 DISPATCH 16,-12
45948 COMPLETE 19,5
45948 DISPATCH 20,5
45948 COMPLETE -17,15
45949 DISPATCH -17,16
45984 COMPLETE 20,22
45984 DISPATCH 21,22
46054 COMPLETE 1,17
46054 DISPATCH 2,6
46054 DISPATCH 4,23
46054 COMPLETE -1,-11
46054 COMPLETE -17,16
46054 DISPATCH -16,6
46054 DISPATCH -13,23
46126 COMPLETE -18,-12
46126 DISPATCH -18,-11
46127 COMPLETE 16,-12
46127 DISPATCH 0,-17
46127 DISPATCH 17,-15
46515 COMPLETE 20,5
46516 DISPATCH 20,2
46516 COMPLETE 4,23
46516 COMPLETE -13,23
46516 COMPLETE -18,-11
46516 DISPATCH -12,23
46516 DISPATCH -17,-22
46554 COMPLETE 2,6
46554 DISPATCH 2,3
46555 COMPLETE -16,6
46555 DISPATCH -17,-5
46578 COMPLETE 21,22
46578 DISPATCH 5,20
46578 DISPATCH 22,19
46608 COMPLETE 0,-17
46608 DISPATCH 0,-16
46608 COMPLETE 17,-15
46608 DISPATCH 18,-15
46611 COMPLETE 20,2
46611 DISPATCH 21,2
46790 COMPLETE 2,3
46790 DISPATCH 3,2
46794 COMPLETE -17,-5
46794 DISPATCH -17,-4
47064 COMPLETE -12,23
47064 DISPATCH -16,13
47294 COMPLETE -17,-22
47294 DISPATCH -17,-21
47294 COMPLETE -17,-4
47309 COMPLETE 5,20
47309 DISPATCH 2,20
47407 COMPLETE 0,-16
47407 DISPATCH -16,-4
47407 DISPATCH 1,-19
47407 COMPLETE 18,-15
47407 DISPATCH 19,-16
47407 COMPLETE 22,19
47407 DISPATCH 20,19
47407 COMPLETE 2,20
47408 DISPATCH 3,19
47452 COMPLETE 21,2
47452 DISPATCH 21,1
47481 COMPLETE 3,2
47481 DISPATCH 2,-2
47499 COMPLETE 20,19
47499 DISPATCH 20,18
47508 COMPLETE -16,13
47508 DISPATCH -16,14
47586 COMPLETE -17,-21
47586 DISPATCH -16,-23
47592 COMPLETE 2,-2
47592 DISPATCH 2,0
47617 COMPLETE 21,1
47617 DISPATCH 22,1
47624 COMPLETE 20,18
47625 DISPATCH 20,20
47626 COMPLETE -16,-4
47626 DISPATCH -17,-3
47627 COMPLETE -16,14
47627 DISPATCH -16,15
47629 COMPLETE 1,-19
47629 DISPATCH 1,-18
47629 COMPLETE 2,0
47629 COMPLETE 19,-16
47629 DISPATCH 3,1
47629 DISPATCH 20,-19
47631 COMPLETE 3,19
47631 DISPATCH 3,18
47643 COMPLETE 20,20
47643 DISPATCH 20,21
47676 COMPLETE -17,-3
47677 DISPATCH -16,-6
47678 COMPLETE -16,15
47678 DISPATCH -16,11
47710 COMPLETE 20,21
47710 DISPATCH 21,18
47796 COMPLETE -16,-23
47858 COMPLETE 3,1
47858 DISPATCH 3,-1
47884 COMPLETE 1,-18
47884 DISPATCH -15,-23
47884 DISPATCH 2,-21
47887 COMPLETE 22,1
47887 DISPATCH 20,-2
47902 COMPLETE 3,18
47902 DISPATCH 2,16
47902 COMPLETE 20,-19
47902 DISPATCH 21,-20
47902 COMPLETE -16,11
47902 DISPATCH -16,12
47931 COMPLETE -16,-6
47931 DISPATCH -16,-5
47939 COMPLETE 21,18
47940 DISPATCH 19,16
47945 COMPLETE -16,12
47945 DISPATCH -16,16
47949 COMPLETE 20,-2
47949 DISPATCH 20,-3
47953 COMPLETE 3,-1
47953 DISPATCH 2,-4
47953 COMPLETE -16,-5
47953 DISPATCH -17,-1
47957 COMPLETE 2,16
47958 DISPATCH 2,13
47972 COMPLETE -16,16
47972 DISPATCH -15,16
47972 COMPLETE 20,-3
47972 DISPATCH 19,-2
47998 COMPLETE 2,-4
47998 COMPLETE -17,-1
47998 DISPATCH -16,-3
47998 COMPLETE 19,16
47998 DISPATCH 19,15
48008 COMPLETE -15,-23
48008 DISPATCH -17,-20
48035 COMPLETE 19,-2
48036 DISPATCH 3,-4
48036 COMPLETE 2,-21
48036 DISPATCH 21,-3
48036 DISPATCH 3,-21
48036 COMPLETE 21,-20
48036 DISPATCH 22,-21
48036 COMPLETE 19,15
48036 DISPATCH 19,17
48140 COMPLETE -16,-3
48140 DISPATCH -16,-2
48159 COMPLETE 19,17
48160 COMPLETE 2,13
48160 DISPATCH 20,15
48160 DISPATCH 2,15
48162 COMPLETE 3,-4
48162 DISPATCH 3,-3
48162 COMPLETE 21,-3
48162 DISPATCH 21,-2
48174 COMPLETE -15,16
48174 DISPATCH -15,15
48174 COMPLETE -16,-2
48174 DISPATCH -15,-3
48174 COMPLETE -17,-20
48175 DISPATCH -16,-22
48175 COMPLETE 2,15
48175 DISPATCH 2,17
48175 COMPLETE 3,-3
48175 DISPATCH 3,-2
48205 COMPLETE 20,15
48205 DISPATCH 20,16
48216 COMPLETE 21,-2
48216 DISPATCH 20,-1
48216 COMPLETE 2,17
48216 DISPATCH 3,15
48238 COMPLETE 3,-2
48238 COMPLETE 3,-21
48238 DISPATCH 2,-20
48259 COMPLETE 20,16
48259 DISPATCH 20,17
48282 COMPLETE 20,-1
48282 DISPATCH 4,-3
48282 DISPATCH 21,-1
48282 COMPLETE 22,-21
48282 DISPATCH 21,-19
48410 COMPLETE -16,-22
48410 DISPATCH -16,-21
48426 COMPLETE 20,17
48426 DISPATCH 21,16
48427 COMPLETE -15,15
48427 DISPATCH -15,14
48427 COMPLETE 21,-1
48427 DISPATCH 22,-2
48485 COMPLETE -15,-3
48485 DISPATCH -15,-4
48503 COMPLETE 3,15
48503 DISPATCH 3,14
48503 COMPLETE 2,-20
48503 DISPATCH 3,-20
48533 COMPLETE 4,-3
48595 COMPLETE 21,-19
48595 DISPATCH 5,-3
48595 DISPATCH 22,-20
48683 COMPLETE -15,14
48683 DISPATCH -15,13
48683 COMPLETE -16,-21
48683 DISPATCH -15,-22
48683 COMPLETE 21,16
48683 DISPATCH 21,15
48747 COMPLETE 22,-2
48747 DISPATCH 22,-3
48749 COMPLETE -15,-4
48749 COMPLETE 3,14
48749 DISPATCH -15,-5
48749 DISPATCH 3,16
48752 COMPLETE 3,-20
48752 DISPATCH 4,-23
48793 COMPLETE 5,-3
48793 DISPATCH 2,-6
48808 COMPLETE 22,-20
48808 DISPATCH 23,-23
48808 COMPLETE 3,16
48808 DISPATCH 2,11
48855 COMPLETE -15,13
48855 DISPATCH -15,12
48863 COMPLETE -15,-22
48863 DISPATCH -14,-23
48863 COMPLETE 21,15
48863 DISPATCH 21,14
48866 COMPLETE 4,-23
48866 DISPATCH 5,-23
48877 COMPLETE 22,-3
48878 DISPATCH 21,-6
48878 COMPLETE -15,-5
48878 DISPATCH -15,-6
48979 COMPLETE 2,11
48979 DISPATCH 2,12
48980 COMPLETE 2,-6
48980 DISPATCH 3,-6
48980 COMPLETE 23,-23
48984 COMPLETE -15,12
48984 DISPATCH -15,11
49001 COMPLETE 5,-23
49001 COMPLETE -14,-23
49001 DISPATCH 6,-24
49002 DISPATCH -13,-24
49012 COMPLETE 2,12
49012 DISPATCH 3,11
49012 COMPLETE 21,14
49013 DISPATCH 20,11
49036 COMPLETE -15,-6
49037 DISPATCH -16,-7
49074 COMPLETE 21,-6
49074 DISPATCH 20,-7
49233 COMPLETE 6,-24
49234 DISPATCH 7,-24
49439 COMPLETE 3,-6
49440 COMPLETE -13,-24
49440 DISPATCH 1,-6
49440 DISPATCH -12,-24
49474 COMPLETE -15,11
49474 DISPATCH -16,10
49474 COMPLETE 3,11
49474 DISPATCH 3,12
49474 COMPLETE 7,-24
49474 DISPATCH 8,-24
49474 COMPLETE 20,11
49474 COMPLETE -16,-7
49474 DISPATCH 20,10
49475 COMPLETE 1,-6
49475 DISPATCH -15,-7
49475 DISPATCH 2,-7
49481 COMPLETE 20,-7
49481 DISPATCH 21,-7
49495 COMPLETE 3,12
49495 DISPATCH 2,10
49545 COMPLETE 8,-24
49545 DISPATCH 9,-24
49556 COMPLETE -16,10
49556 DISPATCH -15,10
49654 COMPLETE -12,-24
49654 DISPATCH -11,-24
49654 COMPLETE 9,-24
49654 COMPLETE 2,10
49654 DISPATCH 3,10
49665 COMPLETE 20,10
49666 DISPATCH 20,12
49666 COMPLETE -15,-7
49666 COMPLETE 2,-7
49666 DISPATCH -14,-7
49666 DISPATCH 3,-7
49678 COMPLETE 21,-7
49678 DISPATCH 20,-18
49693 COMPLETE 20,12
49693 DISPATCH 20,3
49693 DISPATCH 21,20
49697 COMPLETE -11,-24
49697 DISPATCH -10,-24
49738 COMPLETE -15,10
49738 DISPATCH -15,17
49752 COMPLETE 20,3
49753 DISPATCH 21,0
49806 COMPLETE 21,20
49806 DISPATCH 21,17
49824 COMPLETE -10,-24
49825 DISPATCH -9,-24
49825 COMPLETE 3,10
49825 DISPATCH 3,13
49825 COMPLETE 3,-7
49829 COMPLETE 21,0
49829 DISPATCH 22,-1
49829 COMPLETE -14,-7
49829 DISPATCH -16,-1
49829 COMPLETE 21,17
49829 COMPLETE 20,-18
49829 DISPATCH 21,19
49829 DISPATCH 4,-7
49829 DISPATCH 21,-18
49832 COMPLETE -9,-24
49832 DISPATCH -17,-19
49832 COMPLETE 3,13
49832 DISPATCH 3,17
49856 COMPLETE 22,-1
49857 DISPATCH 22,0
49922 COMPLETE -16,-1
49923 DISPATCH -15,-2
49927 COMPLETE 21,19
49928 COMPLETE 3,17
49928 DISPATCH 21,21
49928 DISPATCH 3,20
49932 COMPLETE 22,0
49932 DISPATCH 21,3
49932 COMPLETE -15,17
49932 DISPATCH -15,18
49932 COMPLETE 4,-7
49932 DISPATCH 2,-19
49932 DISPATCH 3,0
49957 COMPLETE 21,21
49957 DISPATCH 21,23
49970 COMPLETE 3,20
49971 DISPATCH 3,21
49978 COMPLETE 3,0
49979 DISPATCH 2,4
49979 COMPLETE 21,-18
49979 COMPLETE -15,18
49979 DISPATCH 19,-15
49979 DISPATCH -15,19
49987 COMPLETE -17,-19
49987 DISPATCH -16,-20
49987 COMPLETE 3,21
49988 DISPATCH 3,22
50007 COMPLETE 2,4
50007 DISPATCH 2,5
50024 COMPLETE -15,-2
50024 DISPATCH -15,-1
50024 COMPLETE -15,19
50025 DISPATCH -15,20
50028 COMPLETE 3,22
50028 DISPATCH 4,22
50042 COMPLETE 21,3
50042 DISPATCH 20,4
50067 COMPLETE 2,5
50067 DISPATCH 3,3
50067 COMPLETE 2,-19
50067 DISPATCH 2,-18
50067 COMPLETE -15,20
50067 DISPATCH -15,21
50081 COMPLETE 4,22
50081 DISPATCH 4,21
50109 COMPLETE 20,4
50110 DISPATCH 21,4
50110 COMPLETE 19,-15
50110 DISPATCH 19,-14
50111 COMPLETE -15,21
50111 DISPATCH -14,16
50114 COMPLETE 21,23
50114 DISPATCH 22,21
50133 COMPLETE 4,21
50133 DISPATCH 4,20
50133 COMPLETE -16,-20
50134 DISPATCH -17,-18
50134 COMPLETE -15,-1
50134 DISPATCH -14,-1
50360 COMPLETE 4,20
50360 DISPATCH 5,21
50452 COMPLETE 2,-18
50453 COMPLETE 3,3
50453 DISPATCH 3,4
50453 COMPLETE 21,4
50453 DISPATCH 22,3
50453 COMPLETE 19,-14
50453 DISPATCH 3,-19
50453 DISPATCH 20,-17
50474 COMPLETE -14,16
50474 DISPATCH -14,17
50501 COMPLETE -17,-18
50501 DISPATCH -16,-19
50511 COMPLETE -14,-1
50511 DISPATCH -15,0
50528 COMPLETE 22,21
50528 DISPATCH 22,20
50533 COMPLETE 5,21
50533 DISPATCH 5,22
50628 COMPLETE 22,20
50628 DISPATCH 22,22
50660 COMPLETE 3,4
50660 DISPATCH 3,5
50660 COMPLETE -14,17
50661 DISPATCH -14,18
50662 COMPLETE 22,3
50662 DISPATCH 21,5
50702 COMPLETE 3,-19
50702 COMPLETE 20,-17
50702 DISPATCH 1,-17
50702 DISPATCH 18,-14
50703 COMPLETE -16,-19
50703 DISPATCH -17,-17
50703 COMPLETE -15,0
50703 DISPATCH -15,1
50703 COMPLETE 5,22
50703 DISPATCH 5,23
50755 COMPLETE 18,-14
50755 DISPATCH 18,-13
50765 COMPLETE 3,5
50765 DISPATCH 3,6
50772 COMPLETE -14,18
50772 DISPATCH -14,19
50837 COMPLETE 21,5
50838 DISPATCH 22,4
50886 COMPLETE 5,23
50886 COMPLETE 22,22
50887 DISPATCH 6,23
50887 COMPLETE 3,6
50887 DISPATCH 23,21
50887 DISPATCH 4,4
50887 COMPLETE -15,1
50887 DISPATCH -15,2
50887 COMPLETE -17,-17
50887 DISPATCH -17,-16
50887 COMPLETE -14,19
50887 DISPATCH -14,20
50889 COMPLETE 1,-17
50889 DISPATCH 0,-15
50889 COMPLETE 18,-13
50889 DISPATCH 17,-14
50967 COMPLETE 17,-14
50967 DISPATCH 17,-13
51024 COMPLETE 6,23
51024 DISPATCH 6,21
51047 COMPLETE -14,20
51047 DISPATCH -14,21
51110 COMPLETE 22,4
51110 DISPATCH 23,4
51110 COMPLETE 17,-13
51110 DISPATCH 19,-13
51162 COMPLETE 4,4
51162 DISPATCH 5,4
51162 COMPLETE -14,21
51162 DISPATCH -14,22
51211 COMPLETE -17,-16
51211 DISPATCH -17,-15
51211 COMPLETE -15,2
51211 DISPATCH -16,4
51211 COMPLETE 6,21
51211 DISPATCH 6,22
51211 COMPLETE 0,-15
51211 DISPATCH 0,-14
51327 COMPLETE -14,22
51327 DISPATCH -13,21
51327 COMPLETE 23,21
51327 COMPLETE -16,4
51327 DISPATCH -15,3
51327 DISPATCH 23,22
51327 COMPLETE 6,22
51415 COMPLETE 19,-13
51415 DISPATCH 20,-16
51459 COMPLETE 5,4
51459 DISPATCH 4,3
51459 DISPATCH 6,20
51469 COMPLETE 23,4
51469 DISPATCH 22,2
51526 COMPLETE -17,-15
51526 DISPATCH -17,-14
51526 COMPLETE 0,-14
51527 DISPATCH 1,-16
51527 COMPLETE -13,21
51527 DISPATCH -13,20
51541 COMPLETE 22,2
51541 DISPATCH 23,1
51543 COMPLETE 6,20
51543 COMPLETE 4,3
51543 DISPATCH 4,1
51543 DISPATCH 4,18
51545 COMPLETE -15,3
51545 DISPATCH -14,3
51546 COMPLETE 20,-16
51546 DISPATCH 21,-17
51561 COMPLETE 23,22
51561 DISPATCH 22,18
51760 COMPLETE -13,20
51760 DISPATCH -13,22
51775 COMPLETE 4,1
51775 DISPATCH 5,1
51788 COMPLETE 4,18
51788 DISPATCH 4,19
51835 COMPLETE 1,-16
51835 DISPATCH 2,-17
51835 COMPLETE -17,-14
51836 DISPATCH -16,-18
51836 COMPLETE -14,3
51836 DISPATCH -15,4
51845 COMPLETE -13,22
51845 COMPLETE 21,-17
51845 DISPATCH 21,-16
51845 COMPLETE 22,18
51845 DISPATCH 22,23
51845 COMPLETE 4,19
51845 DISPATCH -12,21
51845 DISPATCH 5,18
51858 COMPLETE 23,1
51858 DISPATCH 22,5
52038 COMPLETE 5,1
52038 DISPATCH 4,0
52041 COMPLETE -15,4
52041 DISPATCH -14,0
52041 COMPLETE 2,-17
52041 DISPATCH 3,-18
52041 COMPLETE -16,-18
52042 DISPATCH -16,-17
52067 COMPLETE -12,21
52068 COMPLETE 5,18
52068 DISPATCH -13,17
52068 DISPATCH 4,17
52082 COMPLETE 21,-16
52082 DISPATCH 21,-15
52103 COMPLETE 22,5
52103 DISPATCH 21,6
52103 COMPLETE 22,23
52103 DISPATCH 23,23
52193 COMPLETE 4,0
52194 DISPATCH 4,-1
52194 COMPLETE -14,0
52194 DISPATCH -13,0
52258 COMPLETE 4,17
52258 COMPLETE -13,17
52258 DISPATCH 4,16
52259 DISPATCH -13,18
52260 COMPLETE -16,-17
52260 DISPATCH -15,-21
52375 COMPLETE 4,-1
52380 COMPLETE 3,-18
52380 DISPATCH 3,-17
52380 COMPLETE 21,-15
52380 DISPATCH 20,-15
52421 COMPLETE -13,18
52421 DISPATCH -13,19
52453 COMPLETE 21,6
52453 DISPATCH 22,6
52453 COMPLETE 20,-15
52453 DISPATCH 20,-14
52454 COMPLETE -13,19
52455 COMPLETE -13,0
52455 DISPATCH -16,7
52475 COMPLETE 23,23
52475 COMPLETE 4,16
52475 DISPATCH 2,7
52501 COMPLETE -15,-21
52501 DISPATCH -18,-10
52501 COMPLETE -16,7
52501 DISPATCH -16,8
52512 COMPLETE 3,-17
52512 DISPATCH -1,-10
52531 COMPLETE -16,8
52531 DISPATCH -16,9
52553 COMPLETE 2,7
52553 DISPATCH 2,8
52563 COMPLETE -18,-10
52563 DISPATCH -18,-9
52571 COMPLETE -16,9
52571 DISPATCH -15,8
52571 COMPLETE 20,-14
52571 COMPLETE -1,-10
52571 DISPATCH 16,-11
52571 DISPATCH -1,-9
52587 COMPLETE 2,8
52587 DISPATCH 2,9
52587 COMPLETE 22,6
52587 DISPATCH 19,6
52587 COMPLETE -18,-9
52589 COMPLETE -1,-9
52589 DISPATCH -17,-13
52590 COMPLETE 16,-11
52590 DISPATCH 0,-13
52590 DISPATCH 17,-12
52622 COMPLETE 2,9
52622 DISPATCH 7,23
52622 COMPLETE 19,6
52622 DISPATCH 4,5
52622 DISPATCH 23,5
52687 COMPLETE -15,8
52688 DISPATCH -15,5
52688 DISPATCH -12,22
52693 COMPLETE -17,-13
52693 DISPATCH -17,-12
52693 COMPLETE 0,-13
52693 DISPATCH 0,-12
52693 COMPLETE 17,-12
52693 DISPATCH 18,-12
52708 COMPLETE 7,23
52709 DISPATCH 7,22
52755 COMPLETE -12,22
52755 DISPATCH -11,22
52767 COMPLETE -15,5
52767 DISPATCH -14,5
52798 COMPLETE 4,5
52798 COMPLETE 0,-12
52798 DISPATCH 1,-15
52798 DISPATCH 5,5
52800 COMPLETE 7,22
52800 DISPATCH 8,22
52800 COMPLETE -17,-12
52800 DISPATCH -16,-16
52803 COMPLETE 23,5
52811 COMPLETE 18,-12
52811 DISPATCH 19,-12
52813 COMPLETE -11,22
52813 DISPATCH -11,23
52813 COMPLETE 8,22
52813 DISPATCH 8,23
52813 DISPATCH 23,6
52918 COMPLETE 8,23
52918 DISPATCH 9,23
52924 COMPLETE 5,5
52924 DISPATCH 4,6
52924 COMPLETE -11,23
52924 DISPATCH -10,23
52924 COMPLETE -14,5
52924 DISPATCH -15,6
52943 COMPLETE 1,-15
52943 DISPATCH 1,-14
52943 COMPLETE -16,-16
52943 DISPATCH -17,-11
52945 COMPLETE 9,23
52945 DISPATCH 12,23
52945 COMPLETE 19,-12
52945 DISPATCH 18,-11
52983 COMPLETE -15,6
52983 DISPATCH -14,6
52995 COMPLETE -10,23
52995 DISPATCH -9,23
52995 COMPLETE 12,23
52995 DISPATCH 16,23
53000 COMPLETE 4,6
53000 DISPATCH 5,6
53000 COMPLETE 23,6
53001 COMPLETE -17,-11
53001 DISPATCH -16,-15
53011 COMPLETE 18,-11
53011 DISPATCH 19,-11
53011 COMPLETE -9,23
53011 DISPATCH -8,23
53011 COMPLETE 16,23
53012 DISPATCH 22,7
53060 COMPLETE -8,23
53080 COMPLETE 1,-14
53081 DISPATCH 1,-13
53081 COMPLETE 19,-11
53081 COMPLETE 5,6
53081 DISPATCH 20,-13
53081 DISPATCH 3,7
53085 COMPLETE -14,6
53085 DISPATCH -15,7
53085 COMPLETE -16,-15
53085 DISPATCH -17,-10
53141 COMPLETE -15,7
53141 DISPATCH -15,9
53158 COMPLETE 3,7
53159 DISPATCH 3,8
53159 COMPLETE -17,-10
53159 DISPATCH -18,-8
53162 COMPLETE 22,7
53162 DISPATCH 20,6
53163 COMPLETE -15,9
53163 DISPATCH -14,9
53163 COMPLETE 1,-13
53163 DISPATCH 0,-11
53174 COMPLETE 3,8
53174 DISPATCH 3,9
53174 COMPLETE -18,-8
53174 COMPLETE 20,-13
53174 DISPATCH -17,-9
53174 DISPATCH 17,-11
53174 COMPLETE 20,6
53175 DISPATCH 20,7
53212 COMPLETE 0,-11
53212 DISPATCH 0,-10
53261 COMPLETE 3,9
53261 COMPLETE -17,-9
53261 DISPATCH -17,-8
53261 COMPLETE 17,-11
53261 DISPATCH 17,-10
53268 COMPLETE 20,7
53268 DISPATCH 4,7
53268 DISPATCH 21,7
53290 COMPLETE -14,9
53290 DISPATCH -14,10
53291 COMPLETE -17,-8
53292 COMPLETE 0,-10
53292 DISPATCH -16,-14
53292 COMPLETE 21,7
53292 DISPATCH 21,8
53301 COMPLETE 17,-10
53301 DISPATCH 1,-12
53301 DISPATCH 18,-10
53406 COMPLETE 18,-10
53406 DISPATCH 19,-10
53407 COMPLETE 4,7
53407 DISPATCH 4,8
53413 COMPLETE -14,10
53413 DISPATCH -14,7
53414 COMPLETE -16,-14
53414 COMPLETE 21,8
53414 DISPATCH -16,-13
53414 DISPATCH 21,9
53414 COMPLETE 1,-12
53414 DISPATCH 1,-11
53422 COMPLETE 19,-10
53423 DISPATCH 18,-9
53425 COMPLETE -14,7
53425 DISPATCH -14,8
53431 COMPLETE 18,-9
53432 DISPATCH 19,-9
53434 COMPLETE -14,8
53434 COMPLETE 1,-11
53434 DISPATCH -14,11
53435 DISPATCH 1,-10
53452 COMPLETE 19,-9
53453 DISPATCH 20,-12
53500 COMPLETE 1,-10
53500 DISPATCH 1,-9
53500 COMPLETE 4,8
53500 DISPATCH 4,9
53501 COMPLETE -16,-13
53501 DISPATCH -16,-12
53504 COMPLETE 21,9
53504 DISPATCH 21,10
53504 COMPLETE -14,11
53505 DISPATCH -14,12
53522 COMPLETE 1,-9
53522 DISPATCH 1,-8
53576 COMPLETE 21,10
53576 DISPATCH 21,11
53578 COMPLETE -14,12
53578 DISPATCH -14,13
53581 COMPLETE 1,-8
53581 DISPATCH 2,-16
53583 COMPLETE 4,9
53583 DISPATCH 4,10
53583 COMPLETE 20,-12
53583 DISPATCH 19,-8
53590 COMPLETE -16,-12
53590 DISPATCH -16,-11
53598 COMPLETE 21,11
53598 DISPATCH 21,12
53598 COMPLETE 19,-8
53598 DISPATCH 20,-11
53599 COMPLETE -14,13
53599 DISPATCH -14,14
53601 COMPLETE -16,-11
53601 DISPATCH -16,-10
53610 COMPLETE 21,12
53610 DISPATCH 21,13
53610 COMPLETE -14,14
53610 DISPATCH -14,15
53612 COMPLETE 20,-11
53612 DISPATCH 20,-10
53643 COMPLETE 21,13
53643 DISPATCH 22,8
53643 COMPLETE -14,15
53643 DISPATCH -13,7
53644 COMPLETE -16,-10
53644 DISPATCH -15,-20
53686 COMPLETE 20,-10
53686 DISPATCH 20,-9
53686 COMPLETE 4,10
53686 DISPATCH 4,11
53694 COMPLETE 2,-16
53694 DISPATCH 2,-15
53768 COMPLETE 20,-9
53768 DISPATCH 21,-14
53782 COMPLETE -13,7
53782 DISPATCH -14,2
53783 COMPLETE 22,8
53783 COMPLETE -15,-20
53783 DISPATCH 22,9
53783 DISPATCH -15,-19
53791 COMPLETE 4,11
53791 COMPLETE -14,2
53791 DISPATCH -13,2
53791 DISPATCH -12,19
53791 DISPATCH 4,2
53791 DISPATCH 5,19
53903 COMPLETE 4,2
53903 COMPLETE 5,19
53903 DISPATCH 5,3
53918 COMPLETE 2,-15
53918 DISPATCH 3,-16
53922 COMPLETE 21,-14
53922 DISPATCH 22,-19
53926 COMPLETE -15,-19
53926 COMPLETE -13,2
53926 COMPLETE -12,19
53926 DISPATCH -15,-18
53926 DISPATCH -14,1
53926 DISPATCH -12,18
53927 COMPLETE 5,3
53927 COMPLETE 22,9
53927 DISPATCH 5,2
53927 DISPATCH 6,19
53927 DISPATCH 23,-2
53927 DISPATCH 23,15
53980 COMPLETE -14,1
53981 DISPATCH -13,1
54015 COMPLETE 5,2
54015 DISPATCH 6,1
54052 COMPLETE 6,19
54052 COMPLETE 3,-16
54052 DISPATCH 4,-22
54052 DISPATCH 6,18
54052 COMPLETE -12,18
54052 DISPATCH -12,20
54151 COMPLETE -13,1
54151 DISPATCH -13,-1
54188 COMPLETE 22,-19
54188 COMPLETE -15,-18
54188 DISPATCH 23,-22
54188 DISPATCH -14,-22
54189 COMPLETE 6,1
54189 DISPATCH 4,-5
54202 COMPLETE -12,20
54202 DISPATCH -13,16
54205 COMPLETE 23,15
54205 DISPATCH 23,16
54212 COMPLETE 23,-2
54212 DISPATCH 22,-5
54243 COMPLETE 6,18
54243 DISPATCH 4,12
54308 COMPLETE 4,-5
54308 COMPLETE 4,-22
54308 DISPATCH 5,-5
54308 DISPATCH 5,-22
54314 COMPLETE -13,-1
54314 DISPATCH -14,-5
54329 COMPLETE -14,-22
54329 DISPATCH -13,-23
54329 COMPLETE 23,-22
54329 COMPLETE -13,16
54329 DISPATCH -13,12
54372 COMPLETE 23,16
54372 DISPATCH 22,12
54372 COMPLETE 4,12
54373 DISPATCH 4,13
54521 COMPLETE 22,-5
54521 DISPATCH 22,-18
54543 COMPLETE 5,-5
54543 DISPATCH 4,-4
54543 COMPLETE 5,-22
54543 COMPLETE -14,-5
54543 DISPATCH -14,-6
54543 COMPLETE 4,13
54543 DISPATCH 4,-21
54543 DISPATCH 4,14
54545 COMPLETE -13,-23
54545 COMPLETE -13,12
54545 DISPATCH -13,11
54550 COMPLETE 22,12
54550 DISPATCH 22,10
54550 COMPLETE 4,-4
54551 COMPLETE -14,-6
54551 DISPATCH 5,-4
54551 DISPATCH -16,-9
54551 COMPLETE 4,14
54551 DISPATCH 4,15
54553 COMPLETE -13,11
54553 DISPATCH -13,8
54557 COMPLETE 22,10
54557 COMPLETE 5,-4
54557 DISPATCH 4,-2
54557 DISPATCH 22,11
54557 COMPLETE -16,-9
54557 DISPATCH -15,-17
54557 COMPLETE 4,15
54558 DISPATCH 5,15
54571 COMPLETE -13,8
54571 DISPATCH -14,4
54571 COMPLETE 4,-2
54571 DISPATCH 5,-2
54589 COMPLETE 22,11
54589 DISPATCH 22,13
54640 COMPLETE -14,4
54640 DISPATCH -13,3
54647 COMPLETE 4,-21
54647 COMPLETE 22,13
54647 DISPATCH 4,-20
54647 COMPLETE 22,-18
54647 DISPATCH 22,-17
54647 DISPATCH 22,14
54653 COMPLETE 5,-2
54653 COMPLETE 5,15
54653 DISPATCH -11,20
54653 DISPATCH 5,-1
54670 COMPLETE 22,14
54670 COMPLETE -15,-17
54670 DISPATCH 6,16
54670 DISPATCH 23,17
54670 COMPLETE -13,3
54671 DISPATCH -12,1
54670 DISPATCH 23,0
54670 DISPATCH -15,-16
54706 COMPLETE 5,-1
54708 COMPLETE -11,20
54708 DISPATCH -11,18
54746 COMPLETE 23,0
54791 COMPLETE 6,16
54791 COMPLETE 23,17
54791 DISPATCH 5,0
54791 DISPATCH 23,2
54791 DISPATCH 23,19
54791 DISPATCH 6,17
54800 COMPLETE 4,-20
54800 DISPATCH 4,-19
54800 COMPLETE 22,-17
54800 DISPATCH 22,-16
54800 COMPLETE -11,18
54800 DISPATCH -11,19
54800 COMPLETE 5,0
54801 COMPLETE 23,2
54804 COMPLETE 6,17
54804 DISPATCH 6,2
54804 COMPLETE -12,1
54804 DISPATCH -12,2
54812 COMPLETE 23,19
54812 DISPATCH 7,19
54812 COMPLETE -11,19
54812 DISPATCH -11,21
54901 COMPLETE 6,2
54901 DISPATCH 7,1
54901 COMPLETE -11,21
54901 DISPATCH -10,19
54938 COMPLETE -15,-16
54938 COMPLETE 7,19
54938 DISPATCH -15,-15
54939 DISPATCH 7,18
54939 COMPLETE 4,-19
54939 DISPATCH 4,-18
54939 COMPLETE -12,2
54939 DISPATCH -11,2
54953 COMPLETE 22,-16
54953 DISPATCH 23,-21
54953 COMPLETE 7,1
54953 DISPATCH 6,-1
54953 DISPATCH 23,-4
54969 COMPLETE -10,19
54970 DISPATCH -10,20
54970 COMPLETE 7,18
54970 DISPATCH 7,16
55011 COMPLETE -11,2
55011 DISPATCH -12,3
55036 COMPLETE 6,-1
55038 COMPLETE -15,-15
55038 DISPATCH -15,-14
55061 COMPLETE 4,-18
55061 DISPATCH 2,-14
55064 COMPLETE -10,20
55064 DISPATCH -10,21
55064 COMPLETE 7,16
55064 DISPATCH 6,3
55064 DISPATCH 7,20
55076 COMPLETE 23,-21
55082 COMPLETE 23,-4
55082 COMPLETE -10,21
55082 DISPATCH 22,-15
55082 DISPATCH 23,3
55082 DISPATCH -10,22
55084 COMPLETE 7,20
55084 DISPATCH 7,21
55087 COMPLETE -12,3
55087 DISPATCH -13,4
55087 COMPLETE 6,3
55087 DISPATCH 6,4
55088 COMPLETE 23,3
55099 COMPLETE -10,22
55100 COMPLETE 7,21
55100 DISPATCH -9,21
55100 DISPATCH 8,21
55138 COMPLETE -13,4
55138 DISPATCH -12,4
55138 COMPLETE 6,4
55138 COMPLETE -9,21
55138 DISPATCH 7,3
55138 DISPATCH -9,22
55138 COMPLETE 8,21
55138 DISPATCH 8,20
55149 COMPLETE 2,-14
55149 DISPATCH 3,-15
55149 COMPLETE -15,-14
55149 DISPATCH -15,-13
55150 COMPLETE -9,22
55172 COMPLETE 22,-15
55172 DISPATCH 22,-14
55172 COMPLETE 8,20
55172 DISPATCH -8,21
55172 COMPLETE 7,3
55172 DISPATCH 9,20
55172 DISPATCH 8,3
55187 COMPLETE -12,4
55187 DISPATCH -11,4
55209 COMPLETE -8,21
55209 DISPATCH -8,22
55209 COMPLETE 9,20
55209 DISPATCH 9,21
55209 COMPLETE 8,3
55209 DISPATCH 7,4
55209 COMPLETE -15,-13
55209 DISPATCH -14,-21
55217 COMPLETE 3,-15
55217 DISPATCH 3,-14
55218 COMPLETE -8,22
55218 COMPLETE -11,4
55218 DISPATCH -14,-4
55218 DISPATCH -13,13
55218 COMPLETE 9,21
55218 DISPATCH 9,22
55222 COMPLETE 7,4
55222 DISPATCH 6,5
55251 COMPLETE 9,22
55251 DISPATCH 16,22
55251 COMPLETE -14,-4
55251 COMPLETE -13,13
55251 DISPATCH -14,-3
55251 DISPATCH -13,14
55264 COMPLETE 6,5
55264 DISPATCH 7,5
55279 COMPLETE 22,-14
55279 COMPLETE 16,22
55279 DISPATCH 21,-13
55279 COMPLETE -14,-3
55280 COMPLETE -13,14
55280 DISPATCH -14,-2
55280 DISPATCH -13,15
55283 COMPLETE 3,-14
55283 COMPLETE -14,-21
55283 DISPATCH 3,-13
55283 DISPATCH -14,-20
55290 COMPLETE -14,-2
55314 COMPLETE -13,15
55314 DISPATCH -13,5
55314 COMPLETE 7,5
55315 DISPATCH 5,7
55315 DISPATCH 22,15
55359 COMPLETE 21,-13
55359 COMPLETE -13,5
55359 DISPATCH 21,-12
55359 DISPATCH -13,6
55359 COMPLETE 22,15
55359 DISPATCH 22,16
55359 COMPLETE -14,-20
55359 DISPATCH -15,-12
55359 COMPLETE 3,-13
55359 DISPATCH 2,-13
55362 COMPLETE -13,6
55362 DISPATCH -13,9
55365 COMPLETE 22,16
55365 DISPATCH 22,17
55365 COMPLETE 2,-13
55365 DISPATCH 2,-12
55378 COMPLETE -13,9
55378 DISPATCH -13,10
55411 COMPLETE 22,17
55411 DISPATCH 23,7
55425 COMPLETE 5,7
55425 DISPATCH 5,8
55425 COMPLETE -13,10
55425 DISPATCH -12,5
55430 COMPLETE -15,-12
55430 COMPLETE 21,-12
55430 DISPATCH 21,-11
55430 COMPLETE 2,-12
55430 DISPATCH -14,-19
55430 DISPATCH 3,-12
55475 COMPLETE 21,-11
55476 DISPATCH 21,-10
55496 COMPLETE 5,8
55497 DISPATCH 5,9
55502 COMPLETE -12,5
55502 DISPATCH -12,6
55502 COMPLETE 3,-12
55503 DISPATCH 3,-11
55516 COMPLETE -14,-19
55516 DISPATCH -15,-11
55516 COMPLETE 23,7
55516 DISPATCH 23,8
55538 COMPLETE 21,-10
55538 DISPATCH 21,-9
55550 COMPLETE 3,-11
55550 DISPATCH 2,-11
55553 COMPLETE 5,9
55553 DISPATCH 5,10
55553 COMPLETE -15,-11
55554 COMPLETE 21,-9
55554 DISPATCH 22,-13
55556 COMPLETE -12,6
55556 DISPATCH -16,-8
55556 DISPATCH -12,9
55556 COMPLETE 2,-11
55556 DISPATCH 2,-10
55577 COMPLETE -16,-8
55577 DISPATCH -15,-10
55670 COMPLETE 2,-10
55670 DISPATCH 2,-9
55677 COMPLETE 23,8
55677 DISPATCH 23,9
55677 COMPLETE 5,10
55677 DISPATCH 5,11
55677 COMPLETE -15,-10
55677 DISPATCH -15,-9
55677 COMPLETE -12,9
55678 DISPATCH -12,8
55678 COMPLETE 2,-9
55678 DISPATCH 3,-10
55679 COMPLETE 22,-13
55679 DISPATCH 20,-8
55688 COMPLETE -15,-9
55689 DISPATCH -14,-18
55689 COMPLETE -12,8
55689 DISPATCH -12,7
55694 COMPLETE 20,-8
55694 DISPATCH 21,-8
55694 COMPLETE 5,11
55695 DISPATCH 5,12
55695 COMPLETE 3,-10
55695 DISPATCH 4,-17
55701 COMPLETE -12,7
55701 DISPATCH -12,0
55701 DISPATCH -12,17
55701 COMPLETE 21,-8
55701 DISPATCH 22,-12
55739 COMPLETE 5,12
55739 DISPATCH 5,13
55786 COMPLETE 23,9
55787 DISPATCH 23,10
55799 COMPLETE 5,13
55799 DISPATCH 5,14
55799 COMPLETE 4,-17
55800 DISPATCH 5,-21
55800 COMPLETE -14,-18
55800 DISPATCH -14,-17
55800 COMPLETE -12,0
55805 COMPLETE -12,17
55805 DISPATCH -12,10
55805 COMPLETE 5,14
55805 DISPATCH 5,16
55808 COMPLETE 22,-12
55808 DISPATCH 6,-4
55808 DISPATCH 23,-20
55850 COMPLETE 5,16
55850 DISPATCH 5,17
55887 COMPLETE 6,-4
55887 DISPATCH 6,-3
55889 COMPLETE 23,10
55889 DISPATCH 23,-3
55889 DISPATCH 23,14
55889 COMPLETE 5,17
55890 DISPATCH 6,14
55891 COMPLETE -14,-17
55891 DISPATCH -15,-8
55891 COMPLETE 5,-21
55891 DISPATCH 5,-20
55892 COMPLETE -12,10
55892 DISPATCH -12,11
55892 COMPLETE 6,-3
55905 COMPLETE 23,-3
55905 DISPATCH 7,-3
55931 COMPLETE -15,-8
55931 DISPATCH -14,-16
55932 COMPLETE 23,14
55932 DISPATCH 23,18
55932 COMPLETE 6,14
55932 DISPATCH 6,15
55956 COMPLETE 23,-20
55957 COMPLETE 23,18
55957 DISPATCH 23,20
55962 COMPLETE 6,15
55963 COMPLETE 7,-3
55963 DISPATCH 6,-2
55963 DISPATCH 23,-19
55963 DISPATCH 23,-1
55963 COMPLETE 5,-20
55963 DISPATCH 5,-19
55963 COMPLETE -12,11
55963 DISPATCH -12,12
55964 COMPLETE 23,20
55964 DISPATCH 7,17
55971 COMPLETE 6,-2
55972 DISPATCH 6,0
55974 COMPLETE 23,-1
55987 COMPLETE 7,17
55988 DISPATCH 8,17
56002 COMPLETE 6,0
56002 DISPATCH 7,-2
56046 COMPLETE -14,-16
56046 DISPATCH -14,-15
56046 COMPLETE 8,17
56046 DISPATCH 7,15
56046 COMPLETE -12,12
56046 DISPATCH -12,13
56058 COMPLETE 23,-19
56058 COMPLETE 5,-19
56058 DISPATCH 6,-23
56064 COMPLETE 7,-2
56064 COMPLETE 7,15
56064 DISPATCH 4,-6
56064 DISPATCH 6,11
56064 DISPATCH 23,11
56064 DISPATCH 22,-6
56064 COMPLETE -12,13
56065 DISPATCH -12,14
56096 COMPLETE 6,-23
56096 DISPATCH 7,-23
56097 COMPLETE 4,-6
56097 DISPATCH 5,-6
56128 COMPLETE 6,11
56128 COMPLETE 23,11
56128 DISPATCH 6,12
56128 DISPATCH 23,12
56128 COMPLETE -12,14
56128 DISPATCH -12,15
56131 COMPLETE -14,-15
56131 DISPATCH -14,-14
56132 COMPLETE 7,-23
56132 DISPATCH 8,-23
56148 COMPLETE 22,-6
56149 DISPATCH 23,-6
56149 COMPLETE 6,12
56149 DISPATCH 6,13
56149 COMPLETE 23,12
56149 DISPATCH 23,13
56149 COMPLETE -12,15
56149 DISPATCH -12,16
56150 COMPLETE 8,-23
56150 DISPATCH 9,-23
56153 COMPLETE 5,-6
56153 DISPATCH 6,-6
56165 COMPLETE 6,13
56166 COMPLETE 23,13
56166 DISPATCH 7,11
56166 COMPLETE -12,16
56166 DISPATCH -11,3
56166 COMPLETE 9,-23
56200 COMPLETE 6,-6
56200 DISPATCH 4,-16
56225 COMPLETE -11,3
56225 DISPATCH -11,5
56228 COMPLETE 7,11
56228 DISPATCH 6,6
56230 COMPLETE -14,-14
56230 DISPATCH -14,-13
56235 COMPLETE 23,-6
56235 DISPATCH 22,-11
56237 COMPLETE -11,5
56237 COMPLETE 6,6
56237 DISPATCH 6,7
56237 DISPATCH -11,6
56286 COMPLETE 6,7
56286 DISPATCH 6,8
56286 COMPLETE -11,6
56286 DISPATCH -11,7
56291 COMPLETE 4,-16
56291 DISPATCH 4,-15
56295 COMPLETE -14,-13
56295 DISPATCH -14,-12
56296 COMPLETE 22,-11
56296 DISPATCH 22,-10
56301 COMPLETE 6,8
56301 DISPATCH 6,9
56301 COMPLETE -11,7
56302 DISPATCH -11,8
56309 COMPLETE 22,-10
56309 COMPLETE 6,9
56309 DISPATCH 22,-9
56309 DISPATCH 6,10
56327 COMPLETE -11,8
56327 DISPATCH -11,9
56340 COMPLETE 6,10
56340 DISPATCH 7,8
56354 COMPLETE 22,-9
56355 DISPATCH 23,-18
56355 COMPLETE 4,-15
56355 DISPATCH 3,-9
56357 COMPLETE -14,-12
56357 COMPLETE -11,9
56357 DISPATCH -14,-11
56358 DISPATCH -11,10
56368 COMPLETE 7,8
56368 DISPATCH 7,9
56370 COMPLETE 3,-9
56370 DISPATCH 3,-8
56375 COMPLETE -14,-11
56375 DISPATCH -14,-10
56375 COMPLETE -11,10
56375 COMPLETE 7,9
56375 DISPATCH -11,11
56375 DISPATCH 7,10
56380 COMPLETE 3,-8
56380 DISPATCH 4,-14
56397 COMPLETE 7,10
56397 DISPATCH 7,6
56397 COMPLETE -14,-10
56398 DISPATCH -14,-9
56401 COMPLETE -11,11
56401 DISPATCH -11,12
56401 COMPLETE 7,6
56401 DISPATCH 7,7
56406 COMPLETE -14,-9
56406 DISPATCH -14,-8
56406 COMPLETE 23,-18
56406 DISPATCH 23,-17
56407 COMPLETE 7,7
56407 DISPATCH 7,12
56413 COMPLETE -11,12
56413 DISPATCH -11,13
56413 COMPLETE -14,-8
56413 DISPATCH -13,-22
56413 DISPATCH -13,-5
56437 COMPLETE 7,12
56437 DISPATCH 7,13
56542 COMPLETE -11,13
56542 DISPATCH -11,14
56542 COMPLETE 7,13
56542 DISPATCH 7,14
56554 COMPLETE 4,-14
56554 DISPATCH 4,-13
56554 COMPLETE -13,-22
56554 COMPLETE -13,-5
56554 DISPATCH -13,-21
56554 DISPATCH -13,-4
56554 COMPLETE 23,-17
56554 DISPATCH 22,-8
56555 COMPLETE 7,14
56555 DISPATCH 8,9
56564 COMPLETE -11,14
56564 DISPATCH -11,15
56564 COMPLETE 22,-8
56564 DISPATCH 23,-16
56574 COMPLETE -13,-4
56574 DISPATCH -13,-3
56601 COMPLETE 8,9
56601 DISPATCH 8,4
56601 DISPATCH 12,21
56604 COMPLETE -11,15
56604 DISPATCH -11,16
56608 COMPLETE -13,-3
56608 DISPATCH -13,-2
56608 COMPLETE -13,-21
56608 DISPATCH -13,-20
56608 COMPLETE 4,-13
56608 DISPATCH 5,-18
56613 COMPLETE 8,4
56613 DISPATCH 7,2
56613 COMPLETE 12,21
56613 DISPATCH 8,19
56614 COMPLETE -11,16
56614 DISPATCH -11,17
56615 COMPLETE -13,-2
56615 DISPATCH -12,-3
56628 COMPLETE 7,2
56628 DISPATCH 8,1
56628 COMPLETE 8,19
56628 COMPLETE -11,17
56628 DISPATCH -10,14
56628 DISPATCH 8,18
56726 COMPLETE 8,1
56727 COMPLETE 8,18
56727 DISPATCH 9,1
56727 DISPATCH 9,18
56734 COMPLETE 23,-16
56734 COMPLETE 5,-18
56734 DISPATCH 5,-17
56734 COMPLETE -13,-20
56734 DISPATCH -12,-23
56735 COMPLETE -10,14
56735 DISPATCH -10,15
56745 COMPLETE 9,1
56745 DISPATCH 7,0
56745 COMPLETE 9,18
56745 COMPLETE -12,-3
56745 DISPATCH -13,-6
56745 DISPATCH 9,17
56748 COMPLETE -10,15
56749 DISPATCH -10,11
56765 COMPLETE 7,0
56765 DISPATCH 8,0
56788 COMPLETE 9,17
56788 DISPATCH 9,19
56803 COMPLETE -10,11
56803 DISPATCH -10,12
56805 COMPLETE 8,0
56805 COMPLETE -12,-23
56805 DISPATCH 8,2
56805 DISPATCH 23,-15
56807 COMPLETE 5,-17
56807 DISPATCH -11,-23
56807 DISPATCH 6,-22
56811 COMPLETE 9,19
56811 DISPATCH 12,20
56815 COMPLETE -13,-6
56815 COMPLETE -10,12
56815 DISPATCH -12,-6
56815 DISPATCH -10,13
56817 COMPLETE 8,2
56817 DISPATCH 6,-5
56848 COMPLETE -11,-23
56848 COMPLETE 12,20
56848 COMPLETE 6,-22
56848 DISPATCH 8,12
56848 DISPATCH -10,-23
56848 COMPLETE -10,13
56848 DISPATCH -10,16
56879 COMPLETE 6,-5
56892 COMPLETE 23,-15
56892 DISPATCH 7,-22
56892 COMPLETE 8,12
56892 DISPATCH 7,-5
56892 DISPATCH 8,13
56908 COMPLETE -12,-6
56908 COMPLETE -10,-23
56908 DISPATCH -12,-22
56908 DISPATCH -12,-5
56908 COMPLETE -10,16
56909 DISPATCH -10,17
56913 COMPLETE 8,13
56913 COMPLETE 7,-22
56913 DISPATCH 8,14
56913 DISPATCH 8,-22
56915 COMPLETE 7,-5
56915 DISPATCH 7,-4
56915 COMPLETE -12,-5
56915 DISPATCH -12,-4
56920 COMPLETE -10,17
56920 DISPATCH -10,18
56920 COMPLETE 8,14
56920 DISPATCH 8,15
56921 COMPLETE 8,-22
56921 DISPATCH 6,-21
56926 COMPLETE 7,-4
56926 DISPATCH 8,-4
56926 COMPLETE -12,-4
56926 COMPLETE -10,18
56926 DISPATCH -12,-2
56926 DISPATCH -9,15
56926 COMPLETE 8,15
56927 DISPATCH 8,16
56939 COMPLETE 6,-21
56940 DISPATCH 7,-21
56940 COMPLETE 8,-4
56940 DISPATCH 8,-3
56948 COMPLETE -12,-2
56949 DISPATCH -11,-5
56949 COMPLETE -9,15
56949 DISPATCH -9,12
56949 COMPLETE 8,16
56949 COMPLETE -12,-22
56949 DISPATCH 9,14
56949 DISPATCH -11,-22
56958 COMPLETE 8,-3
56958 DISPATCH 9,-4
56963 COMPLETE -9,12
56963 DISPATCH -9,13
56963 COMPLETE 9,14
56963 DISPATCH 9,13
56966 COMPLETE 7,-21
56966 COMPLETE -11,-5
56966 DISPATCH 8,-21
56966 DISPATCH -11,-4
56971 COMPLETE 9,-4
56971 DISPATCH 22,-4
56972 COMPLETE -9,13
56972 DISPATCH -9,14
56972 COMPLETE 9,13
56972 COMPLETE -11,-22
56972 DISPATCH 9,15
56972 DISPATCH -12,-21
56972 COMPLETE 8,-21
56972 DISPATCH 9,-22
56973 COMPLETE 22,-4
56973 DISPATCH 8,-5
56974 COMPLETE -11,-4
56974 DISPATCH -11,-3
56978 COMPLETE -9,14
56978 DISPATCH -9,16
56978 COMPLETE 9,15
56978 DISPATCH 9,12
56979 COMPLETE 9,-22
56979 COMPLETE 8,-5
56979 DISPATCH 6,-20
56979 DISPATCH 23,-14
56983 COMPLETE -11,-3
56983 DISPATCH -12,-1
56984 COMPLETE -9,16
56984 DISPATCH -9,17
56984 COMPLETE 9,12
56984 DISPATCH 8,5
56986 COMPLETE 6,-20
56986 DISPATCH 5,-16
56986 COMPLETE -12,-1
56998 COMPLETE -9,17
56998 DISPATCH -11,1
56998 DISPATCH -9,18
56998 COMPLETE 8,5
56998 DISPATCH 8,6
57008 COMPLETE -12,-21
57008 DISPATCH -13,-19
57008 COMPLETE -9,18
57008 DISPATCH -9,19
57012 COMPLETE -11,1
57012 DISPATCH -10,1
57012 COMPLETE 8,6
57013 DISPATCH 8,7
57027 COMPLETE -9,19
57027 DISPATCH -9,20
57059 COMPLETE 8,7
57059 DISPATCH 8,8
57062 COMPLETE -10,1
57062 DISPATCH -10,2
57067 COMPLETE -9,20
57067 COMPLETE 5,-16
57067 DISPATCH 5,-15
57067 COMPLETE 23,-14
57067 COMPLETE 8,8
57067 DISPATCH 23,-13
57067 DISPATCH -8,19
57067 DISPATCH 9,4
57067 COMPLETE -13,-19
57067 DISPATCH 16,21
57068 DISPATCH -13,-18
57069 COMPLETE -10,2
57069 DISPATCH -9,2
57072 COMPLETE -8,19
57072 DISPATCH -8,20
57073 COMPLETE 9,4
57074 DISPATCH 12,4
57075 COMPLETE 16,21
57080 COMPLETE -9,2
57080 DISPATCH -10,3
57080 COMPLETE -8,20
57080 COMPLETE 12,4
57080 DISPATCH 8,10
57099 COMPLETE 8,10
57099 DISPATCH 8,11
57121 COMPLETE -10,3
57122 DISPATCH -10,4
57126 COMPLETE 8,11
57126 DISPATCH 9,5
57128 COMPLETE 5,-15
57128 DISPATCH 5,-14
57128 COMPLETE 23,-13
57128 COMPLETE -13,-18
57128 DISPATCH 23,-12
57128 DISPATCH -13,-17
57130 COMPLETE -10,4
57130 COMPLETE 9,5
57130 DISPATCH -10,5
57130 DISPATCH 9,6
57141 COMPLETE -10,5
57141 DISPATCH -10,6
57148 COMPLETE 9,6
57148 DISPATCH 9,7
57192 COMPLETE -10,6
57192 DISPATCH -10,7
57198 COMPLETE 23,-12
57198 COMPLETE 9,7
57198 DISPATCH 23,-11
57198 COMPLETE -13,-17
57198 DISPATCH 9,8
57198 DISPATCH -13,-16
57200 COMPLETE 5,-14
57200 DISPATCH 4,-12
57203 COMPLETE 9,8
57203 DISPATCH 9,9
57203 COMPLETE -10,7
57203 DISPATCH -10,8
57210 COMPLETE 9,9
57210 DISPATCH 9,10
57212 COMPLETE -10,8
57212 DISPATCH -10,9
57216 COMPLETE 9,10
57216 DISPATCH 9,11
57216 COMPLETE -10,9
57216 DISPATCH -10,10
57217 COMPLETE 9,11
57217 DISPATCH 9,16
57219 COMPLETE -10,10
57219 DISPATCH -9,5
57220 COMPLETE 9,16
57220 DISPATCH 10,6
57224 COMPLETE -9,5
57224 DISPATCH -9,6
57258 COMPLETE 10,6
57258 COMPLETE -9,6
57258 DISPATCH 10,7
57258 DISPATCH -9,7
57274 COMPLETE -13,-16
57274 DISPATCH -13,-15
57274 COMPLETE 23,-11
57274 DISPATCH 23,-10
57279 COMPLETE 4,-12
57279 COMPLETE 10,7
57279 DISPATCH 4,-11
57279 COMPLETE -9,7
57279 DISPATCH 10,8
57279 DISPATCH -9,8
57285 COMPLETE 23,-10
57285 DISPATCH 23,-9
57291 COMPLETE 10,8
57291 DISPATCH 10,9
57291 COMPLETE -9,8
57292 DISPATCH -9,9
57292 COMPLETE 4,-11
57292 DISPATCH 4,-10
57298 COMPLETE 23,-9
57298 COMPLETE 10,9
57298 DISPATCH 23,-8
57298 DISPATCH 11,9
57298 COMPLETE -9,9
57298 DISPATCH -9,10
57314 COMPLETE 4,-10
57315 DISPATCH 4,-9
57315 COMPLETE 23,-8
57318 COMPLETE -9,10
57318 DISPATCH -9,11
57318 COMPLETE -13,-15
57318 DISPATCH -13,-14
57318 COMPLETE 11,9
57318 DISPATCH 11,8
57319 COMPLETE 4,-9
57319 DISPATCH 5,-13
57323 COMPLETE -9,11
57323 DISPATCH -9,4
57323 COMPLETE 11,8
57323 DISPATCH 11,6
57325 COMPLETE -9,4
57325 DISPATCH -8,4
57327 COMPLETE 11,6
57327 DISPATCH 11,7
57328 COMPLETE -8,4
57328 DISPATCH -8,5
57329 COMPLETE 11,7
57329 DISPATCH 12,5
57330 COMPLETE -8,5
57330 DISPATCH -8,6
57331 COMPLETE 12,5
57331 DISPATCH 12,6
57332 COMPLETE -8,6
57332 DISPATCH -8,7
57333 COMPLETE 12,6
57333 DISPATCH 12,7
57337 COMPLETE -8,7
57337 DISPATCH -8,8
57372 COMPLETE 12,7
57372 DISPATCH 12,8
57372 COMPLETE -8,8
57372 DISPATCH -8,9
57375 COMPLETE 5,-13
57375 DISPATCH 5,-12
57376 COMPLETE 12,8
57376 DISPATCH 12,9
57379 COMPLETE -8,9
57379 DISPATCH -8,10
57379 COMPLETE -13,-14
57379 DISPATCH -13,-13
57380 COMPLETE 12,9
57380 DISPATCH 13,7
57381 COMPLETE -8,10
57381 DISPATCH -8,11
57387 COMPLETE -8,11
57387 DISPATCH -8,12
57388 COMPLETE 13,7
57388 DISPATCH 13,8
57389 COMPLETE -8,12
57389 DISPATCH -8,13
57390 COMPLETE 13,8
57390 DISPATCH 13,9
57394 COMPLETE -8,13
57394 DISPATCH -8,14
57394 COMPLETE 13,9
57394 DISPATCH 13,14
57394 DISPATCH 22,-7
57410 COMPLETE -8,14
57410 DISPATCH -8,15
57412 COMPLETE 13,14
57412 DISPATCH 13,15
57412 COMPLETE 22,-7
57412 DISPATCH 23,-7
57428 COMPLETE 5,-12
57428 DISPATCH 4,-8
57428 COMPLETE -8,15
57428 DISPATCH -8,16
57429 COMPLETE 13,15
57429 DISPATCH 13,16
57430 COMPLETE 23,-7
57430 DISPATCH 23,-5
57432 COMPLETE -13,-13
57432 DISPATCH -13,-12
57432 COMPLETE 4,-8
57432 DISPATCH 5,-11
57434 COMPLETE -8,16
57435 DISPATCH -8,17
57435 COMPLETE 13,16
57435 DISPATCH 15,13
57438 COMPLETE 23,-5
57441 COMPLETE -8,17
57441 DISPATCH -8,18
57444 COMPLETE 15,13
57444 COMPLETE -8,18
57444 DISPATCH 14,6
57444 DISPATCH -7,7
57490 COMPLETE -7,7
57490 DISPATCH -7,8
57495 COMPLETE 14,6
57495 DISPATCH 14,7
57495 COMPLETE 5,-11
57495 DISPATCH 5,-10
57495 COMPLETE -7,8
57495 DISPATCH -7,9
57508 COMPLETE -13,-12
57508 DISPATCH -13,-11
57509 COMPLETE -7,9
57509 DISPATCH -6,12
57511 COMPLETE 14,7
57511 DISPATCH 14,8
57513 COMPLETE 5,-10
57514 DISPATCH 5,-9
57514 COMPLETE -6,12
57514 DISPATCH -5,8
57520 COMPLETE 14,8
57521 DISPATCH 14,9
57523 COMPLETE -5,8
57523 DISPATCH -5,9
57523 COMPLETE 5,-9
57524 DISPATCH 5,-8
57525 COMPLETE 14,9
57525 DISPATCH 14,10
57528 COMPLETE -5,9
57528 COMPLETE 5,-8
57528 DISPATCH -4,9
57528 DISPATCH 6,-19
57545 COMPLETE 14,10
57545 COMPLETE -4,9
57545 DISPATCH 14,4
57545 DISPATCH -5,6
57547 COMPLETE -13,-11
57547 DISPATCH -12,-20
57549 COMPLETE 14,4
57549 DISPATCH 12,1
57549 COMPLETE -5,6
57549 DISPATCH -11,-2
57554 COMPLETE 6,-19
57554 COMPLETE 12,1
57554 DISPATCH 6,-18
57554 DISPATCH 7,-1
57561 COMPLETE -11,-2
57561 DISPATCH -11,-1
57562 COMPLETE 7,-1
57562 DISPATCH 8,-1
57576 COMPLETE 6,-18
57576 COMPLETE -11,-1
57576 DISPATCH 7,-20
57576 DISPATCH -11,0
57576 COMPLETE 8,-1
57576 DISPATCH 8,-2
57576 DISPATCH 18,15
57580 COMPLETE -12,-20
57580 DISPATCH -12,-19
57585 COMPLETE -11,0
57585 DISPATCH -10,-2
57612 COMPLETE 8,-2
57612 DISPATCH 9,-3
57613 COMPLETE 18,15
57613 COMPLETE 7,-20
57613 DISPATCH 16,14
57613 DISPATCH 8,-20
57626 COMPLETE -10,-2
57626 DISPATCH -10,-1
57627 COMPLETE 9,-3
57628 COMPLETE 16,14
57629 DISPATCH 9,-2
57629 COMPLETE 8,-20
57629 DISPATCH 7,-19
57633 COMPLETE -12,-19
57633 COMPLETE -10,-1
57633 DISPATCH -12,-18
57633 COMPLETE 9,-2
57633 DISPATCH 9,-1
57633 DISPATCH -10,0
57635 COMPLETE 7,-19
57635 DISPATCH 7,-18
57641 COMPLETE 9,-1
57641 DISPATCH 9,0
57641 COMPLETE -10,0
57641 DISPATCH -9,-1
57643 COMPLETE 7,-18
57643 DISPATCH 8,-19
57643 COMPLETE 9,0
57644 DISPATCH 9,2
57646 COMPLETE -9,-1
57646 DISPATCH -9,0
57648 COMPLETE 8,-19
57648 DISPATCH 6,-17
57665 COMPLETE 9,2
57665 COMPLETE -9,0
57665 DISPATCH 9,3
57665 DISPATCH -9,1
57667 COMPLETE -12,-18
57667 DISPATCH -12,-17
57668 COMPLETE 6,-17
57668 DISPATCH 6,-16
57676 COMPLETE 9,3
57676 DISPATCH 12,2
57676 COMPLETE -9,1
57676 DISPATCH -9,3
57678 COMPLETE 6,-16
57678 DISPATCH 6,-15
57683 COMPLETE 12,2
57683 DISPATCH 12,3
57683 COMPLETE -9,3
57683 DISPATCH -8,2
57685 COMPLETE 6,-15
57685 DISPATCH 7,-17
57690 COMPLETE 12,3
57690 COMPLETE -8,2
57690 DISPATCH 14,5
57690 DISPATCH -8,0
57704 COMPLETE 7,-17
57704 DISPATCH 8,-18
57707 COMPLETE 14,5
57707 DISPATCH 14,11
57707 COMPLETE -8,0
57707 DISPATCH -8,1
57707 COMPLETE -12,-17
57707 DISPATCH -12,-16
57708 COMPLETE 8,-18
57708 DISPATCH 7,-16
57714 COMPLETE 14,11
57715 DISPATCH 15,2
57715 COMPLETE -8,1
57715 DISPATCH -8,3
57717 COMPLETE 7,-16
57717 DISPATCH 7,-15
57724 COMPLETE 15,2
57724 DISPATCH 15,3
57725 COMPLETE -8,3
57725 DISPATCH -5,5
57739 COMPLETE 7,-15
57739 DISPATCH 6,-14
57740 COMPLETE 15,3
57740 DISPATCH 15,4
57741 COMPLETE -5,5
57741 DISPATCH -5,7
57743 COMPLETE -12,-16
57744 DISPATCH -13,-10
57744 COMPLETE 15,4
57744 DISPATCH 15,5
57750 COMPLETE -5,7
57750 DISPATCH -4,10
57752 COMPLETE 15,5
57752 DISPATCH 15,6
57756 COMPLETE -13,-10
57756 DISPATCH -13,-9
57756 COMPLETE -4,10
57756 DISPATCH -4,11
57761 COMPLETE 15,6
57761 DISPATCH 15,7
57765 COMPLETE -4,11
57765 COMPLETE -13,-9
57765 DISPATCH -3,8
57766 DISPATCH -12,-15
57790 COMPLETE 15,7
57790 DISPATCH 15,8
57793 COMPLETE 6,-14
57793 DISPATCH 6,-13
57793 COMPLETE -3,8
57793 DISPATCH -3,7
57795 COMPLETE 15,8
57795 DISPATCH 15,9
57796 COMPLETE -3,7
57796 DISPATCH -3,9
57798 COMPLETE 15,9
57798 DISPATCH 15,11
57799 COMPLETE -3,9
57799 DISPATCH -3,10
57800 COMPLETE 15,11
57800 DISPATCH 16,4
57801 COMPLETE -3,10
57801 DISPATCH -2,7
57802 COMPLETE 16,4
57802 DISPATCH 16,5
57804 COMPLETE -2,7
57804 DISPATCH -2,8
57805 COMPLETE 16,5
57805 DISPATCH 16,6
57806 COMPLETE -2,8
57806 DISPATCH -2,9
57822 COMPLETE 16,6
57822 DISPATCH 16,7
57822 COMPLETE -2,9
57822 DISPATCH -2,10
57842 COMPLETE -12,-15
57843 DISPATCH -13,-8
57845 COMPLETE -2,10
57845 DISPATCH -1,9
57845 COMPLETE 6,-13
57845 DISPATCH 6,-12
57845 COMPLETE 16,7
57845 DISPATCH 16,8
57847 COMPLETE -13,-8
57847 DISPATCH -12,-14
57849 COMPLETE -1,9
57849 COMPLETE 16,8
57849 DISPATCH -1,6
57849 DISPATCH 16,9
57850 COMPLETE -1,6
57850 DISPATCH -1,7
57851 COMPLETE 16,9
57851 DISPATCH 17,6
57851 COMPLETE -1,7
57852 DISPATCH -1,8
57852 COMPLETE 17,6
57852 DISPATCH 17,7
57875 COMPLETE -1,8
57901 COMPLETE 17,7
57902 DISPATCH 17,8
57924 COMPLETE -12,-14
57924 COMPLETE 6,-12
57924 DISPATCH -13,-7
57924 DISPATCH -8,-24
57924 DISPATCH 9,-21
57926 COMPLETE 17,8
57926 DISPATCH 16,2
57928 COMPLETE -13,-7
57928 DISPATCH -12,-7
57930 COMPLETE -8,-24
57931 COMPLETE 9,-21
57931 DISPATCH 8,-17
57932 COMPLETE 16,2
57932 DISPATCH 16,3
57934 COMPLETE 8,-17
57934 DISPATCH 7,-14
57934 COMPLETE 16,3
57934 DISPATCH 17,9
57937 COMPLETE 17,9
57937 DISPATCH 17,10
57939 COMPLETE 17,10
57939 DISPATCH 18,7
57941 COMPLETE 18,7
57941 DISPATCH 18,8
57959 COMPLETE 18,8
57959 DISPATCH 18,9
57960 COMPLETE -12,-7
57960 DISPATCH -12,-13
57973 COMPLETE 18,9
57973 DISPATCH 18,10
57974 COMPLETE 7,-14
57974 DISPATCH 5,-7
57975 COMPLETE 18,10
57976 DISPATCH 18,11
57976 COMPLETE 5,-7
57976 DISPATCH 6,-11
57982 COMPLETE 18,11
57982 DISPATCH 18,12
57984 COMPLETE 6,-11
57984 DISPATCH 6,-10
57989 COMPLETE 18,12
57989 DISPATCH 19,7
58002 COMPLETE 6,-10
58002 DISPATCH 7,-13
58003 COMPLETE 19,7
58003 DISPATCH 19,8
58005 COMPLETE -12,-13
58005 DISPATCH -12,-12
58008 COMPLETE 19,8
58008 DISPATCH 19,9
58012 COMPLETE 19,9
58012 DISPATCH 19,10
58014 COMPLETE 19,10
58014 DISPATCH 19,11
58016 COMPLETE 19,11
58016 DISPATCH 19,12
58017 COMPLETE 19,12
58017 DISPATCH 20,8
58019 COMPLETE 20,8
58019 DISPATCH 20,9
58044 COMPLETE 20,9
58044 DISPATCH 20,13
58046 COMPLETE -12,-12
58046 DISPATCH -12,-11
58052 COMPLETE 20,13
58052 COMPLETE 7,-13
58052 DISPATCH 6,-9
58057 COMPLETE -12,-11
58057 DISPATCH -12,-10
58063 COMPLETE 6,-9
58063 DISPATCH 6,-8
58066 COMPLETE -12,-10
58066 DISPATCH -12,-9
58067 COMPLETE 6,-8
58067 DISPATCH 6,-7
58069 COMPLETE -12,-9
58069 DISPATCH -12,-8
58071 COMPLETE 6,-7
58071 DISPATCH 7,-12
58071 COMPLETE -12,-8
58071 DISPATCH -11,-21
58071 DISPATCH -10,-4
58085 COMPLETE -11,-21
58085 DISPATCH -10,-22
58089 COMPLETE -10,-4
58089 DISPATCH -10,-5
58107 COMPLETE -10,-22
58110 COMPLETE -10,-5
58110 DISPATCH -11,-20
58110 DISPATCH -10,-3
58115 COMPLETE 7,-12
58115 DISPATCH 7,-11
58130 COMPLETE -10,-3
58130 COMPLETE -11,-20
58130 DISPATCH -11,-19
58136 COMPLETE 7,-11
58136 DISPATCH -9,-2
58136 DISPATCH 8,-16
58139 COMPLETE -11,-19
58139 DISPATCH -10,-21
58149 COMPLETE -9,-2
58149 DISPATCH -9,-4
58149 COMPLETE 8,-16
58150 DISPATCH 8,-15
58151 COMPLETE -10,-21
58151 DISPATCH -9,-23
58153 COMPLETE -9,-4
58153 DISPATCH -11,-6
58157 COMPLETE 8,-15
58157 COMPLETE -9,-23
58157 DISPATCH 7,-6
58157 DISPATCH -8,-23
58165 COMPLETE -11,-6
58165 DISPATCH -10,-6
58166 COMPLETE -8,-23
58170 COMPLETE 7,-6
58170 DISPATCH 7,-10
58176 COMPLETE -10,-6
58176 DISPATCH -11,-18
58180 COMPLETE 7,-10
58180 DISPATCH -8,-1
58180 DISPATCH 9,-20
58182 COMPLETE -11,-18
58182 DISPATCH -10,-20
58186 COMPLETE -8,-1
58186 DISPATCH -9,-3
58186 COMPLETE 9,-20
58186 DISPATCH 8,-14
58188 COMPLETE -10,-20
58188 DISPATCH -9,-22
58189 COMPLETE -9,-3
58189 DISPATCH -9,-5
58191 COMPLETE -9,-22
58192 COMPLETE -9,-5
58193 DISPATCH -11,-17
58200 COMPLETE -11,-17
58200 DISPATCH -11,-16
58207 COMPLETE -11,-16
58207 DISPATCH -11,-15
58212 COMPLETE -11,-15
58212 DISPATCH -11,-14
58231 COMPLETE -11,-14
58231 DISPATCH -11,-13
58236 COMPLETE 8,-14
58236 DISPATCH 7,-9
58241 COMPLETE -11,-13
58241 DISPATCH -11,-12
58245 COMPLETE 7,-9
58245 DISPATCH 7,-8
58247 COMPLETE -11,-12
58247 DISPATCH -11,-11
58253 COMPLETE 7,-8
58253 DISPATCH 7,-7
58255 COMPLETE -11,-11
58255 DISPATCH -11,-10
58261 COMPLETE 7,-7
58261 DISPATCH 8,-13
58263 COMPLETE -11,-10
58263 DISPATCH -11,-9
58269 COMPLETE -11,-9
58269 DISPATCH -11,-8
58272 COMPLETE -11,-8
58273 DISPATCH -11,-7
58274 COMPLETE -11,-7
58274 DISPATCH -10,-19
58288 COMPLETE -10,-19
58288 DISPATCH -10,-18
58292 COMPLETE 8,-13
58292 DISPATCH 8,-12
58293 COMPLETE -10,-18
58293 DISPATCH -10,-17
58299 COMPLETE -10,-17
58299 DISPATCH -10,-16
58305 COMPLETE -10,-16
58305 DISPATCH -10,-15
58328 COMPLETE -10,-15
58328 DISPATCH -10,-14
58333 COMPLETE 8,-12
58333 DISPATCH 8,-11
58338 COMPLETE -10,-14
58338 DISPATCH -10,-13
58344 COMPLETE 8,-11
58344 DISPATCH 8,-10
58351 COMPLETE -10,-13
58351 DISPATCH -10,-12
58355 COMPLETE 8,-10
58355 DISPATCH 8,-9
58357 COMPLETE -10,-12
58357 DISPATCH -10,-11
58361 COMPLETE 8,-9
58361 DISPATCH 8,-8
58362 COMPLETE -10,-11
58362 DISPATCH -10,-10
58366 COMPLETE 8,-8
58366 DISPATCH 8,-7
58368 COMPLETE -10,-10
58368 DISPATCH -10,-9
58372 COMPLETE 8,-7
58372 DISPATCH 8,-6
58374 COMPLETE -10,-9
58374 DISPATCH -10,-8
58375 COMPLETE 8,-6
58375 DISPATCH 9,-19
58377 COMPLETE -10,-8
58377 DISPATCH -10,-7
58377 COMPLETE 9,-19
58378 DISPATCH 9,-18
58379 COMPLETE -10,-7
58379 DISPATCH -9,-21
58379 DISPATCH -8,-4
58380 COMPLETE 9,-18
58380 DISPATCH 9,-17
58382 COMPLETE -9,-21
58382 COMPLETE -8,-4
58383 DISPATCH -8,-5
58382 DISPATCH -8,-22
58383 COMPLETE 9,-17
58383 DISPATCH 9,-16
58385 COMPLETE -8,-5
58385 DISPATCH -8,-3
58387 COMPLETE -8,-22
58387 DISPATCH -9,-20
58387 COMPLETE 9,-16
58387 DISPATCH 9,-15
58388 COMPLETE -8,-3
58388 DISPATCH -8,-2
58390 COMPLETE -9,-20
58390 DISPATCH -9,-19
58390 COMPLETE 9,-15
58390 DISPATCH 9,-14
58391 COMPLETE -8,-2
58393 COMPLETE -9,-19
58393 DISPATCH -9,-18
58395 COMPLETE -9,-18
58395 DISPATCH -9,-17
58396 COMPLETE -9,-17
58396 DISPATCH -9,-16
58398 COMPLETE -9,-16
58398 DISPATCH -9,-15
58400 COMPLETE -9,-15
58400 DISPATCH -9,-14
58402 COMPLETE -9,-14
58402 DISPATCH -9,-13
58404 COMPLETE -9,-13
58405 DISPATCH -9,-12
58407 COMPLETE -9,-12
58407 DISPATCH -9,-11
58413 COMPLETE -9,-11
58413 DISPATCH -9,-10
58431 COMPLETE -9,-10
58431 DISPATCH -9,-9
58432 COMPLETE 9,-14
58432 DISPATCH 9,-13
58433 COMPLETE -9,-9
58433 DISPATCH -9,-8
58435 COMPLETE -9,-8
58435 DISPATCH -9,-7
58437 COMPLETE -9,-7
58437 DISPATCH -9,-6
58438 COMPLETE -9,-6
58438 DISPATCH -8,-21
58441 COMPLETE -8,-21
58441 DISPATCH -8,-20
58443 COMPLETE -8,-20
58443 DISPATCH -8,-19
58445 COMPLETE -8,-19
58445 DISPATCH -8,-18
58446 COMPLETE -8,-18
58446 DISPATCH -8,-17
58447 COMPLETE -8,-17
58447 DISPATCH -8,-16
58448 COMPLETE -8,-16
58448 DISPATCH -8,-15
58450 COMPLETE -8,-15
58450 DISPATCH -8,-14
58460 COMPLETE -8,-14
58460 DISPATCH -8,-13
58462 COMPLETE 9,-13
58462 DISPATCH 9,-12
58463 COMPLETE -8,-13
58463 DISPATCH -8,-12
58465 COMPLETE -8,-12
58465 DISPATCH -8,-11
58471 COMPLETE -8,-11
58471 DISPATCH -8,-10
58477 COMPLETE -8,-10
58477 DISPATCH -8,-9
58478 COMPLETE -8,-9
58478 DISPATCH -8,-8
58493 COMPLETE -8,-8
58493 DISPATCH -8,-7
58495 COMPLETE 9,-12
58495 DISPATCH 9,-11
58503 COMPLETE -8,-7
58503 DISPATCH -8,-6
58504 COMPLETE 9,-11
58504 DISPATCH 9,-10
58511 COMPLETE -8,-6
58513 COMPLETE 9,-10
58513 DISPATCH -7,-11
58513 DISPATCH 10,-14
58519 COMPLETE -7,-11
58520 DISPATCH -7,-10
58527 COMPLETE -7,-10
58527 DISPATCH -7,-9
58529 COMPLETE -7,-9
58529 DISPATCH -7,-8
58531 COMPLETE -7,-8
58549 COMPLETE 10,-14
58550 DISPATCH -6,-14
58550 DISPATCH 11,-17
58551 COMPLETE -6,-14
58551 DISPATCH -6,-13
58553 COMPLETE 11,-17
58553 DISPATCH 11,-16
58554 COMPLETE -6,-13
58554 DISPATCH -6,-12
58555 COMPLETE 11,-16
58555 DISPATCH 11,-15
58556 COMPLETE -6,-12
58556 DISPATCH -6,-11
58560 COMPLETE 11,-15
58560 DISPATCH 11,-14
58564 COMPLETE -6,-11
58565 DISPATCH -6,-10
58568 COMPLETE 11,-14
58568 DISPATCH 11,-13
58570 COMPLETE -6,-10
58570 DISPATCH -6,-9
58572 COMPLETE -6,-9
58572 DISPATCH -6,-8
58573 COMPLETE -6,-8
58610 COMPLETE 11,-13
58611 DISPATCH -5,-11
58611 DISPATCH 12,-16
58619 COMPLETE 12,-16
58619 DISPATCH 12,-15
58619 COMPLETE -5,-11
58619 DISPATCH -5,-10
58627 COMPLETE 12,-15
58627 DISPATCH 12,-14
58634 COMPLETE -5,-10
58634 DISPATCH -5,-9
58635 COMPLETE 12,-14
58635 DISPATCH 12,-13
58652 COMPLETE -5,-9
58652 DISPATCH -5,-8
58654 COMPLETE 12,-13
58655 DISPATCH 12,-12
58655 COMPLETE -5,-8
58714 COMPLETE 12,-12
58714 DISPATCH -4,-11
58714 DISPATCH 13,-14
58716 COMPLETE -4,-11
58716 DISPATCH -4,-10
58722 COMPLETE 13,-14
58722 DISPATCH 13,-13
58729 COMPLETE -4,-10
58729 DISPATCH -4,-9
58731 COMPLETE 13,-13
58731 DISPATCH 13,-12
58736 COMPLETE -4,-9
58736 DISPATCH -4,-8
58737 COMPLETE 13,-12
58738 DISPATCH 13,-11
58750 COMPLETE -4,-8
58754 COMPLETE 13,-11
58754 DISPATCH -3,-12
58754 DISPATCH 14,-15
58756 COMPLETE -3,-12
58756 DISPATCH -3,-11
58757 COMPLETE 14,-15
58757 DISPATCH 14,-14
58757 COMPLETE -3,-11
58758 DISPATCH -3,-10
58758 COMPLETE 14,-14
58759 DISPATCH 14,-13
58760 COMPLETE -3,-10
58760 DISPATCH -3,-9
58762 COMPLETE 14,-13
58762 DISPATCH 14,-12
58763 COMPLETE -3,-9
58763 DISPATCH -3,-8
58764 COMPLETE 14,-12
58765 DISPATCH 14,-11
58765 COMPLETE -3,-8
58769 COMPLETE 14,-11
58769 DISPATCH -2,-10
58769 DISPATCH 15,-13
58770 COMPLETE -2,-10
58770 DISPATCH -2,-9
58771 COMPLETE 15,-13
58771 DISPATCH 15,-12
58772 COMPLETE -2,-9
58773 DISPATCH -2,-8
58774 COMPLETE 15,-12
58774 DISPATCH 15,-11
58776 COMPLETE -2,-8
58776 DISPATCH -2,-7
58776 COMPLETE 15,-11
58776 DISPATCH 15,-10
58785 COMPLETE -2,-7
58788 COMPLETE 15,-10
58788 DISPATCH -1,-8
58788 DISPATCH 16,-10
58789 COMPLETE -1,-8
58791 COMPLETE 16,-10
58791 DISPATCH 0,-9
58791 DISPATCH 17,-9
58792 COMPLETE 0,-9
58792 DISPATCH 0,-8
58794 COMPLETE 17,-9
58794 DISPATCH 17,-8
58797 COMPLETE 0,-8
58805 COMPLETE 17,-8
58805 DISPATCH 2,-8
58807 COMPLETE 2,-8
58807 DISPATCH 9,-9
58810 COMPLETE 9,-9
58810 DISPATCH 9,-8
58812 COMPLETE 9,-8
58812 DISPATCH 9,-7
58813 COMPLETE 9,-7
58813 DISPATCH 9,-6
58814 COMPLETE 9,-6
58815 DISPATCH 9,-5
58816 COMPLETE 9,-5
58816 DISPATCH 10,-13
58818 COMPLETE 10,-13
58818 DISPATCH 10,-12
58820 COMPLETE 10,-12
58820 DISPATCH 10,-11
58828 COMPLETE 10,-11
58828 DISPATCH 10,-10
58837 COMPLETE 10,-10
58837 DISPATCH 10,-9
58841 COMPLETE 10,-9
58841 DISPATCH 10,-8
58843 COMPLETE 10,-8
58843 DISPATCH 11,-12
58845 COMPLETE 11,-12
58845 DISPATCH 11,-11
58847 COMPLETE 11,-11
58847 DISPATCH 11,-10
58856 COMPLETE 11,-10
58856 DISPATCH 11,-9
58859 COMPLETE 11,-9
58859 DISPATCH 11,-8
58860 COMPLETE 11,-8
58860 DISPATCH 12,-11
58863 COMPLETE 12,-11
58863 DISPATCH 12,-10
58869 COMPLETE 12,-10
58869 DISPATCH 12,-9
58871 COMPLETE 12,-9
58871 DISPATCH 12,-8
58873 COMPLETE 12,-8
58873 DISPATCH 13,-10
58875 COMPLETE 13,-10
58875 DISPATCH 13,-9
58876 COMPLETE 13,-9
58877 DISPATCH 13,-8
58878 COMPLETE 13,-8
58878 DISPATCH 14,-10
58879 COMPLETE 14,-10
58879 DISPATCH 14,-9
58881 COMPLETE 14,-9
58881 DISPATCH 14,-8
58883 COMPLETE 14,-8
58883 DISPATCH 15,-9
58885 COMPLETE 15,-9
58885 DISPATCH 15,-8
58887 COMPLETE 15,-8
58887 DISPATCH 16,-9
58888 COMPLETE 16,-9
58888 DISPATCH 16,-8
58891 COMPLETE 16,-8
58891 DISPATCH 18,-8
58895 COMPLETE 18,-8
