[22:33:09 INFO]: [Chunky] Loading server plugin Chunky v1.5.3
[22:33:15 INFO]: [Chunky] Enabling Chunky v1.5.3
[22:33:50 INFO]: [Chunky] Task running for world. Processed: 2 chunks (0.03%), ETA: 1:03:20, Rate: 1.7 cps, Current: 1, 1
[22:33:51 INFO]: [Chunky] Task running for world. Processed: 34 chunks (0.52%), ETA: 0:07:48, Rate: 13.9 cps, Current: 3, 2
[22:33:52 INFO]: [Chunky] Task running for world. Processed: 68 chunks (1.04%), ETA: 0:05:31, Rate: 19.6 cps, Current: 6, 0
[22:33:54 INFO]: [Chunky] Task running for world. Processed: 118 chunks (1.80%), ETA: 0:04:14, Rate: 25.3 cps, Current: 9, 7
[22:33:55 INFO]: [Chunky] Task running for world. Processed: 158 chunks (2.41%), ETA: 0:03:53, Rate: 27.4 cps, Current: 12, 12
[22:33:56 INFO]: [Chunky] Task running for world. Processed: 198 chunks (3.02%), ETA: 0:03:37, Rate: 29.3 cps, Current: 6, 14
[22:33:57 INFO]: [Chunky] Task running for world. Processed: 240 chunks (3.66%), ETA: 0:03:26, Rate: 30.7 cps, Current: 0, 9
[22:33:58 INFO]: [Chunky] Task running for world. Processed: 272 chunks (4.15%), ETA: 0:03:24, Rate: 30.7 cps, Current: 0, 13
[22:33:59 INFO]: [Chunky] Task running for world. Processed: 303 chunks (4.62%), ETA: 0:03:24, Rate: 30.6 cps, Current: 0, 20
[22:34:00 INFO]: [Chunky] Task running for world. Processed: 321 chunks (4.89%), ETA: 0:03:33, Rate: 29.2 cps, Current: 2, 25
[22:34:01 INFO]: [Chunky] Task running for world. Processed: 351 chunks (5.35%), ETA: 0:03:33, Rate: 29.0 cps, Current: 5, 25
[22:34:02 INFO]: [Chunky] Task running for world. Processed: 381 chunks (5.81%), ETA: 0:03:32, Rate: 29.1 cps, Current: 7, 28
[22:34:03 INFO]: [Chunky] Task running for world. Processed: 413 chunks (6.29%), ETA: 0:03:30, Rate: 29.2 cps, Current: 10, 30
[22:34:04 INFO]: [Chunky] Task running for world. Processed: 441 chunks (6.72%), ETA: 0:03:30, Rate: 29.0 cps, Current: 12, 31
[22:34:05 INFO]: [Chunky] Task running for world. Processed: 514 chunks (7.83%), ETA: 0:03:11, Rate: 31.5 cps, Current: 16, 17
[22:34:06 INFO]: [Chunky] Task running for world. Processed: 548 chunks (8.35%), ETA: 0:03:10, Rate: 31.6 cps, Current: 22, 17
[22:34:07 INFO]: [Chunky] Task running for world. Processed: 592 chunks (9.02%), ETA: 0:03:05, Rate: 32.3 cps, Current: 18, 25
[22:34:08 INFO]: [Chunky] Task running for world. Processed: 634 chunks (9.66%), ETA: 0:03:01, Rate: 32.7 cps, Current: 25, 25
[22:34:09 INFO]: [Chunky] Task running for world. Processed: 672 chunks (10.24%), ETA: 0:02:59, Rate: 32.9 cps, Current: 28, 27
[22:34:10 INFO]: [Chunky] Task running for world. Processed: 712 chunks (10.85%), ETA: 0:02:56, Rate: 33.2 cps, Current: 31, 30
[22:34:11 INFO]: [Chunky] Task running for world. Processed: 755 chunks (11.51%), ETA: 0:02:52, Rate: 33.6 cps, Current: 26, 16
[22:34:13 INFO]: [Chunky] Task running for world. Processed: 772 chunks (11.77%), ETA: 0:02:57, Rate: 32.6 cps, Current: 28, 14
[22:34:14 INFO]: [Chunky] Task running for world. Processed: 821 chunks (12.51%), ETA: 0:02:53, Rate: 33.2 cps, Current: 23, 15
[22:34:15 INFO]: [Chunky] Task running for world. Processed: 861 chunks (13.12%), ETA: 0:02:50, Rate: 33.4 cps, Current: 17, 11
[22:34:16 INFO]: [Chunky] Task running for world. Processed: 929 chunks (14.16%), ETA: 0:02:42, Rate: 34.7 cps, Current: 17, 2
[22:34:17 INFO]: [Chunky] Task running for world. Processed: 986 chunks (15.03%), ETA: 0:02:37, Rate: 35.4 cps, Current: 28, 6
[22:34:18 INFO]: [Chunky] Task running for world. Processed: 1021 chunks (15.56%), ETA: 0:02:36, Rate: 35.4 cps, Current: 28, 0
[22:34:19 INFO]: [Chunky] Task running for world. Processed: 1070 chunks (16.31%), ETA: 0:02:33, Rate: 35.8 cps, Current: 33, 4
[22:34:20 INFO]: [Chunky] Task running for world. Processed: 1120 chunks (17.07%), ETA: 0:02:24, Rate: 37.6 cps, Current: 34, 0
[22:34:21 INFO]: [Chunky] Task running for world. Processed: 1167 chunks (17.79%), ETA: 0:02:20, Rate: 38.5 cps, Current: 36, 16
[22:34:22 INFO]: [Chunky] Task running for world. Processed: 1213 chunks (18.49%), ETA: 0:02:17, Rate: 38.9 cps, Current: 37, 28
[22:34:23 INFO]: [Chunky] Task running for world. Processed: 1266 chunks (19.30%), ETA: 0:02:15, Rate: 39.1 cps, Current: 39, 17
[22:34:25 INFO]: [Chunky] Task running for world. Processed: 1313 chunks (20.01%), ETA: 0:02:17, Rate: 38.2 cps, Current: 32, -1
[22:34:26 INFO]: [Chunky] Task running for world. Processed: 1314 chunks (20.03%), ETA: 0:02:22, Rate: 36.8 cps, Current: 32, -2
[22:34:27 INFO]: [Chunky] Task running for world. Processed: 1316 chunks (20.06%), ETA: 0:02:26, Rate: 35.7 cps, Current: 32, -4
[22:34:28 INFO]: [Chunky] Task running for world. Processed: 1399 chunks (21.32%), ETA: 0:02:17, Rate: 37.5 cps, Current: 34, -11
[22:34:29 INFO]: [Chunky] Task running for world. Processed: 1473 chunks (22.45%), ETA: 0:02:09, Rate: 39.2 cps, Current: 37, -30
[22:34:30 INFO]: [Chunky] Task running for world. Processed: 1537 chunks (23.43%), ETA: 0:02:04, Rate: 40.3 cps, Current: 39, -29
[22:34:33 INFO]: [Chunky] Task running for world. Processed: 1601 chunks (24.40%), ETA: 0:02:03, Rate: 40.1 cps, Current: 1, -31
[22:34:34 INFO]: [Chunky] Task running for world. Processed: 1641 chunks (25.01%), ETA: 0:02:02, Rate: 40.0 cps, Current: 1, -25
[22:34:35 INFO]: [Chunky] Task running for world. Processed: 1667 chunks (25.41%), ETA: 0:02:07, Rate: 38.5 cps, Current: 10, -30
[22:34:36 INFO]: [Chunky] Task running for world. Processed: 1715 chunks (26.14%), ETA: 0:02:04, Rate: 39.0 cps, Current: 15, -32
[22:34:37 INFO]: [Chunky] Task running for world. Processed: 1747 chunks (26.63%), ETA: 0:02:04, Rate: 38.6 cps, Current: 15, -24
[22:34:38 INFO]: [Chunky] Task running for world. Processed: 1788 chunks (27.25%), ETA: 0:02:03, Rate: 38.6 cps, Current: 9, -18
[22:34:39 INFO]: [Chunky] Task running for world. Processed: 1840 chunks (28.04%), ETA: 0:02:00, Rate: 39.1 cps, Current: 0, -23
[22:34:40 INFO]: [Chunky] Task running for world. Processed: 1875 chunks (28.58%), ETA: 0:02:00, Rate: 38.9 cps, Current: 0, -18
[22:34:41 INFO]: [Chunky] Task running for world. Processed: 1905 chunks (29.04%), ETA: 0:02:00, Rate: 38.5 cps, Current: 2, -10
[22:34:42 INFO]: [Chunky] Task running for world. Processed: 1969 chunks (30.01%), ETA: 0:01:53, Rate: 40.4 cps, Current: 6, -1
[22:34:43 INFO]: [Chunky] Task running for world. Processed: 2028 chunks (30.91%), ETA: 0:01:51, Rate: 40.7 cps, Current: 14, -2
[22:34:44 INFO]: [Chunky] Task running for world. Processed: 2105 chunks (32.08%), ETA: 0:01:46, Rate: 42.0 cps, Current: 15, -9
[22:34:45 INFO]: [Chunky] Task running for world. Processed: 2122 chunks (32.34%), ETA: 0:01:50, Rate: 40.3 cps, Current: 17, -13
[22:34:46 INFO]: [Chunky] Task running for world. Processed: 2162 chunks (32.95%), ETA: 0:01:50, Rate: 39.8 cps, Current: 20, -16
[22:34:47 INFO]: [Chunky] Task running for world. Processed: 2234 chunks (34.05%), ETA: 0:01:45, Rate: 41.0 cps, Current: 23, -8
[22:34:48 INFO]: [Chunky] Task running for world. Processed: 2323 chunks (35.41%), ETA: 0:01:40, Rate: 42.3 cps, Current: 30, -11
[22:34:50 INFO]: [Chunky] Task running for world. Processed: 2400 chunks (36.58%), ETA: 0:01:36, Rate: 43.2 cps, Current: 26, -17
[22:34:51 INFO]: [Chunky] Task running for world. Processed: 2454 chunks (37.40%), ETA: 0:01:34, Rate: 43.5 cps, Current: 25, -24
[22:34:52 INFO]: [Chunky] Task running for world. Processed: 2520 chunks (38.41%), ETA: 0:01:31, Rate: 44.1 cps, Current: 16, -32
[22:34:53 INFO]: [Chunky] Task running for world. Processed: 2590 chunks (39.48%), ETA: 0:01:28, Rate: 44.8 cps, Current: 31, -27
[22:34:55 INFO]: [Chunky] Task running for world. Processed: 2625 chunks (40.01%), ETA: 0:01:27, Rate: 44.9 cps, Current: -30, -27
[22:34:56 INFO]: [Chunky] Task running for world. Processed: 2653 chunks (40.44%), ETA: 0:01:25, Rate: 45.7 cps, Current: -29, -30
[22:34:57 INFO]: [Chunky] Task running for world. Processed: 2690 chunks (41.00%), ETA: 0:01:27, Rate: 44.1 cps, Current: -22, -30
[22:34:58 INFO]: [Chunky] Task running for world. Processed: 2727 chunks (41.56%), ETA: 0:01:28, Rate: 43.2 cps, Current: -21, -32
[22:34:59 INFO]: [Chunky] Task running for world. Processed: 2771 chunks (42.23%), ETA: 0:01:28, Rate: 42.6 cps, Current: -24, -22
[22:35:00 INFO]: [Chunky] Task running for world. Processed: 2805 chunks (42.75%), ETA: 0:01:28, Rate: 42.3 cps, Current: -25, -19
[22:35:01 INFO]: [Chunky] Task running for world. Processed: 2855 chunks (43.51%), ETA: 0:01:23, Rate: 44.3 cps, Current: -30, -22
[22:35:03 INFO]: [Chunky] Task running for world. Processed: 2890 chunks (44.05%), ETA: 0:01:23, Rate: 43.8 cps, Current: -32, -21
[22:35:04 INFO]: [Chunky] Task running for world. Processed: 2918 chunks (44.47%), ETA: 0:01:23, Rate: 43.4 cps, Current: -26, -12
[22:35:05 INFO]: [Chunky] Task running for world. Processed: 2936 chunks (44.75%), ETA: 0:01:23, Rate: 43.2 cps, Current: -25, -10
[22:35:06 INFO]: [Chunky] Task running for world. Processed: 2971 chunks (45.28%), ETA: 0:01:24, Rate: 42.6 cps, Current: -27, -8
[22:35:07 INFO]: [Chunky] Task running for world. Processed: 3020 chunks (46.03%), ETA: 0:01:21, Rate: 43.2 cps, Current: -23, -5
[22:35:08 INFO]: [Chunky] Task running for world. Processed: 3051 chunks (46.50%), ETA: 0:01:21, Rate: 42.9 cps, Current: -19, -6
[22:35:09 INFO]: [Chunky] Task running for world. Processed: 3137 chunks (47.81%), ETA: 0:01:18, Rate: 43.5 cps, Current: -16, -16
[22:35:10 INFO]: [Chunky] Task running for world. Processed: 3169 chunks (48.30%), ETA: 0:01:18, Rate: 43.4 cps, Current: -14, -16
[22:35:11 INFO]: [Chunky] Task running for world. Processed: 3219 chunks (49.06%), ETA: 0:01:15, Rate: 44.1 cps, Current: -14, -5
[22:35:12 INFO]: [Chunky] Task running for world. Processed: 3259 chunks (49.67%), ETA: 0:01:17, Rate: 42.5 cps, Current: -9, -6
[22:35:13 INFO]: [Chunky] Task running for world. Processed: 3329 chunks (50.74%), ETA: 0:01:16, Rate: 42.2 cps, Current: -1, -9
[22:35:14 INFO]: [Chunky] Task running for world. Processed: 3402 chunks (51.85%), ETA: 0:01:13, Rate: 43.3 cps, Current: -2, -18
[22:35:15 INFO]: [Chunky] Task running for world. Processed: 3463 chunks (52.78%), ETA: 0:01:08, Rate: 44.9 cps, Current: -4, -24
[22:35:16 INFO]: [Chunky] Task running for world. Processed: 3538 chunks (53.92%), ETA: 0:01:05, Rate: 45.9 cps, Current: -16, -29
[22:35:17 INFO]: [Chunky] Task running for world. Processed: 3582 chunks (54.60%), ETA: 0:01:06, Rate: 45.0 cps, Current: -14, -32
[22:35:19 INFO]: [Chunky] Task running for world. Processed: 3649 chunks (55.62%), ETA: 0:01:08, Rate: 42.6 cps, Current: -30, 0
[22:35:20 INFO]: [Chunky] Task running for world. Processed: 3683 chunks (56.13%), ETA: 0:01:09, Rate: 41.7 cps, Current: -29, 6
[22:35:21 INFO]: [Chunky] Task running for world. Processed: 3722 chunks (56.73%), ETA: 0:01:09, Rate: 40.6 cps, Current: -17, 0
[22:35:22 INFO]: [Chunky] Task running for world. Processed: 3770 chunks (57.46%), ETA: 0:01:10, Rate: 39.7 cps, Current: -22, 7
[22:35:23 INFO]: [Chunky] Task running for world. Processed: 3809 chunks (58.06%), ETA: 0:01:05, Rate: 42.1 cps, Current: -20, 13
[22:35:24 INFO]: [Chunky] Task running for world. Processed: 3852 chunks (58.71%), ETA: 0:01:04, Rate: 42.1 cps, Current: -20, 15
[22:35:25 INFO]: [Chunky] Task running for world. Processed: 3894 chunks (59.35%), ETA: 0:01:02, Rate: 42.7 cps, Current: -30, 15
[22:35:26 INFO]: [Chunky] Task running for world. Processed: 3923 chunks (59.79%), ETA: 0:01:02, Rate: 42.5 cps, Current: -32, 14
[22:35:28 INFO]: [Chunky] Task running for world. Processed: 3956 chunks (60.30%), ETA: 0:01:02, Rate: 42.0 cps, Current: -25, 21
[22:35:29 INFO]: [Chunky] Task running for world. Processed: 3991 chunks (60.83%), ETA: 0:01:01, Rate: 41.7 cps, Current: -28, 26
[22:35:30 INFO]: [Chunky] Task running for world. Processed: 4033 chunks (61.47%), ETA: 0:01:00, Rate: 41.9 cps, Current: -27, 31
[22:35:31 INFO]: [Chunky] Task running for world. Processed: 4074 chunks (62.09%), ETA: 0:00:59, Rate: 41.5 cps, Current: -22, 31
[22:35:32 INFO]: [Chunky] Task running for world. Processed: 4161 chunks (63.42%), ETA: 0:00:56, Rate: 42.8 cps, Current: -16, 16
[22:35:33 INFO]: [Chunky] Task running for world. Processed: 4192 chunks (63.89%), ETA: 0:00:55, Rate: 43.0 cps, Current: -15, 22
[22:35:34 INFO]: [Chunky] Task running for world. Processed: 4240 chunks (64.62%), ETA: 0:00:52, Rate: 43.9 cps, Current: -14, 25
[22:35:35 INFO]: [Chunky] Task running for world. Processed: 4283 chunks (65.28%), ETA: 0:00:51, Rate: 44.2 cps, Current: -9, 26
[22:35:36 INFO]: [Chunky] Task running for world. Processed: 4348 chunks (66.27%), ETA: 0:00:49, Rate: 44.8 cps, Current: -7, 31
[22:35:37 INFO]: [Chunky] Task running for world. Processed: 4420 chunks (67.37%), ETA: 0:00:46, Rate: 46.1 cps, Current: -2, 15
[22:35:38 INFO]: [Chunky] Task running for world. Processed: 4462 chunks (68.01%), ETA: 0:00:46, Rate: 45.2 cps, Current: -10, 15
[22:35:40 INFO]: [Chunky] Task running for world. Processed: 4539 chunks (69.18%), ETA: 0:00:43, Rate: 46.6 cps, Current: -15, 8
[22:35:42 INFO]: [Chunky] Task running for world. Processed: 4673 chunks (71.22%), ETA: 0:00:39, Rate: 48.3 cps, Current: -31, 32
[22:35:43 INFO]: [Chunky] Task running for world. Processed: 4709 chunks (71.77%), ETA: 0:00:39, Rate: 47.1 cps, Current: -28, 36
[22:35:44 INFO]: [Chunky] Task running for world. Processed: 4768 chunks (72.67%), ETA: 0:00:38, Rate: 46.6 cps, Current: -25, 40
[22:35:45 INFO]: [Chunky] Task running for world. Processed: 4818 chunks (73.43%), ETA: 0:00:37, Rate: 46.2 cps, Current: -16, 34
[22:35:46 INFO]: [Chunky] Task running for world. Processed: 4869 chunks (74.21%), ETA: 0:00:37, Rate: 45.4 cps, Current: -11, 38
[22:35:47 INFO]: [Chunky] Task running for world. Processed: 4917 chunks (74.94%), ETA: 0:00:36, Rate: 45.5 cps, Current: -5, 34
[22:35:48 INFO]: [Chunky] Task running for world. Processed: 4968 chunks (75.72%), ETA: 0:00:34, Rate: 45.6 cps, Current: 0, 38
[22:35:49 INFO]: [Chunky] Task running for world. Processed: 5016 chunks (76.45%), ETA: 0:00:33, Rate: 46.2 cps, Current: 7, 33
[22:35:50 INFO]: [Chunky] Task running for world. Processed: 5063 chunks (77.17%), ETA: 0:00:32, Rate: 46.2 cps, Current: 8, 40
[22:35:51 INFO]: [Chunky] Task running for world. Processed: 5108 chunks (77.85%), ETA: 0:00:31, Rate: 46.6 cps, Current: 16, 36
[22:35:52 INFO]: [Chunky] Task running for world. Processed: 5160 chunks (78.65%), ETA: 0:00:29, Rate: 47.0 cps, Current: 23, 33
[22:35:53 INFO]: [Chunky] Task running for world. Processed: 5211 chunks (79.42%), ETA: 0:00:28, Rate: 47.4 cps, Current: 26, 39
[22:35:54 INFO]: [Chunky] Task running for world. Processed: 5268 chunks (80.29%), ETA: 0:00:27, Rate: 47.8 cps, Current: 34, 34
[22:35:55 INFO]: [Chunky] Task running for world. Processed: 5311 chunks (80.95%), ETA: 0:00:26, Rate: 47.9 cps, Current: 39, 34
[22:35:56 INFO]: [Chunky] Task running for world. Processed: 5343 chunks (81.44%), ETA: 0:00:25, Rate: 48.0 cps, Current: 34, -37
[22:35:57 INFO]: [Chunky] Task running for world. Processed: 5369 chunks (81.83%), ETA: 0:00:24, Rate: 48.0 cps, Current: 37, -35
[22:35:58 INFO]: [Chunky] Task running for world. Processed: 5398 chunks (82.27%), ETA: 0:00:24, Rate: 47.7 cps, Current: 40, -35
[22:35:59 INFO]: [Chunky] Task running for world. Processed: 5448 chunks (83.04%), ETA: 0:00:23, Rate: 48.0 cps, Current: 6, -34
[22:36:00 INFO]: [Chunky] Task running for world. Processed: 5510 chunks (83.98%), ETA: 0:00:21, Rate: 48.9 cps, Current: 13, -38
[22:36:01 INFO]: [Chunky] Task running for world. Processed: 5570 chunks (84.90%), ETA: 0:00:20, Rate: 48.5 cps, Current: 21, -36
[22:36:03 INFO]: [Chunky] Task running for world. Processed: 5651 chunks (86.13%), ETA: 0:00:18, Rate: 49.1 cps, Current: 31, -40
[22:36:04 INFO]: [Chunky] Task running for world. Processed: 5673 chunks (86.47%), ETA: 0:00:18, Rate: 48.8 cps, Current: -31, -34
[22:36:05 INFO]: [Chunky] Task running for world. Processed: 5710 chunks (87.03%), ETA: 0:00:17, Rate: 48.8 cps, Current: -29, -40
[22:36:06 INFO]: [Chunky] Task running for world. Processed: 5757 chunks (87.75%), ETA: 0:00:16, Rate: 48.7 cps, Current: -20, -38
[22:36:07 INFO]: [Chunky] Task running for world. Processed: 5806 chunks (88.49%), ETA: 0:00:15, Rate: 48.1 cps, Current: -13, -34
[22:36:08 INFO]: [Chunky] Task running for world. Processed: 5849 chunks (89.15%), ETA: 0:00:15, Rate: 47.1 cps, Current: -10, -39
[22:36:10 INFO]: [Chunky] Task running for world. Processed: 5914 chunks (90.14%), ETA: 0:00:14, Rate: 45.9 cps, Current: -37, -37
[22:36:11 INFO]: [Chunky] Task running for world. Processed: 5958 chunks (90.81%), ETA: 0:00:13, Rate: 44.3 cps, Current: -35, -40
[22:36:12 INFO]: [Chunky] Task running for world. Processed: 5978 chunks (91.11%), ETA: 0:00:13, Rate: 43.1 cps, Current: -40, -32
[22:36:13 INFO]: [Chunky] Task running for world. Processed: 5980 chunks (91.14%), ETA: 0:00:14, Rate: 40.8 cps, Current: -40, -31
[22:36:14 INFO]: [Chunky] Task running for world. Processed: 5988 chunks (91.27%), ETA: 0:00:14, Rate: 39.4 cps, Current: -40, -24
[22:36:15 INFO]: [Chunky] Task running for world. Processed: 6028 chunks (91.88%), ETA: 0:00:13, Rate: 39.1 cps, Current: -40, -1
[22:36:16 INFO]: [Chunky] Task running for world. Processed: 6092 chunks (92.85%), ETA: 0:00:11, Rate: 39.7 cps, Current: -37, -17
[22:36:18 INFO]: [Chunky] Task running for world. Processed: 6234 chunks (95.02%), ETA: 0:00:07, Rate: 41.8 cps, Current: -40, 0
[22:36:19 INFO]: [Chunky] Task running for world. Processed: 6236 chunks (95.05%), ETA: 0:00:08, Rate: 39.9 cps, Current: -40, 1
[22:36:21 INFO]: [Chunky] Task running for world. Processed: 6240 chunks (95.11%), ETA: 0:00:08, Rate: 38.0 cps, Current: -39, 3
[22:36:22 INFO]: [Chunky] Task running for world. Processed: 6313 chunks (96.22%), ETA: 0:00:06, Rate: 38.7 cps, Current: -39, 28
[22:36:23 INFO]: [Chunky] Task running for world. Processed: 6446 chunks (98.25%), ETA: 0:00:02, Rate: 41.5 cps, Current: -35, 26
[22:36:24 INFO]: [Chunky] Task running for world. Processed: 6492 chunks (98.95%), ETA: 0:00:01, Rate: 41.2 cps, Current: -38, 32
[22:36:24 INFO]: [Chunky] Task finished for world. Processed: 6561 chunks (100.00%), Total time: 0:02:35
