[22:38:47 INFO]: [Chunky] Loading server plugin Chunky v1.5.3
[22:38:51 INFO]: [Chunky] Enabling Chunky v1.5.3
[22:40:03 INFO]: [Chunky] Task running for world. Processed: 2 chunks (0.03%), ETA: 1:25:22, Rate: 1.3 cps, Current: 1, 1
[22:40:05 INFO]: [Chunky] Task running for world. Processed: 34 chunks (0.52%), ETA: 0:09:39, Rate: 11.3 cps, Current: 3, 2
[22:40:06 INFO]: [Chunky] Task running for world. Processed: 67 chunks (1.02%), ETA: 0:06:29, Rate: 16.7 cps, Current: 5, 0
[22:40:07 INFO]: [Chunky] Task running for world. Processed: 101 chunks (1.54%), ETA: 0:05:24, Rate: 19.9 cps, Current: 13, 0
[22:40:08 INFO]: [Chunky] Task running for world. Processed: 144 chunks (2.19%), ETA: 0:04:34, Rate: 23.4 cps, Current: 13, 9
[22:40:09 INFO]: [Chunky] Task running for world. Processed: 174 chunks (2.65%), ETA: 0:04:22, Rate: 24.3 cps, Current: 14, 14
[22:40:10 INFO]: [Chunky] Task running for world. Processed: 227 chunks (3.46%), ETA: 0:03:48, Rate: 27.8 cps, Current: 4, 11
[22:40:11 INFO]: [Chunky] Task running for world. Processed: 261 chunks (3.98%), ETA: 0:03:42, Rate: 28.4 cps, Current: 1, 15
[22:40:12 INFO]: [Chunky] Task running for world. Processed: 291 chunks (4.44%), ETA: 0:03:40, Rate: 28.5 cps, Current: 4, 21
[22:40:13 INFO]: [Chunky] Task running for world. Processed: 312 chunks (4.76%), ETA: 0:03:45, Rate: 27.7 cps, Current: 1, 23
[22:40:14 INFO]: [Chunky] Task running for world. Processed: 346 chunks (5.27%), ETA: 0:03:42, Rate: 28.0 cps, Current: 2, 30
[22:40:15 INFO]: [Chunky] Task running for world. Processed: 379 chunks (5.78%), ETA: 0:03:38, Rate: 28.3 cps, Current: 7, 26
[22:40:16 INFO]: [Chunky] Task running for world. Processed: 404 chunks (6.16%), ETA: 0:03:39, Rate: 28.1 cps, Current: 11, 29
[22:40:17 INFO]: [Chunky] Task running for world. Processed: 443 chunks (6.75%), ETA: 0:03:34, Rate: 28.5 cps, Current: 11, 31
[22:40:19 INFO]: [Chunky] Task running for world. Processed: 516 chunks (7.86%), ETA: 0:03:17, Rate: 30.6 cps, Current: 16, 19
[22:40:20 INFO]: [Chunky] Task running for world. Processed: 558 chunks (8.50%), ETA: 0:03:12, Rate: 31.3 cps, Current: 16, 23
[22:40:21 INFO]: [Chunky] Task running for world. Processed: 601 chunks (9.16%), ETA: 0:03:07, Rate: 31.9 cps, Current: 19, 27
[22:40:22 INFO]: [Chunky] Task running for world. Processed: 640 chunks (9.75%), ETA: 0:03:03, Rate: 32.2 cps, Current: 23, 29
[22:40:23 INFO]: [Chunky] Task running for world. Processed: 672 chunks (10.24%), ETA: 0:03:03, Rate: 32.1 cps, Current: 29, 28
[22:40:24 INFO]: [Chunky] Task running for world. Processed: 718 chunks (10.94%), ETA: 0:02:58, Rate: 32.7 cps, Current: 25, 21
[22:40:25 INFO]: [Chunky] Task running for world. Processed: 756 chunks (11.52%), ETA: 0:02:57, Rate: 32.8 cps, Current: 29, 18
[22:40:26 INFO]: [Chunky] Task running for world. Processed: 780 chunks (11.89%), ETA: 0:02:59, Rate: 32.3 cps, Current: 30, 14
[22:40:27 INFO]: [Chunky] Task running for world. Processed: 845 chunks (12.88%), ETA: 0:02:50, Rate: 33.5 cps, Current: 17, 14
[22:40:28 INFO]: [Chunky] Task running for world. Processed: 891 chunks (13.58%), ETA: 0:02:47, Rate: 33.9 cps, Current: 23, 7
[22:40:29 INFO]: [Chunky] Task running for world. Processed: 953 chunks (14.53%), ETA: 0:02:40, Rate: 34.9 cps, Current: 22, 2
[22:40:30 INFO]: [Chunky] Task running for world. Processed: 995 chunks (15.17%), ETA: 0:02:38, Rate: 35.2 cps, Current: 30, 6
[22:40:31 INFO]: [Chunky] Task running for world. Processed: 1042 chunks (15.88%), ETA: 0:02:35, Rate: 35.6 cps, Current: 32, 27
[22:40:32 INFO]: [Chunky] Task running for world. Processed: 1085 chunks (16.54%), ETA: 0:02:25, Rate: 37.7 cps, Current: 32, 0
[22:40:33 INFO]: [Chunky] Task running for world. Processed: 1129 chunks (17.21%), ETA: 0:02:23, Rate: 37.9 cps, Current: 35, 11
[22:40:34 INFO]: [Chunky] Task running for world. Processed: 1171 chunks (17.85%), ETA: 0:02:18, Rate: 38.9 cps, Current: 36, 20
[22:40:35 INFO]: [Chunky] Task running for world. Processed: 1216 chunks (18.53%), ETA: 0:02:16, Rate: 39.2 cps, Current: 37, 31
[22:40:36 INFO]: [Chunky] Task running for world. Processed: 1260 chunks (19.20%), ETA: 0:02:13, Rate: 39.7 cps, Current: 39, 1
[22:40:37 INFO]: [Chunky] Task running for world. Processed: 1306 chunks (19.91%), ETA: 0:02:12, Rate: 39.8 cps, Current: 40, 25
[22:40:39 INFO]: [Chunky] Task running for world. Processed: 1314 chunks (20.03%), ETA: 0:02:21, Rate: 37.2 cps, Current: 32, -2
[22:40:41 INFO]: [Chunky] Task running for world. Processed: 1316 chunks (20.06%), ETA: 0:02:26, Rate: 35.8 cps, Current: 32, -4
[22:40:42 INFO]: [Chunky] Task running for world. Processed: 1400 chunks (21.34%), ETA: 0:02:17, Rate: 37.6 cps, Current: 34, -10
[22:40:43 INFO]: [Chunky] Task running for world. Processed: 1448 chunks (22.07%), ETA: 0:02:12, Rate: 38.5 cps, Current: 36, -25
[22:40:44 INFO]: [Chunky] Task running for world. Processed: 1498 chunks (22.83%), ETA: 0:02:09, Rate: 39.2 cps, Current: 37, -8
[22:40:45 INFO]: [Chunky] Task running for world. Processed: 1562 chunks (23.81%), ETA: 0:02:04, Rate: 40.1 cps, Current: 39, -10
[22:40:47 INFO]: [Chunky] Task running for world. Processed: 1601 chunks (24.40%), ETA: 0:02:07, Rate: 38.9 cps, Current: 2, -27
[22:40:48 INFO]: [Chunky] Task running for world. Processed: 1641 chunks (25.01%), ETA: 0:02:08, Rate: 38.2 cps, Current: 0, -25
[22:40:49 INFO]: [Chunky] Task running for world. Processed: 1664 chunks (25.36%), ETA: 0:02:10, Rate: 37.5 cps, Current: 8, -29
[22:40:50 INFO]: [Chunky] Task running for world. Processed: 1706 chunks (26.00%), ETA: 0:02:09, Rate: 37.5 cps, Current: 15, -31
[22:40:51 INFO]: [Chunky] Task running for world. Processed: 1729 chunks (26.35%), ETA: 0:02:10, Rate: 36.9 cps, Current: 10, -24
[22:40:52 INFO]: [Chunky] Task running for world. Processed: 1768 chunks (26.95%), ETA: 0:02:09, Rate: 37.1 cps, Current: 15, -22
[22:40:53 INFO]: [Chunky] Task running for world. Processed: 1816 chunks (27.68%), ETA: 0:02:07, Rate: 37.2 cps, Current: 6, -17
[22:40:54 INFO]: [Chunky] Task running for world. Processed: 1855 chunks (28.27%), ETA: 0:02:06, Rate: 37.3 cps, Current: 6, -16
[22:40:55 INFO]: [Chunky] Task running for world. Processed: 1891 chunks (28.82%), ETA: 0:02:03, Rate: 37.9 cps, Current: 7, -14
[22:40:57 INFO]: [Chunky] Task running for world. Processed: 1937 chunks (29.52%), ETA: 0:02:04, Rate: 37.2 cps, Current: 3, -2
[22:40:58 INFO]: [Chunky] Task running for world. Processed: 2012 chunks (30.67%), ETA: 0:01:59, Rate: 38.1 cps, Current: 14, -1
[22:40:59 INFO]: [Chunky] Task running for world. Processed: 2076 chunks (31.64%), ETA: 0:01:57, Rate: 38.2 cps, Current: 15, -5
[22:41:00 INFO]: [Chunky] Task running for world. Processed: 2116 chunks (32.25%), ETA: 0:01:56, Rate: 38.1 cps, Current: 17, -15
[22:41:01 INFO]: [Chunky] Task running for world. Processed: 2181 chunks (33.24%), ETA: 0:01:53, Rate: 38.6 cps, Current: 17, -1
[22:41:02 INFO]: [Chunky] Task running for world. Processed: 2274 chunks (34.66%), ETA: 0:01:46, Rate: 40.3 cps, Current: 27, -3
[22:41:03 INFO]: [Chunky] Task running for world. Processed: 2373 chunks (36.17%), ETA: 0:01:39, Rate: 42.0 cps, Current: 31, -19
[22:41:04 INFO]: [Chunky] Task running for world. Processed: 2440 chunks (37.19%), ETA: 0:01:36, Rate: 42.8 cps, Current: 27, -24
[22:41:05 INFO]: [Chunky] Task running for world. Processed: 2514 chunks (38.32%), ETA: 0:01:32, Rate: 43.8 cps, Current: 17, -27
[22:41:06 INFO]: [Chunky] Task running for world. Processed: 2606 chunks (39.72%), ETA: 0:01:27, Rate: 45.3 cps, Current: 28, -31
[22:41:08 INFO]: [Chunky] Task running for world. Processed: 2625 chunks (40.01%), ETA: 0:01:26, Rate: 45.5 cps, Current: -30, -27
[22:41:09 INFO]: [Chunky] Task running for world. Processed: 2653 chunks (40.44%), ETA: 0:01:27, Rate: 44.8 cps, Current: -29, -30
[22:41:10 INFO]: [Chunky] Task running for world. Processed: 2688 chunks (40.97%), ETA: 0:01:23, Rate: 46.1 cps, Current: -24, -29
[22:41:12 INFO]: [Chunky] Task running for world. Processed: 2735 chunks (41.69%), ETA: 0:01:25, Rate: 44.7 cps, Current: -17, -28
[22:41:13 INFO]: [Chunky] Task running for world. Processed: 2775 chunks (42.30%), ETA: 0:01:25, Rate: 44.4 cps, Current: -19, -21
[22:41:14 INFO]: [Chunky] Task running for world. Processed: 2813 chunks (42.87%), ETA: 0:01:24, Rate: 44.2 cps, Current: -26, -19
[22:41:15 INFO]: [Chunky] Task running for world. Processed: 2863 chunks (43.64%), ETA: 0:01:24, Rate: 43.6 cps, Current: -29, -17
[22:41:16 INFO]: [Chunky] Task running for world. Processed: 2893 chunks (44.09%), ETA: 0:01:20, Rate: 45.5 cps, Current: -28, -14
[22:41:17 INFO]: [Chunky] Task running for world. Processed: 2928 chunks (44.63%), ETA: 0:01:20, Rate: 45.1 cps, Current: -30, -10
[22:41:18 INFO]: [Chunky] Task running for world. Processed: 2944 chunks (44.87%), ETA: 0:01:21, Rate: 44.2 cps, Current: -30, -8
[22:41:19 INFO]: [Chunky] Task running for world. Processed: 2981 chunks (45.44%), ETA: 0:01:20, Rate: 44.6 cps, Current: -30, -2
[22:41:20 INFO]: [Chunky] Task running for world. Processed: 3015 chunks (45.95%), ETA: 0:01:20, Rate: 44.3 cps, Current: -26, -1
[22:41:21 INFO]: [Chunky] Task running for world. Processed: 3049 chunks (46.47%), ETA: 0:01:18, Rate: 44.5 cps, Current: -20, -8
[22:41:22 INFO]: [Chunky] Task running for world. Processed: 3137 chunks (47.81%), ETA: 0:01:14, Rate: 46.0 cps, Current: -16, -16
[22:41:23 INFO]: [Chunky] Task running for world. Processed: 3174 chunks (48.38%), ETA: 0:01:14, Rate: 45.6 cps, Current: -10, -13
[22:41:24 INFO]: [Chunky] Task running for world. Processed: 3221 chunks (49.09%), ETA: 0:01:12, Rate: 45.8 cps, Current: -14, -4
[22:41:25 INFO]: [Chunky] Task running for world. Processed: 3260 chunks (49.69%), ETA: 0:01:11, Rate: 45.9 cps, Current: -7, -7
[22:41:26 INFO]: [Chunky] Task running for world. Processed: 3371 chunks (51.38%), ETA: 0:01:06, Rate: 48.1 cps, Current: -1, -14
[22:41:27 INFO]: [Chunky] Task running for world. Processed: 3422 chunks (52.16%), ETA: 0:01:06, Rate: 47.3 cps, Current: -5, -18
[22:41:28 INFO]: [Chunky] Task running for world. Processed: 3507 chunks (53.45%), ETA: 0:01:03, Rate: 48.0 cps, Current: -9, -23
[22:41:30 INFO]: [Chunky] Task running for world. Processed: 3562 chunks (54.29%), ETA: 0:01:01, Rate: 48.6 cps, Current: -9, -28
[22:41:31 INFO]: [Chunky] Task running for world. Processed: 3649 chunks (55.62%), ETA: 0:01:01, Rate: 47.4 cps, Current: -32, 0
[22:41:32 INFO]: [Chunky] Task running for world. Processed: 3678 chunks (56.06%), ETA: 0:01:04, Rate: 45.0 cps, Current: -31, 3
[22:41:33 INFO]: [Chunky] Task running for world. Processed: 3706 chunks (56.49%), ETA: 0:01:05, Rate: 43.7 cps, Current: -32, 6
[22:41:34 INFO]: [Chunky] Task running for world. Processed: 3758 chunks (57.28%), ETA: 0:01:05, Rate: 42.8 cps, Current: -18, 4
[22:41:35 INFO]: [Chunky] Task running for world. Processed: 3797 chunks (57.87%), ETA: 0:01:05, Rate: 42.1 cps, Current: -17, 8
[22:41:36 INFO]: [Chunky] Task running for world. Processed: 3837 chunks (58.48%), ETA: 0:01:02, Rate: 43.3 cps, Current: -26, 13
[22:41:37 INFO]: [Chunky] Task running for world. Processed: 3886 chunks (59.23%), ETA: 0:01:01, Rate: 43.5 cps, Current: -29, 14
[22:41:38 INFO]: [Chunky] Task running for world. Processed: 3921 chunks (59.76%), ETA: 0:01:00, Rate: 43.6 cps, Current: -25, 17
[22:41:39 INFO]: [Chunky] Task running for world. Processed: 3955 chunks (60.28%), ETA: 0:00:59, Rate: 43.6 cps, Current: -31, 21
[22:41:41 INFO]: [Chunky] Task running for world. Processed: 3982 chunks (60.69%), ETA: 0:00:59, Rate: 43.1 cps, Current: -32, 25
[22:41:42 INFO]: [Chunky] Task running for world. Processed: 4024 chunks (61.33%), ETA: 0:00:59, Rate: 43.0 cps, Current: -25, 25
[22:41:43 INFO]: [Chunky] Task running for world. Processed: 4059 chunks (61.87%), ETA: 0:00:58, Rate: 43.0 cps, Current: -19, 29
[22:41:44 INFO]: [Chunky] Task running for world. Processed: 4109 chunks (62.63%), ETA: 0:00:57, Rate: 43.0 cps, Current: -18, 22
[22:41:45 INFO]: [Chunky] Task running for world. Processed: 4164 chunks (63.47%), ETA: 0:00:54, Rate: 43.6 cps, Current: -16, 19
[22:41:46 INFO]: [Chunky] Task running for world. Processed: 4206 chunks (64.11%), ETA: 0:00:53, Rate: 43.7 cps, Current: -13, 16
[22:41:47 INFO]: [Chunky] Task running for world. Processed: 4260 chunks (64.93%), ETA: 0:00:51, Rate: 45.1 cps, Current: -11, 25
[22:41:48 INFO]: [Chunky] Task running for world. Processed: 4295 chunks (65.46%), ETA: 0:00:50, Rate: 45.1 cps, Current: -11, 31
[22:41:49 INFO]: [Chunky] Task running for world. Processed: 4410 chunks (67.22%), ETA: 0:00:44, Rate: 48.0 cps, Current: -1, 16
[22:41:50 INFO]: [Chunky] Task running for world. Processed: 4460 chunks (67.98%), ETA: 0:00:43, Rate: 48.7 cps, Current: -6, 9
[22:41:51 INFO]: [Chunky] Task running for world. Processed: 4539 chunks (69.18%), ETA: 0:00:40, Rate: 49.7 cps, Current: -15, 8
[22:41:52 INFO]: [Chunky] Task running for world. Processed: 4673 chunks (71.22%), ETA: 0:00:36, Rate: 51.9 cps, Current: -32, 32
[22:41:53 INFO]: [Chunky] Task running for world. Processed: 4708 chunks (71.76%), ETA: 0:00:36, Rate: 51.0 cps, Current: -27, 34
[22:41:54 INFO]: [Chunky] Task running for world. Processed: 4765 chunks (72.63%), ETA: 0:00:34, Rate: 51.7 cps, Current: -21, 33
[22:41:56 INFO]: [Chunky] Task running for world. Processed: 4816 chunks (73.40%), ETA: 0:00:35, Rate: 49.6 cps, Current: -18, 39
[22:41:57 INFO]: [Chunky] Task running for world. Processed: 4867 chunks (74.18%), ETA: 0:00:34, Rate: 49.7 cps, Current: -11, 37
[22:41:58 INFO]: [Chunky] Task running for world. Processed: 4923 chunks (75.03%), ETA: 0:00:33, Rate: 48.7 cps, Current: -6, 39
[22:41:59 INFO]: [Chunky] Task running for world. Processed: 4972 chunks (75.78%), ETA: 0:00:32, Rate: 48.6 cps, Current: 1, 35
[22:42:00 INFO]: [Chunky] Task running for world. Processed: 5020 chunks (76.51%), ETA: 0:00:32, Rate: 47.6 cps, Current: 6, 37
[22:42:01 INFO]: [Chunky] Task running for world. Processed: 5068 chunks (77.24%), ETA: 0:00:31, Rate: 47.6 cps, Current: 10, 39
[22:42:02 INFO]: [Chunky] Task running for world. Processed: 5115 chunks (77.96%), ETA: 0:00:29, Rate: 48.3 cps, Current: 17, 34
[22:42:03 INFO]: [Chunky] Task running for world. Processed: 5162 chunks (78.68%), ETA: 0:00:28, Rate: 49.1 cps, Current: 22, 36
[22:42:04 INFO]: [Chunky] Task running for world. Processed: 5216 chunks (79.50%), ETA: 0:00:27, Rate: 49.1 cps, Current: 28, 36
[22:42:05 INFO]: [Chunky] Task running for world. Processed: 5270 chunks (80.32%), ETA: 0:00:26, Rate: 49.6 cps, Current: 34, 36
[22:42:06 INFO]: [Chunky] Task running for world. Processed: 5313 chunks (80.98%), ETA: 0:00:24, Rate: 49.9 cps, Current: 36, 40
[22:42:07 INFO]: [Chunky] Task running for world. Processed: 5347 chunks (81.50%), ETA: 0:00:24, Rate: 49.3 cps, Current: 33, -39
[22:42:08 INFO]: [Chunky] Task running for world. Processed: 5382 chunks (82.03%), ETA: 0:00:23, Rate: 49.5 cps, Current: 38, -37
[22:42:09 INFO]: [Chunky] Task running for world. Processed: 5410 chunks (82.46%), ETA: 0:00:23, Rate: 49.4 cps, Current: 2, -35
[22:42:10 INFO]: [Chunky] Task running for world. Processed: 5460 chunks (83.22%), ETA: 0:00:21, Rate: 50.3 cps, Current: 9, -33
[22:42:11 INFO]: [Chunky] Task running for world. Processed: 5515 chunks (84.06%), ETA: 0:00:20, Rate: 50.7 cps, Current: 13, -39
[22:42:12 INFO]: [Chunky] Task running for world. Processed: 5575 chunks (84.97%), ETA: 0:00:19, Rate: 51.6 cps, Current: 23, -33
[22:42:13 INFO]: [Chunky] Task running for world. Processed: 5658 chunks (86.24%), ETA: 0:00:17, Rate: 52.5 cps, Current: -32, -33
[22:42:14 INFO]: [Chunky] Task running for world. Processed: 5686 chunks (86.66%), ETA: 0:00:16, Rate: 51.8 cps, Current: -31, -39
[22:42:15 INFO]: [Chunky] Task running for world. Processed: 5720 chunks (87.18%), ETA: 0:00:16, Rate: 51.6 cps, Current: -23, -33
[22:42:16 INFO]: [Chunky] Task running for world. Processed: 5759 chunks (87.78%), ETA: 0:00:15, Rate: 51.1 cps, Current: -21, -39
[22:42:17 INFO]: [Chunky] Task running for world. Processed: 5808 chunks (88.52%), ETA: 0:00:14, Rate: 51.6 cps, Current: -14, -39
[22:42:18 INFO]: [Chunky] Task running for world. Processed: 5876 chunks (89.56%), ETA: 0:00:13, Rate: 50.0 cps, Current: -9, -40
[22:42:20 INFO]: [Chunky] Task running for world. Processed: 5914 chunks (90.14%), ETA: 0:00:13, Rate: 49.0 cps, Current: -37, -37
[22:42:21 INFO]: [Chunky] Task running for world. Processed: 5969 chunks (90.98%), ETA: 0:00:12, Rate: 48.0 cps, Current: -34, -33
[22:42:22 INFO]: [Chunky] Task running for world. Processed: 5978 chunks (91.11%), ETA: 0:00:13, Rate: 44.2 cps, Current: -39, -32
[22:42:23 INFO]: [Chunky] Task running for world. Processed: 5980 chunks (91.14%), ETA: 0:00:13, Rate: 42.6 cps, Current: -39, -31
[22:42:24 INFO]: [Chunky] Task running for world. Processed: 5983 chunks (91.19%), ETA: 0:00:14, Rate: 40.7 cps, Current: -39, -29
[22:42:25 INFO]: [Chunky] Task running for world. Processed: 6025 chunks (91.83%), ETA: 0:00:13, Rate: 40.4 cps, Current: -39, -13
[22:42:26 INFO]: [Chunky] Task running for world. Processed: 6081 chunks (92.68%), ETA: 0:00:11, Rate: 40.5 cps, Current: -37, -26
[22:42:28 INFO]: [Chunky] Task running for world. Processed: 6234 chunks (95.02%), ETA: 0:00:07, Rate: 43.5 cps, Current: -40, 0
[22:42:29 INFO]: [Chunky] Task running for world. Processed: 6237 chunks (95.06%), ETA: 0:00:07, Rate: 41.4 cps, Current: -40, 1
[22:42:30 INFO]: [Chunky] Task running for world. Processed: 6242 chunks (95.14%), ETA: 0:00:08, Rate: 39.8 cps, Current: -39, 5
[22:42:31 INFO]: [Chunky] Task running for world. Processed: 6280 chunks (95.72%), ETA: 0:00:07, Rate: 39.5 cps, Current: -39, 20
[22:42:32 INFO]: [Chunky] Task running for world. Processed: 6371 chunks (97.10%), ETA: 0:00:04, Rate: 41.1 cps, Current: -36, 17
[22:42:33 INFO]: [Chunky] Task running for world. Processed: 6519 chunks (99.36%), ETA: 0:00:00, Rate: 44.1 cps, Current: -36, 36
[22:42:34 INFO]: [Chunky] Task finished for world. Processed: 6561 chunks (100.00%), Total time: 0:02:31
