[22:25:55 INFO]: [Chunky] Loading server plugin Chunky v1.5.3
[22:26:01 INFO]: [Chunky] Enabling Chunky v1.5.3
[22:26:28 INFO]: [Chunky] Task running for world. Processed: 2 chunks (0.03%), ETA: 1:13:47, Rate: 1.5 cps, Current: 1, 1
[22:26:30 INFO]: [Chunky] Task running for world. Processed: 34 chunks (0.52%), ETA: 0:08:32, Rate: 12.7 cps, Current: 3, 2
[22:26:31 INFO]: [Chunky] Task running for world. Processed: 68 chunks (1.04%), ETA: 0:05:53, Rate: 18.4 cps, Current: 10, 2
[22:26:32 INFO]: [Chunky] Task running for world. Processed: 106 chunks (1.62%), ETA: 0:04:46, Rate: 22.5 cps, Current: 15, 1
[22:26:33 INFO]: [Chunky] Task running for world. Processed: 148 chunks (2.26%), ETA: 0:04:08, Rate: 25.8 cps, Current: 15, 8
[22:26:34 INFO]: [Chunky] Task running for world. Processed: 186 chunks (2.83%), ETA: 0:03:51, Rate: 27.6 cps, Current: 15, 13
[22:26:35 INFO]: [Chunky] Task running for world. Processed: 240 chunks (3.66%), ETA: 0:03:25, Rate: 30.7 cps, Current: 0, 9
[22:26:36 INFO]: [Chunky] Task running for world. Processed: 272 chunks (4.15%), ETA: 0:03:23, Rate: 30.9 cps, Current: 0, 13
[22:26:37 INFO]: [Chunky] Task running for world. Processed: 307 chunks (4.68%), ETA: 0:03:23, Rate: 30.8 cps, Current: 1, 21
[22:26:38 INFO]: [Chunky] Task running for world. Processed: 332 chunks (5.06%), ETA: 0:03:26, Rate: 30.2 cps, Current: 0, 23
[22:26:39 INFO]: [Chunky] Task running for world. Processed: 378 chunks (5.76%), ETA: 0:03:18, Rate: 31.2 cps, Current: 4, 31
[22:26:40 INFO]: [Chunky] Task running for world. Processed: 410 chunks (6.25%), ETA: 0:03:17, Rate: 31.2 cps, Current: 11, 26
[22:26:41 INFO]: [Chunky] Task running for world. Processed: 441 chunks (6.72%), ETA: 0:03:16, Rate: 31.2 cps, Current: 12, 31
[22:26:42 INFO]: [Chunky] Task running for world. Processed: 515 chunks (7.85%), ETA: 0:03:01, Rate: 33.3 cps, Current: 16, 18
[22:26:43 INFO]: [Chunky] Task running for world. Processed: 558 chunks (8.50%), ETA: 0:02:57, Rate: 33.8 cps, Current: 16, 23
[22:26:44 INFO]: [Chunky] Task running for world. Processed: 609 chunks (9.28%), ETA: 0:02:51, Rate: 34.7 cps, Current: 18, 30
[22:26:45 INFO]: [Chunky] Task running for world. Processed: 646 chunks (9.85%), ETA: 0:02:49, Rate: 34.8 cps, Current: 25, 26
[22:26:47 INFO]: [Chunky] Task running for world. Processed: 677 chunks (10.32%), ETA: 0:02:50, Rate: 34.5 cps, Current: 29, 27
[22:26:48 INFO]: [Chunky] Task running for world. Processed: 732 chunks (11.16%), ETA: 0:02:44, Rate: 35.5 cps, Current: 24, 16
[22:26:49 INFO]: [Chunky] Task running for world. Processed: 763 chunks (11.63%), ETA: 0:02:44, Rate: 35.2 cps, Current: 30, 18
[22:26:50 INFO]: [Chunky] Task running for world. Processed: 790 chunks (12.04%), ETA: 0:02:45, Rate: 34.9 cps, Current: 27, 11
[22:26:51 INFO]: [Chunky] Task running for world. Processed: 835 chunks (12.73%), ETA: 0:02:42, Rate: 35.2 cps, Current: 27, 8
[22:26:52 INFO]: [Chunky] Task running for world. Processed: 867 chunks (13.21%), ETA: 0:02:42, Rate: 35.1 cps, Current: 20, 12
[22:26:53 INFO]: [Chunky] Task running for world. Processed: 930 chunks (14.17%), ETA: 0:02:36, Rate: 36.0 cps, Current: 18, 2
[22:26:54 INFO]: [Chunky] Task running for world. Processed: 988 chunks (15.06%), ETA: 0:02:31, Rate: 36.8 cps, Current: 29, 6
[22:26:55 INFO]: [Chunky] Task running for world. Processed: 1027 chunks (15.65%), ETA: 0:02:30, Rate: 36.8 cps, Current: 29, 1
[22:26:56 INFO]: [Chunky] Task running for world. Processed: 1071 chunks (16.32%), ETA: 0:02:28, Rate: 37.0 cps, Current: 33, 21
[22:26:57 INFO]: [Chunky] Task running for world. Processed: 1121 chunks (17.09%), ETA: 0:02:25, Rate: 37.4 cps, Current: 35, 5
[22:26:58 INFO]: [Chunky] Task running for world. Processed: 1166 chunks (17.77%), ETA: 0:02:17, Rate: 39.3 cps, Current: 36, 15
[22:26:59 INFO]: [Chunky] Task running for world. Processed: 1203 chunks (18.34%), ETA: 0:02:14, Rate: 39.9 cps, Current: 37, 19
[22:27:00 INFO]: [Chunky] Task running for world. Processed: 1248 chunks (19.02%), ETA: 0:02:12, Rate: 40.2 cps, Current: 38, 31
[22:27:01 INFO]: [Chunky] Task running for world. Processed: 1298 chunks (19.78%), ETA: 0:02:09, Rate: 40.6 cps, Current: 40, 17
[22:27:02 INFO]: [Chunky] Task running for world. Processed: 1313 chunks (20.01%), ETA: 0:02:13, Rate: 39.4 cps, Current: 32, -1
[22:27:03 INFO]: [Chunky] Task running for world. Processed: 1314 chunks (20.03%), ETA: 0:02:17, Rate: 38.1 cps, Current: 32, -2
[22:27:04 INFO]: [Chunky] Task running for world. Processed: 1316 chunks (20.06%), ETA: 0:02:24, Rate: 36.3 cps, Current: 32, -4
[22:27:06 INFO]: [Chunky] Task running for world. Processed: 1399 chunks (21.32%), ETA: 0:02:16, Rate: 37.8 cps, Current: 34, -11
[22:27:07 INFO]: [Chunky] Task running for world. Processed: 1473 chunks (22.45%), ETA: 0:02:10, Rate: 39.0 cps, Current: 37, -31
[22:27:08 INFO]: [Chunky] Task running for world. Processed: 1537 chunks (23.43%), ETA: 0:02:05, Rate: 40.1 cps, Current: 39, -31
[22:27:11 INFO]: [Chunky] Task running for world. Processed: 1601 chunks (24.40%), ETA: 0:02:06, Rate: 39.2 cps, Current: 2, -27
[22:27:12 INFO]: [Chunky] Task running for world. Processed: 1645 chunks (25.07%), ETA: 0:02:07, Rate: 38.6 cps, Current: 4, -30
[22:27:13 INFO]: [Chunky] Task running for world. Processed: 1670 chunks (25.45%), ETA: 0:02:09, Rate: 37.9 cps, Current: 9, -31
[22:27:14 INFO]: [Chunky] Task running for world. Processed: 1717 chunks (26.17%), ETA: 0:02:08, Rate: 37.8 cps, Current: 15, -32
[22:27:15 INFO]: [Chunky] Task running for world. Processed: 1745 chunks (26.60%), ETA: 0:02:08, Rate: 37.4 cps, Current: 14, -24
[22:27:16 INFO]: [Chunky] Task running for world. Processed: 1785 chunks (27.21%), ETA: 0:02:06, Rate: 37.8 cps, Current: 15, -20
[22:27:17 INFO]: [Chunky] Task running for world. Processed: 1836 chunks (27.98%), ETA: 0:02:05, Rate: 37.6 cps, Current: 3, -20
[22:27:18 INFO]: [Chunky] Task running for world. Processed: 1872 chunks (28.53%), ETA: 0:02:04, Rate: 37.8 cps, Current: 5, -14
[22:27:19 INFO]: [Chunky] Task running for world. Processed: 1904 chunks (29.02%), ETA: 0:02:02, Rate: 37.9 cps, Current: 0, -12
[22:27:20 INFO]: [Chunky] Task running for world. Processed: 1953 chunks (29.77%), ETA: 0:02:01, Rate: 38.1 cps, Current: 4, -1
[22:27:21 INFO]: [Chunky] Task running for world. Processed: 2024 chunks (30.85%), ETA: 0:01:55, Rate: 39.4 cps, Current: 11, -6
[22:27:22 INFO]: [Chunky] Task running for world. Processed: 2105 chunks (32.08%), ETA: 0:01:51, Rate: 40.1 cps, Current: 15, -9
[22:27:23 INFO]: [Chunky] Task running for world. Processed: 2127 chunks (32.42%), ETA: 0:01:54, Rate: 38.8 cps, Current: 18, -15
[22:27:24 INFO]: [Chunky] Task running for world. Processed: 2185 chunks (33.30%), ETA: 0:01:50, Rate: 39.4 cps, Current: 23, -12
[22:27:25 INFO]: [Chunky] Task running for world. Processed: 2242 chunks (34.17%), ETA: 0:01:48, Rate: 39.9 cps, Current: 24, -7
[22:27:26 INFO]: [Chunky] Task running for world. Processed: 2355 chunks (35.89%), ETA: 0:01:39, Rate: 42.1 cps, Current: 25, -15
[22:27:27 INFO]: [Chunky] Task running for world. Processed: 2410 chunks (36.73%), ETA: 0:01:37, Rate: 42.4 cps, Current: 28, -23
[22:27:28 INFO]: [Chunky] Task running for world. Processed: 2484 chunks (37.86%), ETA: 0:01:33, Rate: 43.6 cps, Current: 23, -23
[22:27:29 INFO]: [Chunky] Task running for world. Processed: 2541 chunks (38.73%), ETA: 0:01:31, Rate: 44.0 cps, Current: 17, -32
[22:27:32 INFO]: [Chunky] Task running for world. Processed: 2625 chunks (40.01%), ETA: 0:01:27, Rate: 44.9 cps, Current: -30, -27
[22:27:34 INFO]: [Chunky] Task running for world. Processed: 2646 chunks (40.33%), ETA: 0:01:25, Rate: 45.6 cps, Current: -26, -26
[22:27:35 INFO]: [Chunky] Task running for world. Processed: 2685 chunks (40.92%), ETA: 0:01:27, Rate: 44.4 cps, Current: -25, -31
[22:27:36 INFO]: [Chunky] Task running for world. Processed: 2724 chunks (41.52%), ETA: 0:01:28, Rate: 43.5 cps, Current: -18, -29
[22:27:37 INFO]: [Chunky] Task running for world. Processed: 2770 chunks (42.22%), ETA: 0:01:27, Rate: 43.5 cps, Current: -17, -24
[22:27:38 INFO]: [Chunky] Task running for world. Processed: 2804 chunks (42.74%), ETA: 0:01:28, Rate: 42.6 cps, Current: -25, -20
[22:27:39 INFO]: [Chunky] Task running for world. Processed: 2859 chunks (43.58%), ETA: 0:01:22, Rate: 44.8 cps, Current: -30, -21
[22:27:40 INFO]: [Chunky] Task running for world. Processed: 2892 chunks (44.08%), ETA: 0:01:22, Rate: 44.4 cps, Current: -26, -15
[22:27:41 INFO]: [Chunky] Task running for world. Processed: 2923 chunks (44.55%), ETA: 0:01:22, Rate: 44.0 cps, Current: -28, -10
[22:27:42 INFO]: [Chunky] Task running for world. Processed: 2944 chunks (44.87%), ETA: 0:01:22, Rate: 43.9 cps, Current: -30, -8
[22:27:43 INFO]: [Chunky] Task running for world. Processed: 2981 chunks (45.44%), ETA: 0:01:22, Rate: 43.4 cps, Current: -32, -3
[22:27:44 INFO]: [Chunky] Task running for world. Processed: 3019 chunks (46.01%), ETA: 0:01:20, Rate: 43.7 cps, Current: -24, -3
[22:27:45 INFO]: [Chunky] Task running for world. Processed: 3048 chunks (46.46%), ETA: 0:01:20, Rate: 43.4 cps, Current: -23, -1
[22:27:46 INFO]: [Chunky] Task running for world. Processed: 3108 chunks (47.37%), ETA: 0:01:18, Rate: 43.7 cps, Current: -21, -16
[22:27:47 INFO]: [Chunky] Task running for world. Processed: 3140 chunks (47.86%), ETA: 0:01:18, Rate: 43.5 cps, Current: -16, -13
[22:27:48 INFO]: [Chunky] Task running for world. Processed: 3184 chunks (48.53%), ETA: 0:01:16, Rate: 43.9 cps, Current: -16, -8
[22:27:49 INFO]: [Chunky] Task running for world. Processed: 3235 chunks (49.31%), ETA: 0:01:15, Rate: 44.0 cps, Current: -11, -8
[22:27:50 INFO]: [Chunky] Task running for world. Processed: 3267 chunks (49.79%), ETA: 0:01:17, Rate: 42.7 cps, Current: -8, -5
[22:27:51 INFO]: [Chunky] Task running for world. Processed: 3351 chunks (51.07%), ETA: 0:01:14, Rate: 42.8 cps, Current: -2, -11
[22:27:52 INFO]: [Chunky] Task running for world. Processed: 3409 chunks (51.96%), ETA: 0:01:11, Rate: 44.1 cps, Current: -4, -17
[22:27:53 INFO]: [Chunky] Task running for world. Processed: 3464 chunks (52.80%), ETA: 0:01:10, Rate: 44.0 cps, Current: -16, -19
[22:27:54 INFO]: [Chunky] Task running for world. Processed: 3539 chunks (53.94%), ETA: 0:01:07, Rate: 44.6 cps, Current: -15, -28
[22:27:55 INFO]: [Chunky] Task running for world. Processed: 3592 chunks (54.75%), ETA: 0:01:09, Rate: 42.6 cps, Current: -10, -31
[22:27:57 INFO]: [Chunky] Task running for world. Processed: 3649 chunks (55.62%), ETA: 0:01:09, Rate: 42.2 cps, Current: -30, 0
[22:27:58 INFO]: [Chunky] Task running for world. Processed: 3674 chunks (56.00%), ETA: 0:01:11, Rate: 40.5 cps, Current: -31, 2
[22:27:59 INFO]: [Chunky] Task running for world. Processed: 3698 chunks (56.36%), ETA: 0:01:12, Rate: 39.5 cps, Current: -25, 1
[22:28:00 INFO]: [Chunky] Task running for world. Processed: 3747 chunks (57.11%), ETA: 0:01:08, Rate: 41.2 cps, Current: -19, 3
[22:28:01 INFO]: [Chunky] Task running for world. Processed: 3791 chunks (57.78%), ETA: 0:01:07, Rate: 41.2 cps, Current: -21, 10
[22:28:02 INFO]: [Chunky] Task running for world. Processed: 3828 chunks (58.34%), ETA: 0:01:06, Rate: 41.0 cps, Current: -25, 12
[22:28:03 INFO]: [Chunky] Task running for world. Processed: 3884 chunks (59.20%), ETA: 0:01:03, Rate: 42.2 cps, Current: -29, 12
[22:28:04 INFO]: [Chunky] Task running for world. Processed: 3920 chunks (59.75%), ETA: 0:01:02, Rate: 42.2 cps, Current: -27, 18
[22:28:05 INFO]: [Chunky] Task running for world. Processed: 3953 chunks (60.25%), ETA: 0:01:02, Rate: 41.9 cps, Current: -32, 20
[22:28:06 INFO]: [Chunky] Task running for world. Processed: 3973 chunks (60.55%), ETA: 0:01:02, Rate: 41.1 cps, Current: -29, 24
[22:28:07 INFO]: [Chunky] Task running for world. Processed: 4025 chunks (61.35%), ETA: 0:01:00, Rate: 41.8 cps, Current: -24, 25
[22:28:08 INFO]: [Chunky] Task running for world. Processed: 4065 chunks (61.96%), ETA: 0:01:00, Rate: 41.3 cps, Current: -20, 27
[22:28:09 INFO]: [Chunky] Task running for world. Processed: 4126 chunks (62.89%), ETA: 0:00:57, Rate: 42.3 cps, Current: -17, 25
[22:28:10 INFO]: [Chunky] Task running for world. Processed: 4164 chunks (63.47%), ETA: 0:00:56, Rate: 42.5 cps, Current: -16, 19
[22:28:11 INFO]: [Chunky] Task running for world. Processed: 4209 chunks (64.15%), ETA: 0:00:54, Rate: 43.4 cps, Current: -16, 25
[22:28:12 INFO]: [Chunky] Task running for world. Processed: 4258 chunks (64.90%), ETA: 0:00:52, Rate: 43.9 cps, Current: -11, 24
[22:28:13 INFO]: [Chunky] Task running for world. Processed: 4289 chunks (65.37%), ETA: 0:00:52, Rate: 43.7 cps, Current: -6, 25
[22:28:14 INFO]: [Chunky] Task running for world. Processed: 4380 chunks (66.76%), ETA: 0:00:47, Rate: 45.8 cps, Current: -5, 20
[22:28:15 INFO]: [Chunky] Task running for world. Processed: 4434 chunks (67.58%), ETA: 0:00:46, Rate: 45.5 cps, Current: -4, 15
[22:28:16 INFO]: [Chunky] Task running for world. Processed: 4488 chunks (68.40%), ETA: 0:00:44, Rate: 46.4 cps, Current: -8, 13
[22:28:17 INFO]: [Chunky] Task running for world. Processed: 4571 chunks (69.67%), ETA: 0:00:41, Rate: 47.7 cps, Current: -10, 6
[22:28:19 INFO]: [Chunky] Task running for world. Processed: 4673 chunks (71.22%), ETA: 0:00:38, Rate: 48.4 cps, Current: -30, 32
[22:28:20 INFO]: [Chunky] Task running for world. Processed: 4714 chunks (71.85%), ETA: 0:00:37, Rate: 48.7 cps, Current: -28, 39
[22:28:21 INFO]: [Chunky] Task running for world. Processed: 4771 chunks (72.72%), ETA: 0:00:37, Rate: 47.9 cps, Current: -19, 32
[22:28:22 INFO]: [Chunky] Task running for world. Processed: 4823 chunks (73.51%), ETA: 0:00:36, Rate: 47.7 cps, Current: -16, 38
[22:28:23 INFO]: [Chunky] Task running for world. Processed: 4877 chunks (74.33%), ETA: 0:00:35, Rate: 47.7 cps, Current: -10, 38
[22:28:24 INFO]: [Chunky] Task running for world. Processed: 4932 chunks (75.17%), ETA: 0:00:34, Rate: 47.0 cps, Current: -2, 33
[22:28:25 INFO]: [Chunky] Task running for world. Processed: 4984 chunks (75.96%), ETA: 0:00:33, Rate: 47.0 cps, Current: 2, 37
[22:28:26 INFO]: [Chunky] Task running for world. Processed: 5033 chunks (76.71%), ETA: 0:00:32, Rate: 47.3 cps, Current: 9, 33
[22:28:27 INFO]: [Chunky] Task running for world. Processed: 5072 chunks (77.31%), ETA: 0:00:31, Rate: 47.7 cps, Current: 12, 36
[22:28:28 INFO]: [Chunky] Task running for world. Processed: 5115 chunks (77.96%), ETA: 0:00:29, Rate: 48.3 cps, Current: 17, 35
[22:28:29 INFO]: [Chunky] Task running for world. Processed: 5167 chunks (78.75%), ETA: 0:00:28, Rate: 48.6 cps, Current: 22, 38
[22:28:30 INFO]: [Chunky] Task running for world. Processed: 5222 chunks (79.59%), ETA: 0:00:27, Rate: 49.0 cps, Current: 30, 33
[22:28:31 INFO]: [Chunky] Task running for world. Processed: 5278 chunks (80.45%), ETA: 0:00:25, Rate: 49.7 cps, Current: 35, 35
[22:28:32 INFO]: [Chunky] Task running for world. Processed: 5321 chunks (81.10%), ETA: 0:00:25, Rate: 49.2 cps, Current: 39, 39
[22:28:33 INFO]: [Chunky] Task running for world. Processed: 5354 chunks (81.60%), ETA: 0:00:24, Rate: 48.9 cps, Current: 37, -33
[22:28:34 INFO]: [Chunky] Task running for world. Processed: 5380 chunks (82.00%), ETA: 0:00:24, Rate: 48.6 cps, Current: 40, -33
[22:28:35 INFO]: [Chunky] Task running for world. Processed: 5405 chunks (82.38%), ETA: 0:00:23, Rate: 48.8 cps, Current: 1, -37
[22:28:36 INFO]: [Chunky] Task running for world. Processed: 5449 chunks (83.05%), ETA: 0:00:22, Rate: 48.6 cps, Current: 6, -34
[22:28:37 INFO]: [Chunky] Task running for world. Processed: 5508 chunks (83.95%), ETA: 0:00:21, Rate: 49.2 cps, Current: 13, -37
[22:28:38 INFO]: [Chunky] Task running for world. Processed: 5566 chunks (84.83%), ETA: 0:00:20, Rate: 49.0 cps, Current: 21, -34
[22:28:39 INFO]: [Chunky] Task running for world. Processed: 5652 chunks (86.15%), ETA: 0:00:17, Rate: 50.7 cps, Current: 31, -40
[22:28:40 INFO]: [Chunky] Task running for world. Processed: 5658 chunks (86.24%), ETA: 0:00:18, Rate: 49.3 cps, Current: -30, -33
[22:28:42 INFO]: [Chunky] Task running for world. Processed: 5692 chunks (86.76%), ETA: 0:00:17, Rate: 48.6 cps, Current: -27, -35
[22:28:43 INFO]: [Chunky] Task running for world. Processed: 5731 chunks (87.35%), ETA: 0:00:16, Rate: 49.0 cps, Current: -23, -36
[22:28:44 INFO]: [Chunky] Task running for world. Processed: 5779 chunks (88.08%), ETA: 0:00:16, Rate: 47.5 cps, Current: -15, -33
[22:28:45 INFO]: [Chunky] Task running for world. Processed: 5828 chunks (88.83%), ETA: 0:00:15, Rate: 47.4 cps, Current: -11, -37
[22:28:46 INFO]: [Chunky] Task running for world. Processed: 5906 chunks (90.02%), ETA: 0:00:13, Rate: 48.2 cps, Current: -8, -40
[22:28:47 INFO]: [Chunky] Task running for world. Processed: 5914 chunks (90.14%), ETA: 0:00:14, Rate: 45.2 cps, Current: -37, -37
[22:28:48 INFO]: [Chunky] Task running for world. Processed: 5958 chunks (90.81%), ETA: 0:00:13, Rate: 44.1 cps, Current: -35, -40
[22:28:49 INFO]: [Chunky] Task running for world. Processed: 5978 chunks (91.11%), ETA: 0:00:13, Rate: 42.9 cps, Current: -40, -32
[22:28:51 INFO]: [Chunky] Task running for world. Processed: 5980 chunks (91.14%), ETA: 0:00:14, Rate: 40.8 cps, Current: -40, -31
[22:28:52 INFO]: [Chunky] Task running for world. Processed: 5986 chunks (91.24%), ETA: 0:00:14, Rate: 39.3 cps, Current: -40, -26
[22:28:53 INFO]: [Chunky] Task running for world. Processed: 6027 chunks (91.86%), ETA: 0:00:13, Rate: 38.8 cps, Current: -40, -1
[22:28:54 INFO]: [Chunky] Task running for world. Processed: 6096 chunks (92.91%), ETA: 0:00:11, Rate: 39.3 cps, Current: -37, -14
[22:28:55 INFO]: [Chunky] Task running for world. Processed: 6234 chunks (95.02%), ETA: 0:00:07, Rate: 41.3 cps, Current: -40, 0
[22:28:56 INFO]: [Chunky] Task running for world. Processed: 6236 chunks (95.05%), ETA: 0:00:08, Rate: 39.8 cps, Current: -39, 1
[22:28:58 INFO]: [Chunky] Task running for world. Processed: 6240 chunks (95.11%), ETA: 0:00:08, Rate: 38.2 cps, Current: -39, 3
[22:28:59 INFO]: [Chunky] Task running for world. Processed: 6319 chunks (96.31%), ETA: 0:00:06, Rate: 38.9 cps, Current: -38, 20
[22:29:00 INFO]: [Chunky] Task running for world. Processed: 6490 chunks (98.92%), ETA: 0:00:01, Rate: 41.5 cps, Current: -40, 32
[22:29:01 INFO]: [Chunky] Task finished for world. Processed: 6561 chunks (100.00%), Total time: 0:02:34
