WARNING: Using incubator modules: jdk.incubator.vector
Starting org.bukkit.craftbukkit.Main
2026-08-30T08:16:50.316926990Z ServerMain WARN Advanced terminal features are not available in this environment
[16:16:50 INFO]: [bootstrap] Running Java 25 (OpenJDK 64-Bit Server VM 25.0.4+7-1-26.04-Ubuntu; Ubuntu null) on Linux 6.7.9-bbrplus (amd64)
[16:16:50 INFO]: [bootstrap] Loading Paper 26.1.2-74-ver/26.1.2@e4e17fc (2026-07-06T16:51:09Z) for Minecraft 26.1.2
[16:16:50 INFO]: [PluginInitializerManager] Initializing plugins...
[16:16:51 INFO]: [PluginInitializerManager] Initialized 1 plugin
[16:16:51 INFO]: [PluginInitializerManager] Bukkit plugins (1):
 - Chunky (1.5.3)
WARNING: A terminally deprecated method in sun.misc.Unsafe has been called
WARNING: sun.misc.Unsafe::objectFieldOffset has been called by org.joml.MemUtil$MemUtilUnsafe (file:/root/worldgen/control/libraries/org/joml/joml/1.10.8/joml-1.10.8.jar)
WARNING: Please consider reporting this to the maintainers of class org.joml.MemUtil$MemUtilUnsafe
WARNING: sun.misc.Unsafe::objectFieldOffset will be removed in a future release
[16:16:56 INFO]: Environment: Environment[sessionHost=https://sessionserver.mojang.com, servicesHost=https://api.minecraftservices.com, profilesHost=https://api.mojang.com, name=PROD]
[16:16:56 INFO]: Found new data pack file/bukkit, loading it automatically
[16:16:56 INFO]: Found new data pack paper, loading it automatically
[16:16:57 INFO]: No existing world data, creating new world
[16:16:58 INFO]: Loaded 1515 recipes
[16:16:58 INFO]: Loaded 1617 advancements
[16:16:58 INFO]: [ca.spottedleaf.dataconverter.minecraft.datatypes.MCTypeRegistry] Initialising converters for DataConverter...
[16:16:58 INFO]: [ca.spottedleaf.dataconverter.minecraft.datatypes.MCTypeRegistry] Finished initialising converters for DataConverter in 388.8ms
[16:16:58 INFO]: Starting minecraft server version 26.1.2
[16:16:58 WARN]: ****************************
[16:16:58 WARN]: YOU ARE RUNNING THIS SERVER AS AN ADMINISTRATIVE OR ROOT USER. THIS IS NOT ADVISED.
[16:16:58 WARN]: YOU ARE OPENING YOURSELF UP TO POTENTIAL RISKS WHEN DOING THIS.
[16:16:58 WARN]: FOR MORE INFORMATION, SEE https://madelinemiller.dev/blog/root-minecraft-server/
[16:16:58 WARN]: ****************************
[16:16:58 INFO]: Loading properties
[16:16:59 INFO]: This server is running Paper version 26.1.2-74-ver/26.1.2@e4e17fc (2026-07-06T16:51:09Z) (Implementing API version 26.1.2.build.74-stable)
[16:16:59 INFO]: [spark] This server bundles the spark profiler. For more information please visit https://docs.papermc.io/paper/profiling
[16:16:59 INFO]: Server Ping Player Sample Count: 12
[16:16:59 INFO]: Using 4 threads for Netty based IO
[16:16:59 INFO]: [MoonriseCommon] Paper is using 2 worker threads, 1 I/O threads
[16:16:59 INFO]: Default game type: SURVIVAL
[16:16:59 INFO]: Generating keypair
[16:16:59 INFO]: Starting Minecraft server on *:9090
[16:16:59 INFO]: Paper: Using libdeflate (Linux x86_64) compression from Velocity.
[16:16:59 INFO]: Paper: Using OpenSSL 3.x.x (Linux x86_64) cipher from Velocity.
[16:17:00 INFO]: [Chunky] Loading server plugin Chunky v1.5.3
[16:17:00 INFO]: Server permissions file permissions.yml is empty, ignoring it
[16:17:00 WARN]: **** SERVER IS RUNNING IN OFFLINE/INSECURE MODE!
[16:17:00 WARN]: The server will make no attempt to authenticate usernames. Beware.
[16:17:00 WARN]: While this makes the game possible to play without internet access, it also opens up the ability for hackers to connect with any username they choose.
[16:17:00 WARN]: To change this, set "online-mode" to "true" in the server.properties file.
[16:17:00 INFO]: Preparing level "world"
[16:17:00 INFO]: Selecting spawn point for level 'minecraft:overworld'...
[16:17:05 INFO]: Loading 0 persistent chunks for level 'minecraft:overworld'...
[16:17:05 INFO]: Preparing spawn area: 100%
[16:17:05 INFO]: Prepared spawn area in 4703 ms
[16:17:05 INFO]: Done preparing level "world" (5.094s)
[16:17:05 INFO]: [Chunky] Enabling Chunky v1.5.3
[16:17:05 INFO]: [spark] Starting background profiler...
[16:17:05 INFO]: Starting remote control listener
[16:17:05 INFO]: Thread RCON Listener started
[16:17:05 INFO]: RCON running on 0.0.0.0:25575
[16:17:05 INFO]: Saving chunks for level 'ServerLevel[world]'/minecraft:overworld
[16:17:05 INFO]: ThreadedAnvilChunkStorage (world): All chunks are saved
[16:17:05 INFO]: ThreadedAnvilChunkStorage: All dimensions are saved
[16:17:05 INFO]: Running delayed init tasks
[16:17:05 INFO]: Done (16.214s)! For help, type "help"
[16:17:05 WARN]: *************************************************************************************
[16:17:05 WARN]: You are running the latest build for your Minecraft version (26.1.2)
[16:17:05 WARN]: However, you are 2 release(s) behind the latest stable release (26.2)!
[16:17:05 WARN]: It is recommended that you update as soon as possible
[16:17:05 WARN]: https://papermc.io/downloads/paper
[16:17:05 WARN]: *************************************************************************************
[16:17:06 INFO]: Thread RCON Client /127.0.0.1 started
[16:17:06 INFO]: Thread RCON Client /127.0.0.1 shutting down
[16:17:06 INFO]: Thread RCON Client /127.0.0.1 started
[16:17:06 INFO]: Thread RCON Client /127.0.0.1 shutting down
[16:17:06 INFO]: Thread RCON Client /127.0.0.1 started
[16:17:06 INFO]: Thread RCON Client /127.0.0.1 shutting down
[16:17:06 INFO]: Thread RCON Client /127.0.0.1 started
[16:17:06 INFO]: Thread RCON Client /127.0.0.1 shutting down
[16:17:06 INFO]: Thread RCON Client /127.0.0.1 started
[16:17:06 INFO]: Thread RCON Client /127.0.0.1 shutting down
[16:17:08 INFO]: [Chunky] Task running for world. Processed: 2 chunks (0.03%), ETA: 1:32:02, Rate: 1.2 cps, Current: 1, 1
[16:17:10 INFO]: [Chunky] Task running for world. Processed: 34 chunks (0.52%), ETA: 0:10:24, Rate: 10.5 cps, Current: 3, 2
[16:17:11 INFO]: [Chunky] Task running for world. Processed: 67 chunks (1.02%), ETA: 0:07:02, Rate: 15.4 cps, Current: 5, 0
[16:17:12 INFO]: [Chunky] Task running for world. Processed: 99 chunks (1.51%), ETA: 0:05:57, Rate: 18.1 cps, Current: 12, 0
[16:17:13 INFO]: [Chunky] Task running for world. Processed: 135 chunks (2.06%), ETA: 0:05:08, Rate: 20.8 cps, Current: 8, 9
[16:17:14 INFO]: [Chunky] Task running for world. Processed: 166 chunks (2.53%), ETA: 0:04:49, Rate: 22.1 cps, Current: 9, 12
[16:17:15 INFO]: [Chunky] Task running for world. Processed: 213 chunks (3.25%), ETA: 0:04:17, Rate: 24.7 cps, Current: 4, 9
[16:17:16 INFO]: [Chunky] Task running for world. Processed: 247 chunks (3.76%), ETA: 0:04:07, Rate: 25.6 cps, Current: 1, 11
[16:17:17 INFO]: [Chunky] Task running for world. Processed: 272 chunks (4.15%), ETA: 0:04:07, Rate: 25.4 cps, Current: 0, 13
[16:17:18 INFO]: [Chunky] Task running for world. Processed: 296 chunks (4.51%), ETA: 0:04:09, Rate: 25.1 cps, Current: 7, 19
[16:17:19 INFO]: [Chunky] Task running for world. Processed: 318 chunks (4.85%), ETA: 0:04:11, Rate: 24.9 cps, Current: 6, 23
[16:17:20 INFO]: [Chunky] Task running for world. Processed: 343 chunks (5.23%), ETA: 0:04:10, Rate: 24.8 cps, Current: 4, 26
[16:17:21 INFO]: [Chunky] Task running for world. Processed: 378 chunks (5.76%), ETA: 0:04:02, Rate: 25.4 cps, Current: 4, 31
[16:17:22 INFO]: [Chunky] Task running for world. Processed: 407 chunks (6.20%), ETA: 0:03:59, Rate: 25.7 cps, Current: 11, 28
[16:17:23 INFO]: [Chunky] Task running for world. Processed: 441 chunks (6.72%), ETA: 0:03:54, Rate: 26.1 cps, Current: 12, 31
[16:17:24 INFO]: [Chunky] Task running for world. Processed: 513 chunks (7.82%), ETA: 0:03:32, Rate: 28.5 cps, Current: 16, 16
[16:17:25 INFO]: [Chunky] Task running for world. Processed: 538 chunks (8.20%), ETA: 0:03:33, Rate: 28.2 cps, Current: 16, 20
[16:17:26 INFO]: [Chunky] Task running for world. Processed: 588 chunks (8.96%), ETA: 0:03:24, Rate: 29.2 cps, Current: 17, 27
[16:17:27 INFO]: [Chunky] Task running for world. Processed: 625 chunks (9.53%), ETA: 0:03:20, Rate: 29.6 cps, Current: 19, 31
[16:17:28 INFO]: [Chunky] Task running for world. Processed: 658 chunks (10.03%), ETA: 0:03:18, Rate: 29.7 cps, Current: 24, 30
[16:17:29 INFO]: [Chunky] Task running for world. Processed: 689 chunks (10.50%), ETA: 0:03:17, Rate: 29.7 cps, Current: 30, 28
[16:17:31 INFO]: [Chunky] Task running for world. Processed: 738 chunks (11.25%), ETA: 0:03:10, Rate: 30.5 cps, Current: 31, 21
[16:17:32 INFO]: [Chunky] Task running for world. Processed: 764 chunks (11.64%), ETA: 0:03:11, Rate: 30.2 cps, Current: 29, 15
[16:17:33 INFO]: [Chunky] Task running for world. Processed: 799 chunks (12.18%), ETA: 0:03:09, Rate: 30.4 cps, Current: 26, 12
[16:17:34 INFO]: [Chunky] Task running for world. Processed: 835 chunks (12.73%), ETA: 0:03:07, Rate: 30.5 cps, Current: 24, 13
[16:17:35 INFO]: [Chunky] Task running for world. Processed: 883 chunks (13.46%), ETA: 0:03:02, Rate: 31.0 cps, Current: 23, 9
[16:17:36 INFO]: [Chunky] Task running for world. Processed: 933 chunks (14.22%), ETA: 0:02:57, Rate: 31.7 cps, Current: 19, 2
[16:17:37 INFO]: [Chunky] Task running for world. Processed: 986 chunks (15.03%), ETA: 0:02:43, Rate: 34.2 cps, Current: 22, 0
[16:17:38 INFO]: [Chunky] Task running for world. Processed: 1020 chunks (15.55%), ETA: 0:02:42, Rate: 34.1 cps, Current: 31, 5
[16:17:39 INFO]: [Chunky] Task running for world. Processed: 1064 chunks (16.22%), ETA: 0:02:36, Rate: 35.2 cps, Current: 33, 14
[16:17:40 INFO]: [Chunky] Task running for world. Processed: 1107 chunks (16.87%), ETA: 0:02:32, Rate: 35.7 cps, Current: 34, 3
[16:17:41 INFO]: [Chunky] Task running for world. Processed: 1151 chunks (17.54%), ETA: 0:02:29, Rate: 36.2 cps, Current: 35, 0
[16:17:42 INFO]: [Chunky] Task running for world. Processed: 1185 chunks (18.06%), ETA: 0:02:29, Rate: 36.0 cps, Current: 37, 6
[16:17:43 INFO]: [Chunky] Task running for world. Processed: 1224 chunks (18.66%), ETA: 0:02:26, Rate: 36.4 cps, Current: 38, 10
[16:17:44 INFO]: [Chunky] Task running for world. Processed: 1264 chunks (19.27%), ETA: 0:02:26, Rate: 36.2 cps, Current: 39, 15
[16:17:45 INFO]: [Chunky] Task running for world. Processed: 1310 chunks (19.97%), ETA: 0:02:23, Rate: 36.5 cps, Current: 40, 29
[16:17:46 INFO]: [Chunky] Task running for world. Processed: 1313 chunks (20.01%), ETA: 0:02:26, Rate: 35.7 cps, Current: 32, -1
[16:17:47 INFO]: [Chunky] Task running for world. Processed: 1314 chunks (20.03%), ETA: 0:02:30, Rate: 34.8 cps, Current: 32, -2
[16:17:48 INFO]: [Chunky] Task running for world. Processed: 1322 chunks (20.15%), ETA: 0:02:32, Rate: 34.3 cps, Current: 32, -26
[16:17:49 INFO]: [Chunky] Task running for world. Processed: 1396 chunks (21.28%), ETA: 0:02:23, Rate: 36.0 cps, Current: 34, -13
[16:17:50 INFO]: [Chunky] Task running for world. Processed: 1450 chunks (22.10%), ETA: 0:02:19, Rate: 36.6 cps, Current: 36, -23
[16:17:51 INFO]: [Chunky] Task running for world. Processed: 1507 chunks (22.97%), ETA: 0:02:14, Rate: 37.6 cps, Current: 38, -32
[16:17:53 INFO]: [Chunky] Task running for world. Processed: 1569 chunks (23.91%), ETA: 0:02:10, Rate: 38.3 cps, Current: 40, -30
[16:17:55 INFO]: [Chunky] Task running for world. Processed: 1601 chunks (24.40%), ETA: 0:02:18, Rate: 35.9 cps, Current: 2, -27
[16:17:56 INFO]: [Chunky] Task running for world. Processed: 1644 chunks (25.06%), ETA: 0:02:18, Rate: 35.6 cps, Current: 3, -25
[16:17:57 INFO]: [Chunky] Task running for world. Processed: 1667 chunks (25.41%), ETA: 0:02:19, Rate: 35.0 cps, Current: 5, -32
[16:17:58 INFO]: [Chunky] Task running for world. Processed: 1702 chunks (25.94%), ETA: 0:02:18, Rate: 35.1 cps, Current: 11, -32
[16:17:59 INFO]: [Chunky] Task running for world. Processed: 1734 chunks (26.43%), ETA: 0:02:17, Rate: 35.1 cps, Current: 11, -24
[16:18:00 INFO]: [Chunky] Task running for world. Processed: 1770 chunks (26.98%), ETA: 0:02:18, Rate: 34.7 cps, Current: 15, -22
[16:18:01 INFO]: [Chunky] Task running for world. Processed: 1821 chunks (27.75%), ETA: 0:02:13, Rate: 35.6 cps, Current: 3, -23
[16:18:02 INFO]: [Chunky] Task running for world. Processed: 1855 chunks (28.27%), ETA: 0:02:12, Rate: 35.6 cps, Current: 1, -19
[16:18:03 INFO]: [Chunky] Task running for world. Processed: 1891 chunks (28.82%), ETA: 0:02:11, Rate: 35.5 cps, Current: 3, -12
[16:18:04 INFO]: [Chunky] Task running for world. Processed: 1914 chunks (29.17%), ETA: 0:02:13, Rate: 34.8 cps, Current: 0, -1
[16:18:05 INFO]: [Chunky] Task running for world. Processed: 1995 chunks (30.41%), ETA: 0:02:07, Rate: 35.8 cps, Current: 9, -5
[16:18:06 INFO]: [Chunky] Task running for world. Processed: 2042 chunks (31.12%), ETA: 0:02:06, Rate: 35.6 cps, Current: 14, -4
[16:18:08 INFO]: [Chunky] Task running for world. Processed: 2114 chunks (32.22%), ETA: 0:02:01, Rate: 36.5 cps, Current: 16, -15
[16:18:09 INFO]: [Chunky] Task running for world. Processed: 2151 chunks (32.78%), ETA: 0:02:02, Rate: 36.0 cps, Current: 22, -12
[16:18:10 INFO]: [Chunky] Task running for world. Processed: 2209 chunks (33.67%), ETA: 0:01:59, Rate: 36.5 cps, Current: 20, -1
[16:18:11 INFO]: [Chunky] Task running for world. Processed: 2294 chunks (34.96%), ETA: 0:01:51, Rate: 38.3 cps, Current: 26, -8
[16:18:12 INFO]: [Chunky] Task running for world. Processed: 2375 chunks (36.20%), ETA: 0:01:45, Rate: 39.5 cps, Current: 30, -17
[16:18:13 INFO]: [Chunky] Task running for world. Processed: 2440 chunks (37.19%), ETA: 0:01:42, Rate: 40.1 cps, Current: 24, -19
[16:18:14 INFO]: [Chunky] Task running for world. Processed: 2513 chunks (38.30%), ETA: 0:01:38, Rate: 41.0 cps, Current: 22, -26
[16:18:15 INFO]: [Chunky] Task running for world. Processed: 2568 chunks (39.14%), ETA: 0:01:32, Rate: 42.9 cps, Current: 28, -25
[16:18:19 INFO]: [Chunky] Task running for world. Processed: 2625 chunks (40.01%), ETA: 0:01:33, Rate: 42.0 cps, Current: -30, -27
[16:18:20 INFO]: [Chunky] Task running for world. Processed: 2653 chunks (40.44%), ETA: 0:01:35, Rate: 41.0 cps, Current: -32, -30
[16:18:21 INFO]: [Chunky] Task running for world. Processed: 2689 chunks (40.98%), ETA: 0:01:36, Rate: 40.3 cps, Current: -23, -30
[16:18:22 INFO]: [Chunky] Task running for world. Processed: 2727 chunks (41.56%), ETA: 0:01:36, Rate: 39.7 cps, Current: -24, -26
[16:18:23 INFO]: [Chunky] Task running for world. Processed: 2770 chunks (42.22%), ETA: 0:01:30, Rate: 41.9 cps, Current: -19, -22
[16:18:24 INFO]: [Chunky] Task running for world. Processed: 2803 chunks (42.72%), ETA: 0:01:30, Rate: 41.5 cps, Current: -25, -19
[16:18:25 INFO]: [Chunky] Task running for world. Processed: 2856 chunks (43.53%), ETA: 0:01:28, Rate: 41.8 cps, Current: -29, -21
[16:18:26 INFO]: [Chunky] Task running for world. Processed: 2890 chunks (44.05%), ETA: 0:01:28, Rate: 41.4 cps, Current: -32, -21
[16:18:27 INFO]: [Chunky] Task running for world. Processed: 2916 chunks (44.44%), ETA: 0:01:27, Rate: 41.7 cps, Current: -29, -12
[16:18:28 INFO]: [Chunky] Task running for world. Processed: 2932 chunks (44.69%), ETA: 0:01:28, Rate: 41.0 cps, Current: -25, -11
[16:18:29 INFO]: [Chunky] Task running for world. Processed: 2960 chunks (45.12%), ETA: 0:01:28, Rate: 40.9 cps, Current: -31, -3
[16:18:30 INFO]: [Chunky] Task running for world. Processed: 3001 chunks (45.74%), ETA: 0:01:27, Rate: 40.9 cps, Current: -25, -6
[16:18:31 INFO]: [Chunky] Task running for world. Processed: 3029 chunks (46.17%), ETA: 0:01:28, Rate: 40.1 cps, Current: -24, -1
[16:18:33 INFO]: [Chunky] Task running for world. Processed: 3065 chunks (46.72%), ETA: 0:01:26, Rate: 40.4 cps, Current: -20, -1
[16:18:34 INFO]: [Chunky] Task running for world. Processed: 3138 chunks (47.83%), ETA: 0:01:21, Rate: 42.0 cps, Current: -16, -15
[16:18:35 INFO]: [Chunky] Task running for world. Processed: 3167 chunks (48.27%), ETA: 0:01:23, Rate: 40.5 cps, Current: -16, -10
[16:18:36 INFO]: [Chunky] Task running for world. Processed: 3216 chunks (49.02%), ETA: 0:01:23, Rate: 40.2 cps, Current: -14, -7
[16:18:37 INFO]: [Chunky] Task running for world. Processed: 3254 chunks (49.60%), ETA: 0:01:23, Rate: 39.5 cps, Current: -8, -7
[16:18:38 INFO]: [Chunky] Task running for world. Processed: 3323 chunks (50.65%), ETA: 0:01:19, Rate: 40.5 cps, Current: -2, -1
[16:18:39 INFO]: [Chunky] Task running for world. Processed: 3394 chunks (51.73%), ETA: 0:01:16, Rate: 41.6 cps, Current: -1, -18
[16:18:40 INFO]: [Chunky] Task running for world. Processed: 3436 chunks (52.37%), ETA: 0:01:16, Rate: 41.1 cps, Current: -8, -17
[16:18:41 INFO]: [Chunky] Task running for world. Processed: 3507 chunks (53.45%), ETA: 0:01:15, Rate: 40.6 cps, Current: -9, -23
[16:18:42 INFO]: [Chunky] Task running for world. Processed: 3561 chunks (54.28%), ETA: 0:01:15, Rate: 39.8 cps, Current: -9, -27
[16:18:43 INFO]: [Chunky] Task running for world. Processed: 3631 chunks (55.34%), ETA: 0:01:12, Rate: 40.2 cps, Current: -5, -30
[16:18:44 INFO]: [Chunky] Task running for world. Processed: 3649 chunks (55.62%), ETA: 0:01:16, Rate: 38.3 cps, Current: -31, 0
[16:18:45 INFO]: [Chunky] Task running for world. Processed: 3684 chunks (56.15%), ETA: 0:01:16, Rate: 37.5 cps, Current: -30, 6
[16:18:46 INFO]: [Chunky] Task running for world. Processed: 3708 chunks (56.52%), ETA: 0:01:12, Rate: 39.4 cps, Current: -21, 0
[16:18:47 INFO]: [Chunky] Task running for world. Processed: 3748 chunks (57.13%), ETA: 0:01:11, Rate: 39.4 cps, Current: -19, 4
[16:18:48 INFO]: [Chunky] Task running for world. Processed: 3788 chunks (57.74%), ETA: 0:01:10, Rate: 39.3 cps, Current: -21, 9
[16:18:49 INFO]: [Chunky] Task running for world. Processed: 3821 chunks (58.24%), ETA: 0:01:09, Rate: 39.6 cps, Current: -17, 11
[16:18:50 INFO]: [Chunky] Task running for world. Processed: 3868 chunks (58.95%), ETA: 0:01:07, Rate: 39.9 cps, Current: -32, 8
[16:18:51 INFO]: [Chunky] Task running for world. Processed: 3903 chunks (59.49%), ETA: 0:01:06, Rate: 39.8 cps, Current: -31, 13
[16:18:52 INFO]: [Chunky] Task running for world. Processed: 3935 chunks (59.98%), ETA: 0:01:06, Rate: 39.5 cps, Current: -26, 19
[16:18:54 INFO]: [Chunky] Task running for world. Processed: 3956 chunks (60.30%), ETA: 0:01:06, Rate: 39.1 cps, Current: -30, 23
[16:18:55 INFO]: [Chunky] Task running for world. Processed: 3990 chunks (60.81%), ETA: 0:01:06, Rate: 38.5 cps, Current: -31, 30
[16:18:56 INFO]: [Chunky] Task running for world. Processed: 4027 chunks (61.38%), ETA: 0:01:05, Rate: 38.6 cps, Current: -25, 26
[16:18:57 INFO]: [Chunky] Task running for world. Processed: 4062 chunks (61.91%), ETA: 0:01:04, Rate: 39.0 cps, Current: -20, 28
[16:18:58 INFO]: [Chunky] Task running for world. Processed: 4105 chunks (62.57%), ETA: 0:01:01, Rate: 39.9 cps, Current: -18, 22
[16:18:59 INFO]: [Chunky] Task running for world. Processed: 4162 chunks (63.44%), ETA: 0:00:58, Rate: 41.0 cps, Current: -16, 17
[16:19:00 INFO]: [Chunky] Task running for world. Processed: 4191 chunks (63.88%), ETA: 0:00:58, Rate: 40.5 cps, Current: -16, 22
[16:19:01 INFO]: [Chunky] Task running for world. Processed: 4239 chunks (64.61%), ETA: 0:00:56, Rate: 41.2 cps, Current: -15, 29
[16:19:02 INFO]: [Chunky] Task running for world. Processed: 4272 chunks (65.11%), ETA: 0:00:55, Rate: 41.3 cps, Current: -10, 25
[16:19:03 INFO]: [Chunky] Task running for world. Processed: 4305 chunks (65.61%), ETA: 0:00:56, Rate: 40.0 cps, Current: -9, 31
[16:19:04 INFO]: [Chunky] Task running for world. Processed: 4389 chunks (66.90%), ETA: 0:00:51, Rate: 42.0 cps, Current: -7, 19
[16:19:05 INFO]: [Chunky] Task running for world. Processed: 4434 chunks (67.58%), ETA: 0:00:50, Rate: 41.7 cps, Current: -4, 15
[16:19:06 INFO]: [Chunky] Task running for world. Processed: 4488 chunks (68.40%), ETA: 0:00:49, Rate: 42.3 cps, Current: -5, 8
[16:19:07 INFO]: [Chunky] Task running for world. Processed: 4553 chunks (69.39%), ETA: 0:00:47, Rate: 42.0 cps, Current: -11, 6
[16:19:09 INFO]: [Chunky] Task running for world. Processed: 4673 chunks (71.22%), ETA: 0:00:44, Rate: 42.6 cps, Current: -32, 32
[16:19:10 INFO]: [Chunky] Task running for world. Processed: 4707 chunks (71.74%), ETA: 0:00:44, Rate: 41.4 cps, Current: -32, 34
[16:19:11 INFO]: [Chunky] Task running for world. Processed: 4753 chunks (72.44%), ETA: 0:00:43, Rate: 41.2 cps, Current: -24, 37
[16:19:12 INFO]: [Chunky] Task running for world. Processed: 4798 chunks (73.13%), ETA: 0:00:43, Rate: 40.3 cps, Current: -22, 40
[16:19:13 INFO]: [Chunky] Task running for world. Processed: 4837 chunks (73.72%), ETA: 0:00:42, Rate: 40.3 cps, Current: -14, 35
[16:19:14 INFO]: [Chunky] Task running for world. Processed: 4881 chunks (74.39%), ETA: 0:00:40, Rate: 41.3 cps, Current: -9, 34
[16:19:15 INFO]: [Chunky] Task running for world. Processed: 4929 chunks (75.13%), ETA: 0:00:39, Rate: 41.8 cps, Current: -4, 36
[16:19:16 INFO]: [Chunky] Task running for world. Processed: 4973 chunks (75.80%), ETA: 0:00:37, Rate: 42.5 cps, Current: 1, 36
[16:19:17 INFO]: [Chunky] Task running for world. Processed: 5016 chunks (76.45%), ETA: 0:00:36, Rate: 42.6 cps, Current: 6, 34
[16:19:18 INFO]: [Chunky] Task running for world. Processed: 5057 chunks (77.08%), ETA: 0:00:35, Rate: 42.6 cps, Current: 10, 38
[16:19:19 INFO]: [Chunky] Task running for world. Processed: 5095 chunks (77.66%), ETA: 0:00:34, Rate: 42.8 cps, Current: 16, 33
[16:19:20 INFO]: [Chunky] Task running for world. Processed: 5138 chunks (78.31%), ETA: 0:00:33, Rate: 42.8 cps, Current: 18, 39
[16:19:21 INFO]: [Chunky] Task running for world. Processed: 5184 chunks (79.01%), ETA: 0:00:31, Rate: 43.1 cps, Current: 24, 38
[16:19:22 INFO]: [Chunky] Task running for world. Processed: 5230 chunks (79.71%), ETA: 0:00:30, Rate: 43.7 cps, Current: 30, 34
[16:19:23 INFO]: [Chunky] Task running for world. Processed: 5279 chunks (80.46%), ETA: 0:00:28, Rate: 44.7 cps, Current: 32, 40
[16:19:24 INFO]: [Chunky] Task running for world. Processed: 5313 chunks (80.98%), ETA: 0:00:27, Rate: 44.6 cps, Current: 36, 40
[16:19:25 INFO]: [Chunky] Task running for world. Processed: 5343 chunks (81.44%), ETA: 0:00:27, Rate: 44.4 cps, Current: 35, -34
[16:19:26 INFO]: [Chunky] Task running for world. Processed: 5369 chunks (81.83%), ETA: 0:00:27, Rate: 44.1 cps, Current: 34, -40
[16:19:27 INFO]: [Chunky] Task running for world. Processed: 5395 chunks (82.23%), ETA: 0:00:26, Rate: 43.5 cps, Current: 39, -39
[16:19:28 INFO]: [Chunky] Task running for world. Processed: 5426 chunks (82.70%), ETA: 0:00:26, Rate: 42.6 cps, Current: 4, -34
[16:19:29 INFO]: [Chunky] Task running for world. Processed: 5479 chunks (83.51%), ETA: 0:00:24, Rate: 43.5 cps, Current: 10, -34
[16:19:30 INFO]: [Chunky] Task running for world. Processed: 5530 chunks (84.29%), ETA: 0:00:23, Rate: 43.6 cps, Current: 16, -36
[16:19:31 INFO]: [Chunky] Task running for world. Processed: 5586 chunks (85.14%), ETA: 0:00:21, Rate: 44.4 cps, Current: 23, -36
[16:19:33 INFO]: [Chunky] Task running for world. Processed: 5658 chunks (86.24%), ETA: 0:00:20, Rate: 43.2 cps, Current: -30, -33
[16:19:34 INFO]: [Chunky] Task running for world. Processed: 5689 chunks (86.71%), ETA: 0:00:20, Rate: 42.8 cps, Current: -26, -33
[16:19:35 INFO]: [Chunky] Task running for world. Processed: 5725 chunks (87.26%), ETA: 0:00:19, Rate: 42.3 cps, Current: -24, -37
[16:19:36 INFO]: [Chunky] Task running for world. Processed: 5770 chunks (87.94%), ETA: 0:00:19, Rate: 41.6 cps, Current: -16, -33
[16:19:37 INFO]: [Chunky] Task running for world. Processed: 5818 chunks (88.68%), ETA: 0:00:18, Rate: 40.2 cps, Current: -12, -36
[16:19:38 INFO]: [Chunky] Task running for world. Processed: 5880 chunks (89.62%), ETA: 0:00:16, Rate: 40.9 cps, Current: -5, -37
[16:19:40 INFO]: [Chunky] Task running for world. Processed: 5914 chunks (90.14%), ETA: 0:00:16, Rate: 39.9 cps, Current: -36, -38
[16:19:41 INFO]: [Chunky] Task running for world. Processed: 5956 chunks (90.78%), ETA: 0:00:15, Rate: 39.8 cps, Current: -33, -40
[16:19:43 INFO]: [Chunky] Task running for world. Processed: 5978 chunks (91.11%), ETA: 0:00:15, Rate: 38.1 cps, Current: -40, -32
[16:19:44 INFO]: [Chunky] Task running for world. Processed: 5980 chunks (91.14%), ETA: 0:00:16, Rate: 36.2 cps, Current: -40, -31
[16:19:45 INFO]: [Chunky] Task running for world. Processed: 5988 chunks (91.27%), ETA: 0:00:16, Rate: 34.8 cps, Current: -40, -24
[16:19:46 INFO]: [Chunky] Task running for world. Processed: 6030 chunks (91.91%), ETA: 0:00:15, Rate: 34.8 cps, Current: -38, -32
[16:19:47 INFO]: [Chunky] Task running for world. Processed: 6096 chunks (92.91%), ETA: 0:00:13, Rate: 35.6 cps, Current: -37, -14
[16:19:49 INFO]: [Chunky] Task running for world. Processed: 6234 chunks (95.02%), ETA: 0:00:08, Rate: 38.4 cps, Current: -40, 0
[16:19:50 INFO]: [Chunky] Task running for world. Processed: 6236 chunks (95.05%), ETA: 0:00:08, Rate: 36.2 cps, Current: -39, 1
[16:19:52 INFO]: [Chunky] Task running for world. Processed: 6240 chunks (95.11%), ETA: 0:00:09, Rate: 34.2 cps, Current: -40, 3
[16:19:53 INFO]: [Chunky] Task running for world. Processed: 6307 chunks (96.13%), ETA: 0:00:07, Rate: 34.9 cps, Current: -39, 26
[16:19:54 INFO]: [Chunky] Task running for world. Processed: 6403 chunks (97.59%), ETA: 0:00:04, Rate: 37.0 cps, Current: -35, 17
[16:19:55 INFO]: [Chunky] Task running for world. Processed: 6490 chunks (98.92%), ETA: 0:00:01, Rate: 38.8 cps, Current: -40, 32
[16:19:56 INFO]: [Chunky] Task finished for world. Processed: 6561 chunks (100.00%), Total time: 0:02:49
[16:19:56 INFO]: Thread RCON Client /127.0.0.1 started
[16:19:57 INFO]: [3m[37m[Rcon: Stopping the server][0m
[16:19:57 INFO]: Stopping server
[16:19:57 INFO]: Thread RCON Client /127.0.0.1 shutting down
[16:19:57 INFO]: [Chunky] Disabling Chunky v1.5.3
[16:19:57 INFO]: Saving players
[16:19:57 INFO]: Saving worlds
[16:19:57 INFO]: Saving chunks for level 'ServerLevel[world]'/minecraft:overworld
[16:19:57 INFO]: [ChunkHolderManager] Waiting 60s for chunk system to halt for world 'minecraft:overworld'
[16:19:57 INFO]: [ChunkHolderManager] Halted chunk system for world 'minecraft:overworld'
[16:19:57 INFO]: [ChunkHolderManager] Saving all chunkholders for world 'minecraft:overworld'
[16:19:57 INFO]: [ChunkHolderManager] Saved 0 block chunks, 0 entity chunks, 0 poi chunks in world 'minecraft:overworld' in 0.03s
[16:19:57 INFO]: [ChunkHolderManager] Waiting 60s for chunk I/O to halt for world 'minecraft:overworld'
[16:19:57 INFO]: [ChunkHolderManager] Halted I/O scheduler for world 'minecraft:overworld'
[16:19:57 INFO]: ThreadedAnvilChunkStorage (world): All chunks are saved
[16:19:57 INFO]: ThreadedAnvilChunkStorage: All dimensions are saved
[16:19:57 INFO]: Waiting for all RegionFile I/O tasks to complete...
[16:19:57 INFO]: All RegionFile I/O tasks to complete
[16:19:57 INFO]: [MoonriseCommon] Awaiting termination of worker pool for up to 60s...
[16:19:57 INFO]: [MoonriseCommon] Awaiting termination of I/O pool for up to 60s...
