WARNING: Using incubator modules: jdk.incubator.vector
Starting org.bukkit.craftbukkit.Main
2026-08-30T09:04:51.573355867Z ServerMain WARN Advanced terminal features are not available in this environment
[17:04:51 INFO]: [bootstrap] Running Java 25 (OpenJDK 64-Bit Server VM 25.0.4+7-1-26.04-Ubuntu; Ubuntu null) on Linux 6.7.9-bbrplus (amd64)
[17:04:51 INFO]: [bootstrap] Loading Paper 26.1.2-74-ver/26.1.2@e4e17fc (2026-07-06T16:51:09Z) for Minecraft 26.1.2
[17:04:52 INFO]: [PluginInitializerManager] Initializing plugins...
[17:04:52 INFO]: [PluginInitializerManager] Initialized 1 plugin
[17:04:52 INFO]: [PluginInitializerManager] Bukkit plugins (1):
 - Chunky (1.5.3)
WARNING: A terminally deprecated method in sun.misc.Unsafe has been called
WARNING: sun.misc.Unsafe::objectFieldOffset has been called by org.joml.MemUtil$MemUtilUnsafe (file:/root/worldgen/control/libraries/org/joml/joml/1.10.8/joml-1.10.8.jar)
WARNING: Please consider reporting this to the maintainers of class org.joml.MemUtil$MemUtilUnsafe
WARNING: sun.misc.Unsafe::objectFieldOffset will be removed in a future release
[17:04:57 INFO]: Environment: Environment[sessionHost=https://sessionserver.mojang.com, servicesHost=https://api.minecraftservices.com, profilesHost=https://api.mojang.com, name=PROD]
[17:04:57 INFO]: Found new data pack file/bukkit, loading it automatically
[17:04:57 INFO]: Found new data pack paper, loading it automatically
[17:04:57 INFO]: No existing world data, creating new world
[17:04:58 INFO]: Loaded 1515 recipes
[17:04:58 INFO]: Loaded 1617 advancements
[17:04:58 INFO]: [ca.spottedleaf.dataconverter.minecraft.datatypes.MCTypeRegistry] Initialising converters for DataConverter...
[17:04:59 INFO]: [ca.spottedleaf.dataconverter.minecraft.datatypes.MCTypeRegistry] Finished initialising converters for DataConverter in 402.1ms
[17:04:59 INFO]: Starting minecraft server version 26.1.2
[17:04:59 WARN]: ****************************
[17:04:59 WARN]: YOU ARE RUNNING THIS SERVER AS AN ADMINISTRATIVE OR ROOT USER. THIS IS NOT ADVISED.
[17:04:59 WARN]: YOU ARE OPENING YOURSELF UP TO POTENTIAL RISKS WHEN DOING THIS.
[17:04:59 WARN]: FOR MORE INFORMATION, SEE https://madelinemiller.dev/blog/root-minecraft-server/
[17:04:59 WARN]: ****************************
[17:04:59 INFO]: Loading properties
[17:04:59 INFO]: This server is running Paper version 26.1.2-74-ver/26.1.2@e4e17fc (2026-07-06T16:51:09Z) (Implementing API version 26.1.2.build.74-stable)
[17:04:59 INFO]: [spark] This server bundles the spark profiler. For more information please visit https://docs.papermc.io/paper/profiling
[17:04:59 INFO]: Server Ping Player Sample Count: 12
[17:04:59 INFO]: Using 4 threads for Netty based IO
[17:04:59 INFO]: [MoonriseCommon] Paper is using 2 worker threads, 1 I/O threads
[17:05:00 INFO]: Default game type: SURVIVAL
[17:05:00 INFO]: Generating keypair
[17:05:00 INFO]: Starting Minecraft server on *:9090
[17:05:00 INFO]: Paper: Using libdeflate (Linux x86_64) compression from Velocity.
[17:05:00 INFO]: Paper: Using OpenSSL 3.x.x (Linux x86_64) cipher from Velocity.
[17:05:00 INFO]: [Chunky] Loading server plugin Chunky v1.5.3
[17:05:00 INFO]: Server permissions file permissions.yml is empty, ignoring it
[17:05:00 WARN]: **** SERVER IS RUNNING IN OFFLINE/INSECURE MODE!
[17:05:00 WARN]: The server will make no attempt to authenticate usernames. Beware.
[17:05:00 WARN]: While this makes the game possible to play without internet access, it also opens up the ability for hackers to connect with any username they choose.
[17:05:00 WARN]: To change this, set "online-mode" to "true" in the server.properties file.
[17:05:00 INFO]: Preparing level "world"
[17:05:00 INFO]: Selecting spawn point for level 'minecraft:overworld'...
[17:05:05 INFO]: Selecting spawn point for level 'minecraft:the_nether'...
[17:05:06 INFO]: Loading 0 persistent chunks for level 'minecraft:overworld'...
[17:05:06 INFO]: Preparing spawn area: 100%
[17:05:06 INFO]: Prepared spawn area in 5473 ms
[17:05:06 INFO]: Loading 0 persistent chunks for level 'minecraft:the_nether'...
[17:05:06 INFO]: Preparing spawn area: 100%
[17:05:06 INFO]: Prepared spawn area in 656 ms
[17:05:06 INFO]: Done preparing level "world" (5.890s)
[17:05:06 INFO]: [Chunky] Enabling Chunky v1.5.3
[17:05:06 INFO]: [spark] Starting background profiler...
[17:05:06 INFO]: Starting remote control listener
[17:05:06 INFO]: Thread RCON Listener started
[17:05:06 INFO]: RCON running on 0.0.0.0:25575
[17:05:06 INFO]: Saving chunks for level 'ServerLevel[world]'/minecraft:overworld
[17:05:06 INFO]: Saving chunks for level 'ServerLevel[world]'/minecraft:the_nether
[17:05:06 INFO]: ThreadedAnvilChunkStorage (world): All chunks are saved
[17:05:06 INFO]: ThreadedAnvilChunkStorage (DIM-1): All chunks are saved
[17:05:06 INFO]: ThreadedAnvilChunkStorage: All dimensions are saved
[17:05:06 INFO]: Running delayed init tasks
[17:05:06 INFO]: Done (15.853s)! For help, type "help"
[17:05:06 INFO]: Thread RCON Client /127.0.0.1 started
[17:05:06 WARN]: *************************************************************************************
[17:05:06 WARN]: You are running the latest build for your Minecraft version (26.1.2)
[17:05:06 WARN]: However, you are 2 release(s) behind the latest stable release (26.2)!
[17:05:06 WARN]: It is recommended that you update as soon as possible
[17:05:06 WARN]: https://papermc.io/downloads/paper
[17:05:06 WARN]: *************************************************************************************
[17:05:06 INFO]: Thread RCON Client /127.0.0.1 shutting down
[17:05:07 INFO]: Thread RCON Client /127.0.0.1 started
[17:05:07 INFO]: Thread RCON Client /127.0.0.1 shutting down
[17:05:07 INFO]: Thread RCON Client /127.0.0.1 started
[17:05:07 INFO]: Thread RCON Client /127.0.0.1 shutting down
[17:05:07 INFO]: Thread RCON Client /127.0.0.1 started
[17:05:07 INFO]: Thread RCON Client /127.0.0.1 shutting down
[17:05:07 INFO]: Thread RCON Client /127.0.0.1 started
[17:05:07 INFO]: Thread RCON Client /127.0.0.1 shutting down
[17:05:08 INFO]: [Chunky] Task running for world. Processed: 2 chunks (0.03%), ETA: 1:17:53, Rate: 1.4 cps, Current: 1, 1
[17:05:09 INFO]: [Chunky] Task running for world. Processed: 35 chunks (0.53%), ETA: 0:07:48, Rate: 13.9 cps, Current: 3, 1
[17:05:10 INFO]: [Chunky] Task running for world. Processed: 64 chunks (0.98%), ETA: 0:05:59, Rate: 18.1 cps, Current: 5, 0
[17:05:11 INFO]: [Chunky] Task running for world. Processed: 98 chunks (1.49%), ETA: 0:05:01, Rate: 21.5 cps, Current: 11, 0
[17:05:12 INFO]: [Chunky] Task running for world. Processed: 144 chunks (2.19%), ETA: 0:04:11, Rate: 25.5 cps, Current: 14, 8
[17:05:13 INFO]: [Chunky] Task running for world. Processed: 180 chunks (2.74%), ETA: 0:03:57, Rate: 26.8 cps, Current: 7, 12
[17:05:14 INFO]: [Chunky] Task running for world. Processed: 231 chunks (3.52%), ETA: 0:03:31, Rate: 29.9 cps, Current: 2, 10
[17:05:15 INFO]: [Chunky] Task running for world. Processed: 268 chunks (4.08%), ETA: 0:03:25, Rate: 30.7 cps, Current: 3, 18
[17:05:16 INFO]: [Chunky] Task running for world. Processed: 299 chunks (4.56%), ETA: 0:03:24, Rate: 30.6 cps, Current: 3, 22
[17:05:18 INFO]: [Chunky] Task running for world. Processed: 323 chunks (4.92%), ETA: 0:03:28, Rate: 29.9 cps, Current: 0, 22
[17:05:19 INFO]: [Chunky] Task running for world. Processed: 359 chunks (5.47%), ETA: 0:03:24, Rate: 30.4 cps, Current: 0, 29
[17:05:20 INFO]: [Chunky] Task running for world. Processed: 401 chunks (6.11%), ETA: 0:03:17, Rate: 31.2 cps, Current: 8, 30
[17:05:21 INFO]: [Chunky] Task running for world. Processed: 427 chunks (6.51%), ETA: 0:03:18, Rate: 30.8 cps, Current: 13, 26
[17:05:22 INFO]: [Chunky] Task running for world. Processed: 487 chunks (7.42%), ETA: 0:03:05, Rate: 32.7 cps, Current: 11, 20
[17:05:23 INFO]: [Chunky] Task running for world. Processed: 521 chunks (7.94%), ETA: 0:03:04, Rate: 32.8 cps, Current: 18, 19
[17:05:24 INFO]: [Chunky] Task running for world. Processed: 564 chunks (8.60%), ETA: 0:02:59, Rate: 33.3 cps, Current: 20, 16
[17:05:25 INFO]: [Chunky] Task running for world. Processed: 619 chunks (9.43%), ETA: 0:02:52, Rate: 34.5 cps, Current: 23, 24
[17:05:26 INFO]: [Chunky] Task running for world. Processed: 655 chunks (9.98%), ETA: 0:02:51, Rate: 34.5 cps, Current: 26, 27
[17:05:27 INFO]: [Chunky] Task running for world. Processed: 691 chunks (10.53%), ETA: 0:02:49, Rate: 34.5 cps, Current: 29, 23
[17:05:28 INFO]: [Chunky] Task running for world. Processed: 746 chunks (11.37%), ETA: 0:02:43, Rate: 35.5 cps, Current: 27, 19
[17:05:29 INFO]: [Chunky] Task running for world. Processed: 771 chunks (11.75%), ETA: 0:02:46, Rate: 34.8 cps, Current: 31, 18
[17:05:30 INFO]: [Chunky] Task running for world. Processed: 816 chunks (12.44%), ETA: 0:02:43, Rate: 35.2 cps, Current: 31, 10
[17:05:31 INFO]: [Chunky] Task running for world. Processed: 846 chunks (12.89%), ETA: 0:02:44, Rate: 34.8 cps, Current: 24, 10
[17:05:32 INFO]: [Chunky] Task running for world. Processed: 906 chunks (13.81%), ETA: 0:02:37, Rate: 35.8 cps, Current: 21, 6
[17:05:33 INFO]: [Chunky] Task running for world. Processed: 965 chunks (14.71%), ETA: 0:02:32, Rate: 36.6 cps, Current: 21, 1
[17:05:34 INFO]: [Chunky] Task running for world. Processed: 1011 chunks (15.41%), ETA: 0:02:30, Rate: 36.8 cps, Current: 32, 7
[17:05:35 INFO]: [Chunky] Task running for world. Processed: 1057 chunks (16.11%), ETA: 0:02:28, Rate: 37.1 cps, Current: 33, 9
[17:05:36 INFO]: [Chunky] Task running for world. Processed: 1106 chunks (16.86%), ETA: 0:02:25, Rate: 37.5 cps, Current: 34, 21
[17:05:37 INFO]: [Chunky] Task running for world. Processed: 1153 chunks (17.57%), ETA: 0:02:16, Rate: 39.5 cps, Current: 36, 5
[17:05:38 INFO]: [Chunky] Task running for world. Processed: 1200 chunks (18.29%), ETA: 0:02:13, Rate: 40.1 cps, Current: 37, 16
[17:05:39 INFO]: [Chunky] Task running for world. Processed: 1236 chunks (18.84%), ETA: 0:02:12, Rate: 40.3 cps, Current: 38, 19
[17:05:41 INFO]: [Chunky] Task running for world. Processed: 1281 chunks (19.52%), ETA: 0:02:10, Rate: 40.4 cps, Current: 40, 5
[17:05:42 INFO]: [Chunky] Task running for world. Processed: 1313 chunks (20.01%), ETA: 0:02:13, Rate: 39.2 cps, Current: 32, -1
[17:05:43 INFO]: [Chunky] Task running for world. Processed: 1314 chunks (20.03%), ETA: 0:02:18, Rate: 37.8 cps, Current: 32, -2
[17:05:45 INFO]: [Chunky] Task running for world. Processed: 1350 chunks (20.58%), ETA: 0:02:20, Rate: 37.2 cps, Current: 33, -27
[17:05:46 INFO]: [Chunky] Task running for world. Processed: 1404 chunks (21.40%), ETA: 0:02:16, Rate: 37.8 cps, Current: 34, -6
[17:05:47 INFO]: [Chunky] Task running for world. Processed: 1468 chunks (22.37%), ETA: 0:02:10, Rate: 39.1 cps, Current: 36, -1
[17:05:48 INFO]: [Chunky] Task running for world. Processed: 1519 chunks (23.15%), ETA: 0:02:07, Rate: 39.6 cps, Current: 38, -18
[17:05:49 INFO]: [Chunky] Task running for world. Processed: 1569 chunks (23.91%), ETA: 0:02:05, Rate: 39.8 cps, Current: 40, -28
[17:05:51 INFO]: [Chunky] Task running for world. Processed: 1601 chunks (24.40%), ETA: 0:02:11, Rate: 37.6 cps, Current: 2, -27
[17:05:52 INFO]: [Chunky] Task running for world. Processed: 1646 chunks (25.09%), ETA: 0:02:09, Rate: 38.0 cps, Current: 5, -30
[17:05:53 INFO]: [Chunky] Task running for world. Processed: 1667 chunks (25.41%), ETA: 0:02:11, Rate: 37.2 cps, Current: 11, -30
[17:05:54 INFO]: [Chunky] Task running for world. Processed: 1704 chunks (25.97%), ETA: 0:02:12, Rate: 36.6 cps, Current: 8, -26
[17:05:55 INFO]: [Chunky] Task running for world. Processed: 1739 chunks (26.51%), ETA: 0:02:11, Rate: 36.6 cps, Current: 9, -22
[17:05:56 INFO]: [Chunky] Task running for world. Processed: 1774 chunks (27.04%), ETA: 0:02:11, Rate: 36.5 cps, Current: 8, -19
[17:05:57 INFO]: [Chunky] Task running for world. Processed: 1826 chunks (27.83%), ETA: 0:02:09, Rate: 36.4 cps, Current: 4, -21
[17:05:58 INFO]: [Chunky] Task running for world. Processed: 1864 chunks (28.41%), ETA: 0:02:06, Rate: 37.0 cps, Current: 1, -14
[17:05:59 INFO]: [Chunky] Task running for world. Processed: 1893 chunks (28.85%), ETA: 0:02:07, Rate: 36.5 cps, Current: 2, -12
[17:06:00 INFO]: [Chunky] Task running for world. Processed: 1938 chunks (29.54%), ETA: 0:02:04, Rate: 37.1 cps, Current: 3, -2
[17:06:01 INFO]: [Chunky] Task running for world. Processed: 2007 chunks (30.59%), ETA: 0:02:01, Rate: 37.4 cps, Current: 14, -1
[17:06:03 INFO]: [Chunky] Task running for world. Processed: 2078 chunks (31.67%), ETA: 0:01:58, Rate: 37.8 cps, Current: 10, -16
[17:06:04 INFO]: [Chunky] Task running for world. Processed: 2115 chunks (32.24%), ETA: 0:01:58, Rate: 37.4 cps, Current: 16, -14
[17:06:05 INFO]: [Chunky] Task running for world. Processed: 2159 chunks (32.91%), ETA: 0:01:58, Rate: 37.3 cps, Current: 16, -9
[17:06:06 INFO]: [Chunky] Task running for world. Processed: 2227 chunks (33.94%), ETA: 0:01:54, Rate: 38.0 cps, Current: 22, -8
[17:06:07 INFO]: [Chunky] Task running for world. Processed: 2310 chunks (35.21%), ETA: 0:01:48, Rate: 39.3 cps, Current: 24, -9
[17:06:08 INFO]: [Chunky] Task running for world. Processed: 2386 chunks (36.37%), ETA: 0:01:43, Rate: 40.2 cps, Current: 29, -20
[17:06:09 INFO]: [Chunky] Task running for world. Processed: 2444 chunks (37.25%), ETA: 0:01:40, Rate: 41.0 cps, Current: 21, -19
[17:06:10 INFO]: [Chunky] Task running for world. Processed: 2518 chunks (38.38%), ETA: 0:01:35, Rate: 42.3 cps, Current: 16, -30
[17:06:11 INFO]: [Chunky] Task running for world. Processed: 2602 chunks (39.66%), ETA: 0:01:27, Rate: 45.2 cps, Current: 30, -29
[17:06:14 INFO]: [Chunky] Task running for world. Processed: 2625 chunks (40.01%), ETA: 0:01:29, Rate: 43.7 cps, Current: -30, -27
[17:06:15 INFO]: [Chunky] Task running for world. Processed: 2653 chunks (40.44%), ETA: 0:01:31, Rate: 42.9 cps, Current: -29, -30
[17:06:16 INFO]: [Chunky] Task running for world. Processed: 2689 chunks (40.98%), ETA: 0:01:32, Rate: 41.8 cps, Current: -23, -30
[17:06:17 INFO]: [Chunky] Task running for world. Processed: 2735 chunks (41.69%), ETA: 0:01:31, Rate: 41.7 cps, Current: -20, -32
[17:06:18 INFO]: [Chunky] Task running for world. Processed: 2776 chunks (42.31%), ETA: 0:01:31, Rate: 41.4 cps, Current: -20, -21
[17:06:19 INFO]: [Chunky] Task running for world. Processed: 2826 chunks (43.07%), ETA: 0:01:24, Rate: 44.1 cps, Current: -27, -24
[17:06:20 INFO]: [Chunky] Task running for world. Processed: 2864 chunks (43.65%), ETA: 0:01:24, Rate: 43.8 cps, Current: -30, -20
[17:06:21 INFO]: [Chunky] Task running for world. Processed: 2894 chunks (44.11%), ETA: 0:01:24, Rate: 43.3 cps, Current: -28, -14
[17:06:22 INFO]: [Chunky] Task running for world. Processed: 2928 chunks (44.63%), ETA: 0:01:24, Rate: 42.8 cps, Current: -32, -12
[17:06:23 INFO]: [Chunky] Task running for world. Processed: 2945 chunks (44.89%), ETA: 0:01:24, Rate: 42.7 cps, Current: -30, -7
[17:06:24 INFO]: [Chunky] Task running for world. Processed: 2981 chunks (45.44%), ETA: 0:01:23, Rate: 42.7 cps, Current: -30, -2
[17:06:25 INFO]: [Chunky] Task running for world. Processed: 3020 chunks (46.03%), ETA: 0:01:22, Rate: 42.8 cps, Current: -23, -5
[17:06:26 INFO]: [Chunky] Task running for world. Processed: 3049 chunks (46.47%), ETA: 0:01:22, Rate: 42.7 cps, Current: -19, -5
[17:06:27 INFO]: [Chunky] Task running for world. Processed: 3120 chunks (47.55%), ETA: 0:01:19, Rate: 43.3 cps, Current: -19, -16
[17:06:28 INFO]: [Chunky] Task running for world. Processed: 3143 chunks (47.90%), ETA: 0:01:19, Rate: 42.8 cps, Current: -14, -14
[17:06:29 INFO]: [Chunky] Task running for world. Processed: 3190 chunks (48.62%), ETA: 0:01:17, Rate: 43.5 cps, Current: -15, -8
[17:06:30 INFO]: [Chunky] Task running for world. Processed: 3246 chunks (49.47%), ETA: 0:01:15, Rate: 43.8 cps, Current: -14, -1
[17:06:31 INFO]: [Chunky] Task running for world. Processed: 3296 chunks (50.24%), ETA: 0:01:15, Rate: 43.2 cps, Current: -1, -5
[17:06:32 INFO]: [Chunky] Task running for world. Processed: 3379 chunks (51.50%), ETA: 0:01:12, Rate: 43.7 cps, Current: -7, -15
[17:06:33 INFO]: [Chunky] Task running for world. Processed: 3435 chunks (52.35%), ETA: 0:01:10, Rate: 44.5 cps, Current: -8, -17
[17:06:34 INFO]: [Chunky] Task running for world. Processed: 3521 chunks (53.67%), ETA: 0:01:06, Rate: 46.0 cps, Current: -9, -25
[17:06:35 INFO]: [Chunky] Task running for world. Processed: 3571 chunks (54.43%), ETA: 0:01:05, Rate: 45.4 cps, Current: -11, -30
[17:06:36 INFO]: [Chunky] Task running for world. Processed: 3642 chunks (55.51%), ETA: 0:01:05, Rate: 44.9 cps, Current: -7, -32
[17:06:38 INFO]: [Chunky] Task running for world. Processed: 3653 chunks (55.68%), ETA: 0:01:08, Rate: 42.7 cps, Current: -30, 1
[17:06:39 INFO]: [Chunky] Task running for world. Processed: 3694 chunks (56.30%), ETA: 0:01:10, Rate: 40.5 cps, Current: -32, 3
[17:06:40 INFO]: [Chunky] Task running for world. Processed: 3730 chunks (56.85%), ETA: 0:01:13, Rate: 38.7 cps, Current: -21, 2
[17:06:41 INFO]: [Chunky] Task running for world. Processed: 3779 chunks (57.60%), ETA: 0:01:05, Rate: 42.3 cps, Current: -24, 9
[17:06:42 INFO]: [Chunky] Task running for world. Processed: 3813 chunks (58.12%), ETA: 0:01:05, Rate: 41.9 cps, Current: -18, 12
[17:06:43 INFO]: [Chunky] Task running for world. Processed: 3862 chunks (58.86%), ETA: 0:01:04, Rate: 42.1 cps, Current: -23, 15
[17:06:44 INFO]: [Chunky] Task running for world. Processed: 3900 chunks (59.44%), ETA: 0:01:02, Rate: 42.6 cps, Current: -26, 16
[17:06:45 INFO]: [Chunky] Task running for world. Processed: 3935 chunks (59.98%), ETA: 0:01:01, Rate: 42.6 cps, Current: -26, 19
[17:06:46 INFO]: [Chunky] Task running for world. Processed: 3960 chunks (60.36%), ETA: 0:01:02, Rate: 41.8 cps, Current: -25, 22
[17:06:47 INFO]: [Chunky] Task running for world. Processed: 3999 chunks (60.95%), ETA: 0:01:01, Rate: 41.7 cps, Current: -27, 25
[17:06:49 INFO]: [Chunky] Task running for world. Processed: 4050 chunks (61.73%), ETA: 0:01:00, Rate: 41.6 cps, Current: -22, 29
[17:06:50 INFO]: [Chunky] Task running for world. Processed: 4084 chunks (62.25%), ETA: 0:00:59, Rate: 41.6 cps, Current: -20, 23
[17:06:51 INFO]: [Chunky] Task running for world. Processed: 4161 chunks (63.42%), ETA: 0:00:55, Rate: 43.0 cps, Current: -16, 17
[17:06:52 INFO]: [Chunky] Task running for world. Processed: 4192 chunks (63.89%), ETA: 0:00:55, Rate: 42.9 cps, Current: -13, 17
[17:06:53 INFO]: [Chunky] Task running for world. Processed: 4241 chunks (64.64%), ETA: 0:00:52, Rate: 44.0 cps, Current: -13, 24
[17:06:54 INFO]: [Chunky] Task running for world. Processed: 4278 chunks (65.20%), ETA: 0:00:51, Rate: 44.1 cps, Current: -10, 27
[17:06:55 INFO]: [Chunky] Task running for world. Processed: 4342 chunks (66.18%), ETA: 0:00:49, Rate: 44.8 cps, Current: -3, 25
[17:06:56 INFO]: [Chunky] Task running for world. Processed: 4414 chunks (67.28%), ETA: 0:00:46, Rate: 46.2 cps, Current: -1, 15
[17:06:57 INFO]: [Chunky] Task running for world. Processed: 4458 chunks (67.95%), ETA: 0:00:46, Rate: 45.2 cps, Current: -7, 15
[17:06:58 INFO]: [Chunky] Task running for world. Processed: 4532 chunks (69.07%), ETA: 0:00:43, Rate: 46.9 cps, Current: -9, 9
[17:06:59 INFO]: [Chunky] Task running for world. Processed: 4614 chunks (70.32%), ETA: 0:00:40, Rate: 48.1 cps, Current: -8, 7
[17:07:00 INFO]: [Chunky] Task running for world. Processed: 4673 chunks (71.22%), ETA: 0:00:39, Rate: 47.8 cps, Current: -30, 32
[17:07:01 INFO]: [Chunky] Task running for world. Processed: 4708 chunks (71.76%), ETA: 0:00:39, Rate: 47.3 cps, Current: -28, 36
[17:07:02 INFO]: [Chunky] Task running for world. Processed: 4767 chunks (72.66%), ETA: 0:00:38, Rate: 46.5 cps, Current: -22, 37
[17:07:03 INFO]: [Chunky] Task running for world. Processed: 4815 chunks (73.39%), ETA: 0:00:37, Rate: 46.3 cps, Current: -18, 39
[17:07:04 INFO]: [Chunky] Task running for world. Processed: 4866 chunks (74.17%), ETA: 0:00:37, Rate: 45.1 cps, Current: -11, 36
[17:07:05 INFO]: [Chunky] Task running for world. Processed: 4919 chunks (74.97%), ETA: 0:00:36, Rate: 45.3 cps, Current: -5, 36
[17:07:06 INFO]: [Chunky] Task running for world. Processed: 4966 chunks (75.69%), ETA: 0:00:35, Rate: 44.5 cps, Current: 0, 37
[17:07:07 INFO]: [Chunky] Task running for world. Processed: 5015 chunks (76.44%), ETA: 0:00:33, Rate: 45.9 cps, Current: 7, 33
[17:07:08 INFO]: [Chunky] Task running for world. Processed: 5059 chunks (77.11%), ETA: 0:00:32, Rate: 46.5 cps, Current: 9, 39
[17:07:09 INFO]: [Chunky] Task running for world. Processed: 5098 chunks (77.70%), ETA: 0:00:31, Rate: 46.7 cps, Current: 15, 35
[17:07:10 INFO]: [Chunky] Task running for world. Processed: 5147 chunks (78.45%), ETA: 0:00:30, Rate: 46.7 cps, Current: 20, 38
[17:07:11 INFO]: [Chunky] Task running for world. Processed: 5198 chunks (79.23%), ETA: 0:00:28, Rate: 47.4 cps, Current: 26, 36
[17:07:12 INFO]: [Chunky] Task running for world. Processed: 5251 chunks (80.03%), ETA: 0:00:27, Rate: 47.6 cps, Current: 32, 35
[17:07:13 INFO]: [Chunky] Task running for world. Processed: 5306 chunks (80.87%), ETA: 0:00:26, Rate: 48.2 cps, Current: 35, 40
[17:07:14 INFO]: [Chunky] Task running for world. Processed: 5327 chunks (81.19%), ETA: 0:00:25, Rate: 47.8 cps, Current: 39, 40
[17:07:16 INFO]: [Chunky] Task running for world. Processed: 5368 chunks (81.82%), ETA: 0:00:24, Rate: 48.1 cps, Current: 38, -33
[17:07:17 INFO]: [Chunky] Task running for world. Processed: 5397 chunks (82.26%), ETA: 0:00:24, Rate: 47.8 cps, Current: 38, -40
[17:07:18 INFO]: [Chunky] Task running for world. Processed: 5437 chunks (82.87%), ETA: 0:00:23, Rate: 47.5 cps, Current: 5, -34
[17:07:19 INFO]: [Chunky] Task running for world. Processed: 5498 chunks (83.80%), ETA: 0:00:21, Rate: 48.5 cps, Current: 12, -36
[17:07:20 INFO]: [Chunky] Task running for world. Processed: 5560 chunks (84.74%), ETA: 0:00:20, Rate: 48.3 cps, Current: 18, -39
[17:07:21 INFO]: [Chunky] Task running for world. Processed: 5651 chunks (86.13%), ETA: 0:00:18, Rate: 50.2 cps, Current: 25, -40
[17:07:22 INFO]: [Chunky] Task running for world. Processed: 5663 chunks (86.31%), ETA: 0:00:18, Rate: 48.7 cps, Current: -29, -34
[17:07:23 INFO]: [Chunky] Task running for world. Processed: 5699 chunks (86.86%), ETA: 0:00:17, Rate: 48.6 cps, Current: -26, -35
[17:07:24 INFO]: [Chunky] Task running for world. Processed: 5745 chunks (87.56%), ETA: 0:00:16, Rate: 48.1 cps, Current: -21, -35
[17:07:25 INFO]: [Chunky] Task running for world. Processed: 5798 chunks (88.37%), ETA: 0:00:15, Rate: 47.8 cps, Current: -14, -34
[17:07:26 INFO]: [Chunky] Task running for world. Processed: 5849 chunks (89.15%), ETA: 0:00:14, Rate: 47.8 cps, Current: -8, -35
[17:07:28 INFO]: [Chunky] Task running for world. Processed: 5914 chunks (90.14%), ETA: 0:00:13, Rate: 46.4 cps, Current: -37, -37
[17:07:29 INFO]: [Chunky] Task running for world. Processed: 5958 chunks (90.81%), ETA: 0:00:13, Rate: 45.1 cps, Current: -35, -40
[17:07:30 INFO]: [Chunky] Task running for world. Processed: 5978 chunks (91.11%), ETA: 0:00:13, Rate: 43.8 cps, Current: -40, -32
[17:07:31 INFO]: [Chunky] Task running for world. Processed: 5980 chunks (91.14%), ETA: 0:00:13, Rate: 41.6 cps, Current: -40, -31
[17:07:32 INFO]: [Chunky] Task running for world. Processed: 5991 chunks (91.31%), ETA: 0:00:14, Rate: 40.3 cps, Current: -40, -21
[17:07:33 INFO]: [Chunky] Task running for world. Processed: 6034 chunks (91.97%), ETA: 0:00:13, Rate: 40.0 cps, Current: -38, -28
[17:07:34 INFO]: [Chunky] Task running for world. Processed: 6136 chunks (93.52%), ETA: 0:00:10, Rate: 41.7 cps, Current: -36, -11
[17:07:36 INFO]: [Chunky] Task running for world. Processed: 6234 chunks (95.02%), ETA: 0:00:07, Rate: 43.3 cps, Current: -40, 0
[17:07:37 INFO]: [Chunky] Task running for world. Processed: 6236 chunks (95.05%), ETA: 0:00:07, Rate: 41.4 cps, Current: -40, 1
[17:07:38 INFO]: [Chunky] Task running for world. Processed: 6240 chunks (95.11%), ETA: 0:00:08, Rate: 39.8 cps, Current: -39, 3
[17:07:39 INFO]: [Chunky] Task running for world. Processed: 6286 chunks (95.81%), ETA: 0:00:06, Rate: 40.1 cps, Current: -39, 20
[17:07:40 INFO]: [Chunky] Task running for world. Processed: 6377 chunks (97.20%), ETA: 0:00:04, Rate: 41.5 cps, Current: -35, 0
[17:07:41 INFO]: [Chunky] Task running for world. Processed: 6490 chunks (98.92%), ETA: 0:00:01, Rate: 43.5 cps, Current: -40, 32
[17:07:42 INFO]: [Chunky] Task finished for world. Processed: 6561 chunks (100.00%), Total time: 0:02:35
[17:07:42 INFO]: Thread RCON Client /127.0.0.1 started
[17:07:42 INFO]: [3m[37m[Rcon: Stopping the server][0m
[17:07:42 INFO]: Stopping server
[17:07:42 INFO]: Thread RCON Client /127.0.0.1 shutting down
[17:07:42 INFO]: [Chunky] Disabling Chunky v1.5.3
[17:07:42 INFO]: Saving players
[17:07:42 INFO]: Saving worlds
[17:07:42 INFO]: Saving chunks for level 'ServerLevel[world]'/minecraft:overworld
[17:07:42 INFO]: [ChunkHolderManager] Waiting 60s for chunk system to halt for world 'minecraft:overworld'
[17:07:42 INFO]: [ChunkHolderManager] Halted chunk system for world 'minecraft:overworld'
[17:07:42 INFO]: [ChunkHolderManager] Saving all chunkholders for world 'minecraft:overworld'
[17:07:42 INFO]: [ChunkHolderManager] Saved 592 block chunks, 120 entity chunks, 0 poi chunks in world 'minecraft:overworld' in 0.26s
[17:07:42 INFO]: [ChunkHolderManager] Waiting 60s for chunk I/O to halt for world 'minecraft:overworld'
[17:07:42 INFO]: [ChunkHolderManager] Halted I/O scheduler for world 'minecraft:overworld'
[17:07:42 INFO]: Saving chunks for level 'ServerLevel[world]'/minecraft:the_nether
[17:07:42 INFO]: [ChunkHolderManager] Waiting 60s for chunk system to halt for world 'minecraft:the_nether'
[17:07:42 INFO]: [ChunkHolderManager] Halted chunk system for world 'minecraft:the_nether'
[17:07:42 INFO]: [ChunkHolderManager] Saving all chunkholders for world 'minecraft:the_nether'
[17:07:42 INFO]: [ChunkHolderManager] Saved 0 block chunks, 0 entity chunks, 0 poi chunks in world 'minecraft:the_nether' in 0.00s
[17:07:42 INFO]: [ChunkHolderManager] Waiting 60s for chunk I/O to halt for world 'minecraft:the_nether'
[17:07:42 INFO]: [ChunkHolderManager] Halted I/O scheduler for world 'minecraft:the_nether'
[17:07:42 INFO]: ThreadedAnvilChunkStorage (world): All chunks are saved
[17:07:42 INFO]: ThreadedAnvilChunkStorage (DIM-1): All chunks are saved
[17:07:42 INFO]: ThreadedAnvilChunkStorage: All dimensions are saved
[17:07:42 INFO]: Waiting for all RegionFile I/O tasks to complete...
[17:07:42 INFO]: All RegionFile I/O tasks to complete
[17:07:42 INFO]: [MoonriseCommon] Awaiting termination of worker pool for up to 60s...
[17:07:42 INFO]: [MoonriseCommon] Awaiting termination of I/O pool for up to 60s...
